Component: Arm Compiler for Embedded 6.23 Tool: armlink [5f102400]

==============================================================================

Section Cross References

    startup_stm32u575xx.o(RESET) refers to startup_stm32u575xx.o(STACK) for __initial_sp
    startup_stm32u575xx.o(RESET) refers to startup_stm32u575xx.o(.text) for Reset_Handler
    startup_stm32u575xx.o(RESET) refers to stm32u5xx_it.o(.text.NMI_Handler) for NMI_Handler
    startup_stm32u575xx.o(RESET) refers to stm32u5xx_it.o(.text.HardFault_Handler) for HardFault_Handler
    startup_stm32u575xx.o(RESET) refers to stm32u5xx_it.o(.text.MemManage_Handler) for MemManage_Handler
    startup_stm32u575xx.o(RESET) refers to stm32u5xx_it.o(.text.BusFault_Handler) for BusFault_Handler
    startup_stm32u575xx.o(RESET) refers to stm32u5xx_it.o(.text.UsageFault_Handler) for UsageFault_Handler
    startup_stm32u575xx.o(RESET) refers to portasm.o(.text.SVC_Handler) for SVC_Handler
    startup_stm32u575xx.o(RESET) refers to stm32u5xx_it.o(.text.DebugMon_Handler) for DebugMon_Handler
    startup_stm32u575xx.o(RESET) refers to portasm.o(.text.PendSV_Handler) for PendSV_Handler
    startup_stm32u575xx.o(RESET) refers to cmsis_os2.o(.text.SysTick_Handler) for SysTick_Handler
    startup_stm32u575xx.o(RESET) refers to stm32u5xx_it.o(.text.EXTI1_IRQHandler) for EXTI1_IRQHandler
    startup_stm32u575xx.o(RESET) refers to stm32u5xx_it.o(.text.EXTI12_IRQHandler) for EXTI12_IRQHandler
    startup_stm32u575xx.o(RESET) refers to stm32u5xx_it.o(.text.GPDMA1_Channel0_IRQHandler) for GPDMA1_Channel0_IRQHandler
    startup_stm32u575xx.o(RESET) refers to stm32u5xx_it.o(.text.GPDMA1_Channel1_IRQHandler) for GPDMA1_Channel1_IRQHandler
    startup_stm32u575xx.o(RESET) refers to stm32u5xx_it.o(.text.TIM6_IRQHandler) for TIM6_IRQHandler
    startup_stm32u575xx.o(RESET) refers to stm32u5xx_it.o(.text.USART3_IRQHandler) for USART3_IRQHandler
    startup_stm32u575xx.o(RESET) refers to stm32u5xx_it.o(.text.RNG_IRQHandler) for RNG_IRQHandler
    startup_stm32u575xx.o(.text) refers to system_stm32u5xx.o(.text.SystemInit) for SystemInit
    startup_stm32u575xx.o(.text) refers to entry.o(.ARM.Collect$$$$00000000) for __main
    app_main.o(.text.App_Main_Init) refers to huawei_iot_app.o(.text.HuaweiIoT_Init) for HuaweiIoT_Init
    app_main.o(.text.App_Main_Init) refers to device_manager.o(.text.DeviceManager_Init) for DeviceManager_Init
    app_main.o(.text.App_Main_Init) refers to task_monitor.o(.text.TaskMonitor_Init) for TaskMonitor_Init
    app_main.o(.ARM.exidx.text.App_Main_Init) refers to app_main.o(.text.App_Main_Init) for [Anonymous Symbol]
    app_main.o(.text.App_Main_Task) refers to app_main.o(.bss..L_MergedGlobals) for .L_MergedGlobals
    app_main.o(.text.App_Main_Task) refers to main.o(.bss..L_MergedGlobals) for hiwdg
    app_main.o(.text.App_Main_Task) refers to puts.o(i.puts) for puts
    app_main.o(.text.App_Main_Task) refers to device_manager.o(.text.DeviceManager_SetCloudOnlineStatus) for DeviceManager_SetCloudOnlineStatus
    app_main.o(.text.App_Main_Task) refers to at_handler.o(.text.AT_DeInit) for AT_DeInit
    app_main.o(.text.App_Main_Task) refers to cmsis_os2.o(.text.osDelay) for osDelay
    app_main.o(.text.App_Main_Task) refers to app_main.o(.rodata.str1.1) for .Lstr.31
    app_main.o(.text.App_Main_Task) refers to main.o(.bss.huart3) for huart3
    app_main.o(.text.App_Main_Task) refers to main.o(.bss.handle_GPDMA1_Channel0) for handle_GPDMA1_Channel0
    app_main.o(.text.App_Main_Task) refers to main.o(.bss.handle_GPDMA1_Channel1) for handle_GPDMA1_Channel1
    app_main.o(.text.App_Main_Task) refers to at_handler.o(.text.AT_Init) for AT_Init
    app_main.o(.text.App_Main_Task) refers to app_main.o(.rodata.urc_table) for urc_table
    app_main.o(.text.App_Main_Task) refers to at_handler.o(.text.AT_RegisterURCCallbacks) for AT_RegisterURCCallbacks
    app_main.o(.text.App_Main_Task) refers to stm32u5xx_hal_iwdg.o(.text.HAL_IWDG_Refresh) for HAL_IWDG_Refresh
    app_main.o(.text.App_Main_Task) refers to at_handler.o(.text.AT_SendBasicCommand) for AT_SendBasicCommand
    app_main.o(.text.App_Main_Task) refers to task_monitor.o(.text.TaskMonitor_FeedDogIfAllOk) for TaskMonitor_FeedDogIfAllOk
    app_main.o(.text.App_Main_Task) refers to task_monitor.o(.text.TaskMonitor_CheckIn) for TaskMonitor_CheckIn
    app_main.o(.text.App_Main_Task) refers to huawei_iot_app.o(.text.HuaweiIoT_PublishGatewayReport) for HuaweiIoT_PublishGatewayReport
    app_main.o(.text.App_Main_Task) refers to memseta.o(.text) for __aeabi_memclr4
    app_main.o(.text.App_Main_Task) refers to at_handler.o(.text.AT_SendCommand) for AT_SendCommand
    app_main.o(.text.App_Main_Task) refers to strstr.o(.text) for strstr
    app_main.o(.text.App_Main_Task) refers to huawei_iot_app.o(.text.HuaweiIoT_ConnectCloud) for HuaweiIoT_ConnectCloud
    app_main.o(.text.App_Main_Task) refers to huawei_iot_app.o(.text.HuaweiIoT_PublishAllSubDevicesOnline) for HuaweiIoT_PublishAllSubDevicesOnline
[...]
    TaskMonitor_Init                         0x0800adc9   Thumb Code    36  task_monitor.o(.text.TaskMonitor_Init)
    UART_AdvFeatureConfig                    0x0800aded   Thumb Code   230  stm32u5xx_hal_uart.o(.text.UART_AdvFeatureConfig)
    UART_CheckIdleState                      0x0800aed5   Thumb Code   362  stm32u5xx_hal_uart.o(.text.UART_CheckIdleState)
    UART_SetConfig                           0x0800b3c5   Thumb Code   522  stm32u5xx_hal_uart.o(.text.UART_SetConfig)
    UART_Start_Receive_DMA                   0x0800b5d1   Thumb Code   390  stm32u5xx_hal_uart.o(.text.UART_Start_Receive_DMA)
    UART_WaitOnFlagUntilTimeout              0x0800b759   Thumb Code   818  stm32u5xx_hal_uart.o(.text.UART_WaitOnFlagUntilTimeout)
    USART3_IRQHandler                        0x0800ba8d   Thumb Code    12  stm32u5xx_it.o(.text.USART3_IRQHandler)
    UsageFault_Handler                       0x0800ba99   Thumb Code     2  stm32u5xx_it.o(.text.UsageFault_Handler)
    cJSON_AddArrayToObject                   0x0800bd09   Thumb Code   164  cjson.o(.text.cJSON_AddArrayToObject)
    cJSON_AddBoolToObject                    0x0800bdad   Thumb Code   172  cjson.o(.text.cJSON_AddBoolToObject)
    cJSON_AddItemToArray                     0x0800be59   Thumb Code    56  cjson.o(.text.cJSON_AddItemToArray)
    cJSON_AddItemToObject                    0x0800be91   Thumb Code   148  cjson.o(.text.cJSON_AddItemToObject)
    cJSON_AddNumberToObject                  0x0800bf29   Thumb Code   280  cjson.o(.text.cJSON_AddNumberToObject)
    cJSON_AddObjectToObject                  0x0800c051   Thumb Code   164  cjson.o(.text.cJSON_AddObjectToObject)
    cJSON_AddStringToObject                  0x0800c0f5   Thumb Code   220  cjson.o(.text.cJSON_AddStringToObject)
    cJSON_CreateObject                       0x0800c1d1   Thumb Code    38  cjson.o(.text.cJSON_CreateObject)
    cJSON_Delete                             0x0800c1f9   Thumb Code    96  cjson.o(.text.cJSON_Delete)
    cJSON_GetObjectItem                      0x0800c259   Thumb Code   138  cjson.o(.text.cJSON_GetObjectItem)
    cJSON_InitHooks                          0x0800c2e5   Thumb Code   102  cjson.o(.text.cJSON_InitHooks)
    cJSON_IsFalse                            0x0800c34d   Thumb Code    20  cjson.o(.text.cJSON_IsFalse)
    cJSON_IsNumber                           0x0800c361   Thumb Code    20  cjson.o(.text.cJSON_IsNumber)
    cJSON_IsObject                           0x0800c375   Thumb Code    20  cjson.o(.text.cJSON_IsObject)
    cJSON_IsString                           0x0800c389   Thumb Code    20  cjson.o(.text.cJSON_IsString)
    cJSON_IsTrue                             0x0800c39d   Thumb Code    20  cjson.o(.text.cJSON_IsTrue)
    cJSON_Parse                              0x0800c3b1   Thumb Code    32  cjson.o(.text.cJSON_Parse)
    cJSON_ParseWithLengthOpts                0x0800c3d1   Thumb Code   454  cjson.o(.text.cJSON_ParseWithLengthOpts)
    cJSON_PrintUnformatted                   0x0800c599   Thumb Code     6  cjson.o(.text.cJSON_PrintUnformatted)
    eTaskGetState                            0x0800c5a9   Thumb Code   140  tasks.o(.text.eTaskGetState)
    format_location_string                   0x0800c6f9   Thumb Code    76  device_properties.o(.text.format_location_string)
    fputc                                    0x0800c759   Thumb Code    32  main.o(.text.fputc)
    generate_lora_frame                      0x0800c779   Thumb Code   186  lora_protocol.o(.text.generate_lora_frame)
    lora_model_parse_control_data            0x0800ccd9   Thumb Code    48  lora_protocol.o(.text.lora_model_parse_control_data)
    lora_model_parse_sensor_data_external    0x0800cd09   Thumb Code   456  lora_protocol.o(.text.lora_model_parse_sensor_data_external)
    lora_model_parse_sensor_data_internal    0x0800cee9   Thumb Code   480  lora_protocol.o(.text.lora_model_parse_sensor_data_internal)
    main                                     0x0800d0d5   Thumb Code  1412  main.o(.text.main)
    newLoRa                                  0x0800d6a9   Thumb Code    28  lora.o(.text.newLoRa)
    osDelay                                  0x0800d715   Thumb Code    64  cmsis_os2.o(.text.osDelay)
    osEventFlagsNew                          0x0800d755   Thumb Code    76  cmsis_os2.o(.text.osEventFlagsNew)
    osEventFlagsSet                          0x0800d7a1   Thumb Code   138  cmsis_os2.o(.text.osEventFlagsSet)
    osEventFlagsWait                         0x0800d82d   Thumb Code   136  cmsis_os2.o(.text.osEventFlagsWait)
    osKernelGetTickCount                     0x0800d8b5   Thumb Code    54  cmsis_os2.o(.text.osKernelGetTickCount)
    osKernelInitialize                       0x0800d8ed   Thumb Code    80  cmsis_os2.o(.text.osKernelInitialize)
    osKernelStart                            0x0800d93d   Thumb Code    96  cmsis_os2.o(.text.osKernelStart)
    osMessageQueueGet                        0x0800d99d   Thumb Code   178  cmsis_os2.o(.text.osMessageQueueGet)
    osMessageQueueGetCount                   0x0800da51   Thumb Code    64  cmsis_os2.o(.text.osMessageQueueGetCount)
    osMessageQueueNew                        0x0800da91   Thumb Code   162  cmsis_os2.o(.text.osMessageQueueNew)
    osMessageQueuePut                        0x0800db35   Thumb Code   174  cmsis_os2.o(.text.osMessageQueuePut)
    osMutexAcquire                           0x0800dbe5   Thumb Code   100  cmsis_os2.o(.text.osMutexAcquire)
    osMutexDelete                            0x0800dc49   Thumb Code    76  cmsis_os2.o(.text.osMutexDelete)
    osMutexNew                               0x0800dc95   Thumb Code   172  cmsis_os2.o(.text.osMutexNew)
    osMutexRelease                           0x0800dd41   Thumb Code    98  cmsis_os2.o(.text.osMutexRelease)
    osSemaphoreAcquire                       0x0800dda5   Thumb Code   144  cmsis_os2.o(.text.osSemaphoreAcquire)
    osSemaphoreDelete                        0x0800de35   Thumb Code    72  cmsis_os2.o(.text.osSemaphoreDelete)
    osSemaphoreNew                           0x0800de7d   Thumb Code   212  cmsis_os2.o(.text.osSemaphoreNew)
    osSemaphoreRelease                       0x0800df51   Thumb Code   122  cmsis_os2.o(.text.osSemaphoreRelease)
    osThreadNew                              0x0800dfcd   Thumb Code   246  cmsis_os2.o(.text.osThreadNew)
    osThreadTerminate                        0x0800e0c5   Thumb Code    84  cmsis_os2.o(.text.osThreadTerminate)
    parse_lora_frame                         0x0800e219   Thumb Code   280  lora_protocol.o(.text.parse_lora_frame)
    pvPortMalloc                             0x08010041   Thumb Code   432  heap_4.o(.text.pvPortMalloc)
    pvTaskIncrementMutexHeldCount            0x080101f1   Thumb Code    24  tasks.o(.text.pvTaskIncrementMutexHeldCount)
    pxPortInitialiseStack                    0x08010209   Thumb Code   110  port.o(.text.pxPortInitialiseStack)
    ulSetInterruptMask                       0x080103b9   Thumb Code    22  portasm.o(.text.ulSetInterruptMask)
    uxListRemove                             0x080104c5   Thumb Code    34  list.o(.text.uxListRemove)
    uxQueueMessagesWaiting                   0x080104e9   Thumb Code    26  queue.o(.text.uxQueueMessagesWaiting)
    uxQueueMessagesWaitingFromISR            0x08010505   Thumb Code    22  queue.o(.text.uxQueueMessagesWaitingFromISR)
    uxTaskGetNumberOfTasks                   0x0801051d   Thumb Code    12  tasks.o(.text.uxTaskGetNumberOfTasks)
    uxTaskGetStackHighWaterMark              0x08010529   Thumb Code    84  tasks.o(.text.uxTaskGetStackHighWaterMark)
    uxTaskResetEventItemValue                0x0801057d   Thumb Code    26  tasks.o(.text.uxTaskResetEventItemValue)
    vApplicationGetIdleTaskMemory            0x08010599   Thumb Code    28  cmsis_os2.o(.text.vApplicationGetIdleTaskMemory)
    vApplicationGetTimerTaskMemory           0x080105b5   Thumb Code    28  cmsis_os2.o(.text.vApplicationGetTimerTaskMemory)
    vClearInterruptMask                      0x080105d1   Thumb Code    14  portasm.o(.text.vClearInterruptMask)
    vEventGroupSetBitsCallback               0x080105e1   Thumb Code     4  event_groups.o(.text.vEventGroupSetBitsCallback)
    vListInitialise                          0x080105e5   Thumb Code    22  list.o(.text.vListInitialise)
    vListInitialiseItem                      0x080105fd   Thumb Code     6  list.o(.text.vListInitialiseItem)
    vListInsert                              0x08010605   Thumb Code    98  list.o(.text.vListInsert)
    vListInsertEnd                           0x08010669   Thumb Code    26  list.o(.text.vListInsertEnd)
    vPortEnterCritical                       0x08010685   Thumb Code    30  port.o(.text.vPortEnterCritical)
    vPortExitCritical                        0x080106a5   Thumb Code    46  port.o(.text.vPortExitCritical)
    vPortFree                                0x080106d5   Thumb Code   196  heap_4.o(.text.vPortFree)
    vPortSVCHandler_C                        0x08010799   Thumb Code    58  port.o(.text.vPortSVCHandler_C)
    vPortSetupTimerInterrupt                 0x080107d5   Thumb Code    52  port.o(.text.vPortSetupTimerInterrupt)
    vPortYield                               0x08010809   Thumb Code    24  port.o(.text.vPortYield)
    vQueueAddToRegistry                      0x08010821   Thumb Code   302  queue.o(.text.vQueueAddToRegistry)
    vQueueDelete                             0x08010951   Thumb Code   122  queue.o(.text.vQueueDelete)
    vQueueUnregisterQueue                    0x080109cd   Thumb Code   158  queue.o(.text.vQueueUnregisterQueue)
    vQueueWaitForMessageRestricted           0x08010a6d   Thumb Code    82  queue.o(.text.vQueueWaitForMessageRestricted)
    vRestoreContextOfFirstTask               0x08010ac1   Thumb Code    52  portasm.o(.text.vRestoreContextOfFirstTask)
    vStartFirstTask                          0x08010b01   Thumb Code    36  portasm.o(.text.vStartFirstTask)
    vTaskDelay                               0x08010b25   Thumb Code   116  tasks.o(.text.vTaskDelay)
    vTaskDelete                              0x08010b99   Thumb Code   202  tasks.o(.text.vTaskDelete)
    vTaskInternalSetTimeOutState             0x08010c65   Thumb Code    18  tasks.o(.text.vTaskInternalSetTimeOutState)
    vTaskMissedYield                         0x08010c79   Thumb Code    14  tasks.o(.text.vTaskMissedYield)
    vTaskPlaceOnEventList                    0x08010c89   Thumb Code   146  tasks.o(.text.vTaskPlaceOnEventList)
    vTaskPlaceOnEventListRestricted          0x08010d1d   Thumb Code   172  tasks.o(.text.vTaskPlaceOnEventListRestricted)
    vTaskPlaceOnUnorderedEventList           0x08010dc9   Thumb Code   190  tasks.o(.text.vTaskPlaceOnUnorderedEventList)
    vTaskPriorityDisinheritAfterTimeout      0x08010e89   Thumb Code   160  tasks.o(.text.vTaskPriorityDisinheritAfterTimeout)
    vTaskRemoveFromUnorderedEventList        0x08010f29   Thumb Code   186  tasks.o(.text.vTaskRemoveFromUnorderedEventList)
    vTaskStartScheduler                      0x08010fe5   Thumb Code   192  tasks.o(.text.vTaskStartScheduler)
    vTaskSuspendAll                          0x080110ad   Thumb Code    16  tasks.o(.text.vTaskSuspendAll)
    vTaskSwitchContext                       0x080110bd   Thumb Code   180  tasks.o(.text.vTaskSwitchContext)
    xEventGroupCreate                        0x08011171   Thumb Code    34  event_groups.o(.text.xEventGroupCreate)
    xEventGroupCreateStatic                  0x08011195   Thumb Code    54  event_groups.o(.text.xEventGroupCreateStatic)
    xEventGroupGetBitsFromISR                0x080111cd   Thumb Code    18  event_groups.o(.text.xEventGroupGetBitsFromISR)
    xEventGroupSetBits                       0x080111e1   Thumb Code   130  event_groups.o(.text.xEventGroupSetBits)
    xEventGroupSetBitsFromISR                0x08011265   Thumb Code    18  event_groups.o(.text.xEventGroupSetBitsFromISR)
    xEventGroupWaitBits                      0x08011279   Thumb Code   238  event_groups.o(.text.xEventGroupWaitBits)
    xPortGetFreeHeapSize                     0x08011369   Thumb Code    12  heap_4.o(.text.xPortGetFreeHeapSize)
    xPortGetMinimumEverFreeHeapSize          0x08011375   Thumb Code    12  heap_4.o(.text.xPortGetMinimumEverFreeHeapSize)
    xPortStartScheduler                      0x08011381   Thumb Code    92  port.o(.text.xPortStartScheduler)
    xPortSysTickHandler                      0x080113dd   Thumb Code    38  port.o(.text.xPortSysTickHandler)
    xQueueCreateCountingSemaphore            0x08011405   Thumb Code    34  queue.o(.text.xQueueCreateCountingSemaphore)
    xQueueCreateCountingSemaphoreStatic      0x08011429   Thumb Code    46  queue.o(.text.xQueueCreateCountingSemaphoreStatic)
    xQueueCreateMutex                        0x08011459   Thumb Code   112  queue.o(.text.xQueueCreateMutex)
    xQueueCreateMutexStatic                  0x080114c9   Thumb Code    48  queue.o(.text.xQueueCreateMutexStatic)
    xQueueGenericCreate                      0x080114f9   Thumb Code   134  queue.o(.text.xQueueGenericCreate)
    xQueueGenericCreateStatic                0x08011581   Thumb Code   158  queue.o(.text.xQueueGenericCreateStatic)
    xQueueGenericSend                        0x08011621   Thumb Code   580  queue.o(.text.xQueueGenericSend)
    xQueueGenericSendFromISR                 0x08011865   Thumb Code   312  queue.o(.text.xQueueGenericSendFromISR)
    xQueueGiveFromISR                        0x0801199d   Thumb Code   208  queue.o(.text.xQueueGiveFromISR)
    xQueueGiveMutexRecursive                 0x08011a6d   Thumb Code    56  queue.o(.text.xQueueGiveMutexRecursive)
    xQueueReceive                            0x08011aa5   Thumb Code   470  queue.o(.text.xQueueReceive)
    xQueueReceiveFromISR                     0x08011c7d   Thumb Code   198  queue.o(.text.xQueueReceiveFromISR)
    xQueueSemaphoreTake                      0x08011d45   Thumb Code   534  queue.o(.text.xQueueSemaphoreTake)
    xQueueTakeMutexRecursive                 0x08011f5d   Thumb Code    62  queue.o(.text.xQueueTakeMutexRecursive)
    xTaskCheckForTimeOut                     0x08011f9d   Thumb Code   130  tasks.o(.text.xTaskCheckForTimeOut)
    xTaskCreate                              0x08012021   Thumb Code    96  tasks.o(.text.xTaskCreate)
    xTaskCreateStatic                        0x08012081   Thumb Code   110  tasks.o(.text.xTaskCreateStatic)
    xTaskGetCurrentTaskHandle                0x080120f1   Thumb Code    12  tasks.o(.text.xTaskGetCurrentTaskHandle)
    xTaskGetSchedulerState                   0x080120fd   Thumb Code    30  tasks.o(.text.xTaskGetSchedulerState)
    xTaskGetTickCount                        0x0801211d   Thumb Code    12  tasks.o(.text.xTaskGetTickCount)
    xTaskGetTickCountFromISR                 0x08012129   Thumb Code    12  tasks.o(.text.xTaskGetTickCountFromISR)
    xTaskIncrementTick                       0x08012135   Thumb Code   366  tasks.o(.text.xTaskIncrementTick)
    xTaskPriorityDisinherit                  0x080122a5   Thumb Code   146  tasks.o(.text.xTaskPriorityDisinherit)
    xTaskPriorityInherit                     0x08012339   Thumb Code   172  tasks.o(.text.xTaskPriorityInherit)
    xTaskRemoveFromEventList                 0x080123e5   Thumb Code   208  tasks.o(.text.xTaskRemoveFromEventList)
    xTaskResumeAll                           0x080124b5   Thumb Code   288  tasks.o(.text.xTaskResumeAll)
    xTimerCreateTimerTask                    0x080125d5   Thumb Code   164  timers.o(.text.xTimerCreateTimerTask)
    xTimerPendFunctionCallFromISR            0x08012681   Thumb Code    42  timers.o(.text.xTimerPendFunctionCallFromISR)
    __0printf                                0x080126ad   Thumb Code    22  printfa.o(i.__0printf)
    __1printf                                0x080126ad   Thumb Code     0  printfa.o(i.__0printf)
    __2printf                                0x080126ad   Thumb Code     0  printfa.o(i.__0printf)
    __c89printf                              0x080126ad   Thumb Code     0  printfa.o(i.__0printf)
    printf                                   0x080126ad   Thumb Code     0  printfa.o(i.__0printf)
    __0snprintf                              0x080126cd   Thumb Code    48  printfa.o(i.__0snprintf)
    __1snprintf                              0x080126cd   Thumb Code     0  printfa.o(i.__0snprintf)
    __2snprintf                              0x080126cd   Thumb Code     0  printfa.o(i.__0snprintf)
    __c89snprintf                            0x080126cd   Thumb Code     0  printfa.o(i.__0snprintf)
    snprintf                                 0x080126cd   Thumb Code     0  printfa.o(i.__0snprintf)
    __0sprintf                               0x08012701   Thumb Code    34  printfa.o(i.__0sprintf)
    __1sprintf                               0x08012701   Thumb Code     0  printfa.o(i.__0sprintf)
    __2sprintf                               0x08012701   Thumb Code     0  printfa.o(i.__0sprintf)
    __c89sprintf                             0x08012701   Thumb Code     0  printfa.o(i.__0sprintf)
    sprintf                                  0x08012701   Thumb Code     0  printfa.o(i.__0sprintf)
    free                                     0x08012729   Thumb Code    88  mallocr.o(i.__free$realloc)
    __hardfp_round                           0x08012789   Thumb Code   194  round.o(i.__hardfp_round)
    __hardfp_strtod                          0x08012869   Thumb Code    32  strtod.o(i.__hardfp_strtod)
    malloc                                   0x08012891   Thumb Code    64  mallocr.o(i.__malloc$realloc)
    __scatterload_copy                       0x080128e1   Thumb Code    14  handlers.o(i.__scatterload_copy)
    __scatterload_null                       0x080128ef   Thumb Code     2  handlers.o(i.__scatterload_null)
    __scatterload_zeroinit                   0x080128f1   Thumb Code    14  handlers.o(i.__scatterload_zeroinit)
    _is_digit                                0x08012a85   Thumb Code    14  scanf_fp.o(i._is_digit)
    puts                                     0x08013235   Thumb Code    30  puts.o(i.puts)
    realloc                                  0x08013259   Thumb Code   102  mallocr.o(i.realloc)
    __ctype_table                            0x080132c4   Data         129  ctype_o.o(.constdata)
    AHBPrescTable                            0x080133a8   Data          16  system_stm32u5xx.o(.rodata.AHBPrescTable)
    APBPrescTable                            0x080133b8   Data           8  system_stm32u5xx.o(.rodata.APBPrescTable)
    MSIRangeTable                            0x08013440   Data          64  system_stm32u5xx.o(.rodata.MSIRangeTable)
    UARTPrescTable                           0x08013480   Data          24  stm32u5xx_hal_uart.o(.rodata.UARTPrescTable)
    defaultTask_attributes                   0x080134d0   Data          36  app_freertos.o(.rodata.defaultTask_attributes)
    uxTopUsedPriority                        0x0801449c   Data           4  tasks.o(.rodata.uxTopUsedPriority)
    Region$$Table$$Base                      0x080144a0   Number         0  anon$$obj.o(Region$$Table)
    Region$$Table$$Limit                     0x080144c0   Number         0  anon$$obj.o(Region$$Table)
    __stdout                                 0x20000000   Data           4  stdout.o(.data)
    __microlib_freelist                      0x20000004   Data           4  mvars.o(.data)
    __microlib_freelist_initialised          0x20000008   Data           4  mvars.o(.data)
    uwTickFreq                               0x2000000c   Data           1  stm32u5xx_hal.o(.data..L_MergedGlobals)
    uwTickPrio                               0x20000010   Data           4  stm32u5xx_hal.o(.data..L_MergedGlobals)
    SystemCoreClock                          0x20000014   Data           4  system_stm32u5xx.o(.data.SystemCoreClock)
    g_at_handle                              0x2000002c   Data          84  app_main.o(.bss..L_MergedGlobals)
    hiwdg                                    0x20000080   Data          20  main.o(.bss..L_MergedGlobals)
    hrng                                     0x20000094   Data          20  main.o(.bss..L_MergedGlobals)
    hcrc                                     0x200000a8   Data          36  main.o(.bss..L_MergedGlobals)
    s_lora_app_task_handle                   0x200000f0   Data           4  lora_app.o(.bss..L_MergedGlobals)
    defaultTaskHandle                        0x20000228   Data           4  app_freertos.o(.bss.defaultTaskHandle)
    handle_GPDMA1_Channel0                   0x20000780   Data         120  main.o(.bss.handle_GPDMA1_Channel0)
    handle_GPDMA1_Channel1                   0x200007f8   Data         120  main.o(.bss.handle_GPDMA1_Channel1)
    hspi2                                    0x20000870   Data         144  main.o(.bss.hspi2)
    hspi3                                    0x20000900   Data         144  main.o(.bss.hspi3)
    htim2                                    0x20000990   Data          76  main.o(.bss.htim2)
    htim6                                    0x200009dc   Data          76  stm32u5xx_hal_timebase_tim.o(.bss.htim6)
    huart1                                   0x20000a28   Data         148  main.o(.bss.huart1)
    huart3                                   0x20000abc   Data         148  main.o(.bss.huart3)
    pxCurrentTCB                             0x20000c40   Data           4  tasks.o(.bss.pxCurrentTCB)
    uwTick                                   0x200212a4   Data           4  stm32u5xx_hal.o(.bss.uwTick)
    xQueueRegistry                           0x20022360   Data          64  queue.o(.bss.xQueueRegistry)
    __heap_base                              0x200223a0   Data           0  startup_stm32u575xx.o(HEAP)
    __heap_limit                             0x200225a0   Data           0  startup_stm32u575xx.o(HEAP)
    __initial_sp                             0x200229a0   Data           0  startup_stm32u575xx.o(STACK)



==============================================================================

Memory Map of the image

  Image Entry point : 0x08000239

  Load Region LR_IROM1 (Base: 0x08000000, Size: 0x000144e8, Max: 0x00100000, ABSOLUTE)

    Execution Region ER_IROM1 (Exec base: 0x08000000, Load base: 0x08000000, Size: 0x000144c0, Max: 0x00100000, ABSOLUTE)

    Exec Addr    Load Addr    Size         Type   Attr      Idx    E Section Name        Object

    0x08000000   0x08000000   0x00000238   Data   RO            3    RESET               startup_stm32u575xx.o
    0x08000238   0x08000238   0x00000000   Code   RO         2863  * .ARM.Collect$$$$00000000  mc_w.l(entry.o)
    0x08000238   0x08000238   0x00000004   Code   RO         3247    .ARM.Collect$$$$00000001  mc_w.l(entry2.o)
    0x0800023c   0x0800023c   0x00000004   Code   RO         3250    .ARM.Collect$$$$00000004  mc_w.l(entry5.o)
    0x08000240   0x08000240   0x00000000   Code   RO         3252    .ARM.Collect$$$$00000008  mc_w.l(entry7b.o)
    0x08000240   0x08000240   0x00000000   Code   RO         3254    .ARM.Collect$$$$0000000A  mc_w.l(entry8b.o)
    0x08000240   0x08000240   0x00000008   Code   RO         3255    .ARM.Collect$$$$0000000B  mc_w.l(entry9a.o)
    0x08000248   0x08000248   0x00000000   Code   RO         3257    .ARM.Collect$$$$0000000D  mc_w.l(entry10a.o)
    0x08000248   0x08000248   0x00000000   Code   RO         3259    .ARM.Collect$$$$0000000F  mc_w.l(entry11a.o)
    0x08000248   0x08000248   0x00000004   Code   RO         3248    .ARM.Collect$$$$00002712  mc_w.l(entry2.o)
    0x0800024c   0x0800024c   0x00000028   Code   RO            4    .text               startup_stm32u575xx.o
    0x08000274   0x08000274   0x00000062   Code   RO         2870    .text               mc_w.l(uldiv.o)
    0x080002d6   0x080002d6   0x00000002   PAD
    0x080002d8   0x080002d8   0x00000008   Code   RO         2872    .text               mc_w.l(ctype_o.o)
    0x080002e0   0x080002e0   0x00000012   Code   RO         2894    .text               mc_w.l(isspace_o.o)
    0x080002f2   0x080002f2   0x0000000c   Code   RO         2900    .text               mc_w.l(tolower.o)
    0x080002fe   0x080002fe   0x00000024   Code   RO         2902    .text               mc_w.l(memcpya.o)
    0x08000322   0x08000322   0x00000024   Code   RO         2904    .text               mc_w.l(memseta.o)
    0x08000346   0x08000346   0x00000024   Code   RO         2908    .text               mc_w.l(strstr.o)
    0x0800036a   0x0800036a   0x00000018   Code   RO         2910    .text               mc_w.l(strncpy.o)
    0x08000382   0x08000382   0x00000014   Code   RO         2912    .text               mc_w.l(strchr.o)
    0x08000396   0x08000396   0x0000000e   Code   RO         2914    .text               mc_w.l(strlen.o)
    0x080003a4   0x080003a4   0x0000001c   Code   RO         2916    .text               mc_w.l(strcmp.o)
    0x080003c0   0x080003c0   0x0000001e   Code   RO         2920    .text               mc_w.l(strncmp.o)
    0x080003de   0x080003de   0x00000002   PAD
    0x080003e0   0x080003e0   0x00000038   Code   RO         3215    .text               mc_w.l(__0sscanf.o)
    0x08000418   0x08000418   0x000000e0   Code   RO         3217    .text               mc_w.l(_scanf_str.o)
    0x080004f8   0x080004f8   0x00000360   Code   RO         3219    .text               mc_w.l(scanf_fp.o)
    0x08000858   0x08000858   0x0000014e   Code   RO         3223    .text               mf_w.l(dadd.o)
    0x080009a6   0x080009a6   0x000000e4   Code   RO         3225    .text               mf_w.l(dmul.o)
    0x08000a8a   0x08000a8a   0x000000de   Code   RO         3227    .text               mf_w.l(ddiv.o)
    0x08000b68   0x08000b68   0x00000036   Code   RO         3229    .text               mf_w.l(dcmple.o)
    0x08000b9e   0x08000b9e   0x00000036   Code   RO         3231    .text               mf_w.l(dcmplt.o)
    0x08000bd4   0x08000bd4   0x00000036   Code   RO         3233    .text               mf_w.l(dcmpge.o)
    0x08000c0a   0x08000c0a   0x00000036   Code   RO         3235    .text               mf_w.l(dcmpgt.o)
    0x08000c40   0x08000c40   0x00000038   Code   RO         3237    .text               mf_w.l(dcmpeq.o)
    0x08000c78   0x08000c78   0x00000022   Code   RO         3239    .text               mf_w.l(dflti.o)
    0x08000c9a   0x08000c9a   0x0000001a   Code   RO         3241    .text               mf_w.l(dfltui.o)
    0x08000cb4   0x08000cb4   0x0000003e   Code   RO         3243    .text               mf_w.l(dfixi.o)
    0x08000cf2   0x08000cf2   0x00000026   Code   RO         3245    .text               mf_w.l(f2d.o)
    0x08000d18   0x08000d18   0x0000002c   Code   RO         3271    .text               mc_w.l(uidiv.o)
    0x08000d44   0x08000d44   0x0000001e   Code   RO         3273    .text               mc_w.l(llshl.o)
    0x08000d62   0x08000d62   0x00000020   Code   RO         3275    .text               mc_w.l(llushr.o)
    0x08000d82   0x08000d82   0x00000024   Code   RO         3277    .text               mc_w.l(llsshr.o)
    0x08000da6   0x08000da6   0x00000002   PAD
    0x08000da8   0x08000da8   0x00000028   Code   RO         3281    .text               mc_w.l(scanf_char.o)
    0x08000dd0   0x08000dd0   0x00000040   Code   RO         3283    .text               mc_w.l(_sgetc.o)
    0x08000e10   0x08000e10   0x000000a8   Code   RO         3285    .text               mc_w.l(strtod.o)
    0x08000eb8   0x08000eb8   0x00000000   Code   RO         3287    .text               mc_w.l(iusefp.o)
    0x08000eb8   0x08000eb8   0x000000ba   Code   RO         3288    .text               mf_w.l(depilogue.o)
    0x08000f72   0x08000f72   0x00000002   PAD
    0x08000f74   0x08000f74   0x00000088   Code   RO         3290    .text               mf_w.l(drnd.o)
    0x08000ffc   0x08000ffc   0x00000018   Code   RO         3292    .text               mf_w.l(dfltul.o)
    0x08001014   0x08001014   0x00000030   Code   RO         3294    .text               mf_w.l(dfixul.o)
    0x08001044   0x08001044   0x00000030   Code   RO         3296    .text               mf_w.l(cdcmple.o)
    0x08001074   0x08001074   0x00000030   Code   RO         3298    .text               mf_w.l(cdrcmple.o)
    0x080010a4   0x080010a4   0x00000038   Code   RO         3300    .text               mf_w.l(d2f.o)
    0x080010dc   0x080010dc   0x00000030   Code   RO         3302    .text               mc_w.l(init.o)
    0x0800110c   0x0800110c   0x0000032c   Code   RO         3306    .text               mc_w.l(_scanf.o)
    0x08001438   0x08001438   0x0000006e   Code   RO         3308    .text               mf_w.l(fepilogue.o)
    0x080014a6   0x080014a6   0x00000002   PAD
    0x080014a8   0x080014a8   0x00000084   Code   RO         1977    .text.AT_DeInit     at_handler.o
    0x0800152c   0x0800152c   0x0000018c   Code   RO         1973    .text.AT_Init       at_handler.o
    0x080016b8   0x080016b8   0x00000008   Code   RO         1985    .text.AT_RegisterURCCallbacks  at_handler.o
    0x080016c0   0x080016c0   0x00000016   Code   RO         1981    .text.AT_SendBasicCommand  at_handler.o
    0x080016d6   0x080016d6   0x00000002   PAD
    0x080016d8   0x080016d8   0x000000cc   Code   RO         1979    .text.AT_SendCommand  at_handler.o
    0x080017a4   0x080017a4   0x00000080   Code   RO         1983    .text.AT_SendRaw    at_handler.o
    0x08001824   0x08001824   0x0000006a   Code   RO         1987    .text.AT_UartIdleCallback  at_handler.o
    0x0800188e   0x0800188e   0x00000002   PAD
    0x08001890   0x08001890   0x00000012   Code   RO         1989    .text.AT_UartTxCpltCallback  at_handler.o
    0x080018a2   0x080018a2   0x00000002   PAD
    0x080018a4   0x080018a4   0x00000012   Code   RO           11    .text.App_Main_Init  app_main.o
    0x080018b6   0x080018b6   0x00000002   PAD
    0x080018b8   0x080018b8   0x00000268   Code   RO           13    .text.App_Main_Task  app_main.o
    0x08001b20   0x08001b20   0x00000002   Code   RO           79    .text.BusFault_Handler  stm32u5xx_it.o
    0x08001b22   0x08001b22   0x00000002   PAD
    0x08001b24   0x08001b24   0x00000002   Code   RO           83    .text.DebugMon_Handler  stm32u5xx_it.o
    0x08001b26   0x08001b26   0x00000002   PAD
    0x08001b28   0x08001b28   0x00000060   Code   RO         2067    .text.DeviceManager_ClearDirtyFlag  device_manager.o
    0x08001b88   0x08001b88   0x0000009a   Code   RO         2065    .text.DeviceManager_FindNextDirtyDevice  device_manager.o
    0x08001c22   0x08001c22   0x00000002   PAD
    0x08001c24   0x08001c24   0x00000078   Code   RO         2061    .text.DeviceManager_GetDevice  device_manager.o
    0x08001c9c   0x08001c9c   0x000000c8   Code   RO         2053    .text.DeviceManager_Init  device_manager.o
    0x08001d64   0x08001d64   0x0000005e   Code   RO         2063    .text.DeviceManager_SetCloudOnlineStatus  device_manager.o
    0x08001dc2   0x08001dc2   0x00000002   PAD
    0x08001dc4   0x08001dc4   0x00000090   Code   RO         2057    .text.DeviceManager_UpdateControlNodeData  device_manager.o
    0x08001e54   0x08001e54   0x00000094   Code   RO         2059    .text.DeviceManager_UpdateExternalSensorData  device_manager.o
    0x08001ee8   0x08001ee8   0x000000c8   Code   RO         2055    .text.DeviceManager_UpdateInternalSensorData  device_manager.o
    0x08001fb0   0x08001fb0   0x00000008   Code   RO           87    .text.EXTI12_IRQHandler  stm32u5xx_it.o
    0x08001fb8   0x08001fb8   0x00000006   Code   RO           85    .text.EXTI1_IRQHandler  stm32u5xx_it.o
    0x08001fbe   0x08001fbe   0x00000002   PAD
    0x08001fc0   0x08001fc0   0x00000006   Code   RO           38    .text.Error_Handler  main.o
    0x08001fc6   0x08001fc6   0x00000002   PAD
    0x08001fc8   0x08001fc8   0x0000000c   Code   RO           89    .text.GPDMA1_Channel0_IRQHandler  stm32u5xx_it.o
    0x08001fd4   0x08001fd4   0x0000000c   Code   RO           91    .text.GPDMA1_Channel1_IRQHandler  stm32u5xx_it.o
    0x08001fe0   0x08001fe0   0x0000006c   Code   RO          620    .text.HAL_CRCEx_Polynomial_Set  stm32u5xx_hal_crc_ex.o
    0x0800204c   0x0800204c   0x0000007c   Code   RO          598    .text.HAL_CRC_Init  stm32u5xx_hal_crc.o
    0x080020c8   0x080020c8   0x00000030   Code   RO          113    .text.HAL_CRC_MspInit  stm32u5xx_hal_msp.o
    0x080020f8   0x080020f8   0x000000c8   Code   RO          998    .text.HAL_DMAEx_List_Start_IT  stm32u5xx_hal_dma_ex.o
    0x080021c0   0x080021c0   0x000000a8   Code   RO          962    .text.HAL_DMA_Abort  stm32u5xx_hal_dma.o
    0x08002268   0x08002268   0x00000028   Code   RO          964    .text.HAL_DMA_Abort_IT  stm32u5xx_hal_dma.o
    0x08002290   0x08002290   0x0000003a   Code   RO          978    .text.HAL_DMA_ConfigChannelAttributes  stm32u5xx_hal_dma.o
    0x080022ca   0x080022ca   0x00000002   PAD
    0x080022cc   0x080022cc   0x00000004   Code   RO          976    .text.HAL_DMA_GetError  stm32u5xx_hal_dma.o
    0x080022d0   0x080022d0   0x000001a8   Code   RO          968    .text.HAL_DMA_IRQHandler  stm32u5xx_hal_dma.o
    0x08002478   0x08002478   0x0000058a   Code   RO          954    .text.HAL_DMA_Init  stm32u5xx_hal_dma.o
    0x08002a02   0x08002a02   0x00000002   PAD
    0x08002a04   0x08002a04   0x000000a6   Code   RO          960    .text.HAL_DMA_Start_IT  stm32u5xx_hal_dma.o
    0x08002aaa   0x08002aaa   0x00000002   PAD
    0x08002aac   0x08002aac   0x00000028   Code   RO          654    .text.HAL_Delay     stm32u5xx_hal.o
    0x08002ad4   0x08002ad4   0x00000002   Code   RO          943    .text.HAL_GPIO_EXTI_Falling_Callback  stm32u5xx_hal_gpio.o
    0x08002ad6   0x08002ad6   0x00000002   PAD
    0x08002ad8   0x08002ad8   0x0000002e   Code   RO          939    .text.HAL_GPIO_EXTI_IRQHandler  stm32u5xx_hal_gpio.o
    0x08002b06   0x08002b06   0x00000002   PAD
    0x08002b08   0x08002b08   0x00000004   Code   RO          101    .text.HAL_GPIO_EXTI_Rising_Callback  stm32u5xx_it.o
    0x08002b0c   0x08002b0c   0x00000252   Code   RO          921    .text.HAL_GPIO_Init  stm32u5xx_hal_gpio.o
    0x08002d5e   0x08002d5e   0x00000002   PAD
    0x08002d60   0x08002d60   0x0000000c   Code   RO          927    .text.HAL_GPIO_WritePin  stm32u5xx_hal_gpio.o
    0x08002d6c   0x08002d6c   0x0000000c   Code   RO          646    .text.HAL_GetTick   stm32u5xx_hal.o
    0x08002d78   0x08002d78   0x00000014   Code   RO         1282    .text.HAL_ICACHE_Enable  stm32u5xx_hal_icache.o
    0x08002d8c   0x08002d8c   0x0000007c   Code   RO         1322    .text.HAL_IWDG_Init  stm32u5xx_hal_iwdg.o
    0x08002e08   0x08002e08   0x00000002   Code   RO         1324    .text.HAL_IWDG_MspInit  stm32u5xx_hal_iwdg.o
    0x08002e0a   0x08002e0a   0x00000002   PAD
    0x08002e0c   0x08002e0c   0x0000000c   Code   RO         1326    .text.HAL_IWDG_Refresh  stm32u5xx_hal_iwdg.o
    0x08002e18   0x08002e18   0x0000001a   Code   RO          644    .text.HAL_IncTick   stm32u5xx_hal.o
    0x08002e32   0x08002e32   0x00000002   PAD
    0x08002e34   0x08002e34   0x0000005c   Code   RO          634    .text.HAL_Init      stm32u5xx_hal.o
    0x08002e90   0x08002e90   0x000000a4   Code   RO          143    .text.HAL_InitTick  stm32u5xx_hal_timebase_tim.o
    0x08002f34   0x08002f34   0x0000002a   Code   RO          111    .text.HAL_MspInit   stm32u5xx_hal_msp.o
    0x08002f5e   0x08002f5e   0x00000002   PAD
    0x08002f60   0x08002f60   0x00000022   Code   RO          548    .text.HAL_NVIC_EnableIRQ  stm32u5xx_hal_cortex.o
    0x08002f82   0x08002f82   0x00000002   PAD
    0x08002f84   0x08002f84   0x00000056   Code   RO          546    .text.HAL_NVIC_SetPriority  stm32u5xx_hal_cortex.o
    0x08002fda   0x08002fda   0x00000002   PAD
    0x08002fdc   0x08002fdc   0x00000020   Code   RO          544    .text.HAL_NVIC_SetPriorityGrouping  stm32u5xx_hal_cortex.o
    0x08002ffc   0x08002ffc   0x000000fa   Code   RO         1147    .text.HAL_PWREx_ControlVoltageScaling  stm32u5xx_hal_pwr_ex.o
    0x080030f6   0x080030f6   0x00000002   PAD
    0x080030f8   0x080030f8   0x00000010   Code   RO         1149    .text.HAL_PWREx_GetVoltageRange  stm32u5xx_hal_pwr_ex.o
    0x08003108   0x08003108   0x00000194   Code   RO          772    .text.HAL_RCCEx_GetPLL1ClockFreq  stm32u5xx_hal_rcc_ex.o
    0x0800329c   0x0800329c   0x00000194   Code   RO          774    .text.HAL_RCCEx_GetPLL2ClockFreq  stm32u5xx_hal_rcc_ex.o
    0x08003430   0x08003430   0x00000194   Code   RO          776    .text.HAL_RCCEx_GetPLL3ClockFreq  stm32u5xx_hal_rcc_ex.o
    0x080035c4   0x080035c4   0x000008e6   Code   RO          778    .text.HAL_RCCEx_GetPeriphCLKFreq  stm32u5xx_hal_rcc_ex.o
    0x08003eaa   0x08003eaa   0x00000002   PAD
    0x08003eac   0x08003eac   0x000005b2   Code   RO          764    .text.HAL_RCCEx_PeriphCLKConfig  stm32u5xx_hal_rcc_ex.o
    0x0800445e   0x0800445e   0x00000002   PAD
    0x08004460   0x08004460   0x000002fa   Code   RO          728    .text.HAL_RCC_ClockConfig  stm32u5xx_hal_rcc.o
    0x0800475a   0x0800475a   0x00000002   PAD
    0x0800475c   0x0800475c   0x0000004c   Code   RO          742    .text.HAL_RCC_GetClockConfig  stm32u5xx_hal_rcc.o
    0x080047a8   0x080047a8   0x0000002c   Code   RO          726    .text.HAL_RCC_GetHCLKFreq  stm32u5xx_hal_rcc.o
    0x080047d4   0x080047d4   0x0000003e   Code   RO          734    .text.HAL_RCC_GetPCLK1Freq  stm32u5xx_hal_rcc.o
    0x08004812   0x08004812   0x00000002   PAD
    0x08004814   0x08004814   0x0000003e   Code   RO          736    .text.HAL_RCC_GetPCLK2Freq  stm32u5xx_hal_rcc.o
    0x08004852   0x08004852   0x00000002   PAD
    0x08004854   0x08004854   0x0000003e   Code   RO          738    .text.HAL_RCC_GetPCLK3Freq  stm32u5xx_hal_rcc.o
    0x08004892   0x08004892   0x00000002   PAD
    0x08004894   0x08004894   0x00000124   Code   RO          730    .text.HAL_RCC_GetSysClockFreq  stm32u5xx_hal_rcc.o
    0x080049b8   0x080049b8   0x00000b78   Code   RO          724    .text.HAL_RCC_OscConfig  stm32u5xx_hal_rcc.o
    0x08005530   0x08005530   0x00000002   Code   RO         1356    .text.HAL_RNG_ErrorCallback  stm32u5xx_hal_rng.o
    0x08005532   0x08005532   0x00000002   PAD
    0x08005534   0x08005534   0x000000a0   Code   RO         1348    .text.HAL_RNG_GenerateRandomNumber  stm32u5xx_hal_rng.o
    0x080055d4   0x080055d4   0x0000006a   Code   RO         1354    .text.HAL_RNG_IRQHandler  stm32u5xx_hal_rng.o
    0x0800563e   0x0800563e   0x00000002   PAD
    0x08005640   0x08005640   0x000000d6   Code   RO         1340    .text.HAL_RNG_Init  stm32u5xx_hal_rng.o
    0x08005716   0x08005716   0x00000002   PAD
    0x08005718   0x08005718   0x0000006a   Code   RO          117    .text.HAL_RNG_MspInit  stm32u5xx_hal_msp.o
    0x08005782   0x08005782   0x00000002   PAD
    0x08005784   0x08005784   0x00000002   Code   RO         1358    .text.HAL_RNG_ReadyDataCallback  stm32u5xx_hal_rng.o
    0x08005786   0x08005786   0x00000002   PAD
    0x08005788   0x08005788   0x0000004a   Code   RO         1498    .text.HAL_SPIEx_SetConfigAutonomousMode  stm32u5xx_hal_spi_ex.o
    0x080057d2   0x080057d2   0x00000002   PAD
    0x080057d4   0x080057d4   0x00000006   Code   RO         1480    .text.HAL_SPI_GetState  stm32u5xx_hal_spi.o
    0x080057da   0x080057da   0x00000002   PAD
    0x080057dc   0x080057dc   0x000001a0   Code   RO         1390    .text.HAL_SPI_Init  stm32u5xx_hal_spi.o
    0x0800597c   0x0800597c   0x000000f2   Code   RO          121    .text.HAL_SPI_MspInit  stm32u5xx_hal_msp.o
    0x08005a6e   0x08005a6e   0x00000002   PAD
    0x08005a70   0x08005a70   0x0000031e   Code   RO         1402    .text.HAL_SPI_Receive  stm32u5xx_hal_spi.o
    0x08005d8e   0x08005d8e   0x00000002   PAD
    0x08005d90   0x08005d90   0x000002dc   Code   RO         1398    .text.HAL_SPI_Transmit  stm32u5xx_hal_spi.o
    0x0800606c   0x0800606c   0x00000076   Code   RO          570    .text.HAL_SYSTICK_CLKSourceConfig  stm32u5xx_hal_cortex.o
    0x080060e2   0x080060e2   0x00000002   PAD
    0x080060e4   0x080060e4   0x00000002   Code   RO          517    .text.HAL_TIMEx_Break2Callback  stm32u5xx_hal_tim_ex.o
    0x080060e6   0x080060e6   0x00000002   PAD
    0x080060e8   0x080060e8   0x00000002   Code   RO          515    .text.HAL_TIMEx_BreakCallback  stm32u5xx_hal_tim_ex.o
    0x080060ea   0x080060ea   0x00000002   PAD
    0x080060ec   0x080060ec   0x00000002   Code   RO          511    .text.HAL_TIMEx_CommutCallback  stm32u5xx_hal_tim_ex.o
    0x080060ee   0x080060ee   0x00000002   PAD
    0x080060f0   0x080060f0   0x00000002   Code   RO          521    .text.HAL_TIMEx_DirectionChangeCallback  stm32u5xx_hal_tim_ex.o
    0x080060f2   0x080060f2   0x00000002   PAD
    0x080060f4   0x080060f4   0x00000002   Code   RO          519    .text.HAL_TIMEx_EncoderIndexCallback  stm32u5xx_hal_tim_ex.o
    0x080060f6   0x080060f6   0x00000002   PAD
    0x080060f8   0x080060f8   0x00000002   Code   RO          523    .text.HAL_TIMEx_IndexErrorCallback  stm32u5xx_hal_tim_ex.o
    0x080060fa   0x080060fa   0x00000002   PAD
    0x080060fc   0x080060fc   0x0000015e   Code   RO          461    .text.HAL_TIMEx_MasterConfigSynchronization  stm32u5xx_hal_tim_ex.o
    0x0800625a   0x0800625a   0x00000002   PAD
    0x0800625c   0x0800625c   0x00000002   Code   RO          525    .text.HAL_TIMEx_TransitionErrorCallback  stm32u5xx_hal_tim_ex.o
    0x0800625e   0x0800625e   0x00000002   PAD
    0x08006260   0x08006260   0x00000062   Code   RO          158    .text.HAL_TIM_Base_Init  stm32u5xx_hal_tim.o
    0x080062c2   0x080062c2   0x00000002   PAD
    0x080062c4   0x080062c4   0x0000002a   Code   RO          125    .text.HAL_TIM_Base_MspInit  stm32u5xx_hal_msp.o
    0x080062ee   0x080062ee   0x00000002   PAD
    0x080062f0   0x080062f0   0x0000010c   Code   RO          172    .text.HAL_TIM_Base_Start_IT  stm32u5xx_hal_tim.o
    0x080063fc   0x080063fc   0x00000214   Code   RO          346    .text.HAL_TIM_ConfigClockSource  stm32u5xx_hal_tim.o
    0x08006610   0x08006610   0x00000002   Code   RO          296    .text.HAL_TIM_IC_CaptureCallback  stm32u5xx_hal_tim.o
    0x08006612   0x08006612   0x00000002   PAD
    0x08006614   0x08006614   0x000001cc   Code   RO          294    .text.HAL_TIM_IRQHandler  stm32u5xx_hal_tim.o
    0x080067e0   0x080067e0   0x00000054   Code   RO          127    .text.HAL_TIM_MspPostInit  stm32u5xx_hal_msp.o
    0x08006834   0x08006834   0x00000002   Code   RO          298    .text.HAL_TIM_OC_DelayElapsedCallback  stm32u5xx_hal_tim.o
    0x08006836   0x08006836   0x00000002   PAD
    0x08006838   0x08006838   0x000002b2   Code   RO          320    .text.HAL_TIM_PWM_ConfigChannel  stm32u5xx_hal_tim.o
    0x08006aea   0x08006aea   0x00000002   PAD
    0x08006aec   0x08006aec   0x00000062   Code   RO          214    .text.HAL_TIM_PWM_Init  stm32u5xx_hal_tim.o
    0x08006b4e   0x08006b4e   0x00000002   PAD
    0x08006b50   0x08006b50   0x00000002   Code   RO          216    .text.HAL_TIM_PWM_MspInit  stm32u5xx_hal_tim.o
    0x08006b52   0x08006b52   0x00000002   PAD
    0x08006b54   0x08006b54   0x00000002   Code   RO          300    .text.HAL_TIM_PWM_PulseFinishedCallback  stm32u5xx_hal_tim.o
    0x08006b56   0x08006b56   0x00000002   PAD
    0x08006b58   0x08006b58   0x00000014   Code   RO           40    .text.HAL_TIM_PeriodElapsedCallback  main.o
    0x08006b6c   0x08006b6c   0x00000002   Code   RO          304    .text.HAL_TIM_TriggerCallback  stm32u5xx_hal_tim.o
    0x08006b6e   0x08006b6e   0x00000002   PAD
    0x08006b70   0x08006b70   0x00000036   Code   RO         1671    .text.HAL_UARTEx_DisableFifoMode  stm32u5xx_hal_uart_ex.o
    0x08006ba6   0x08006ba6   0x00000002   PAD
    0x08006ba8   0x08006ba8   0x00000094   Code   RO         1681    .text.HAL_UARTEx_ReceiveToIdle_DMA  stm32u5xx_hal_uart_ex.o
    0x08006c3c   0x08006c3c   0x00000024   Code   RO           30    .text.HAL_UARTEx_RxEventCallback  main.o
    0x08006c60   0x08006c60   0x00000002   Code   RO         1657    .text.HAL_UARTEx_RxFifoFullCallback  stm32u5xx_hal_uart_ex.o
    0x08006c62   0x08006c62   0x00000002   PAD
    0x08006c64   0x08006c64   0x0000008c   Code   RO         1675    .text.HAL_UARTEx_SetRxFifoThreshold  stm32u5xx_hal_uart_ex.o
    0x08006cf0   0x08006cf0   0x0000008c   Code   RO         1673    .text.HAL_UARTEx_SetTxFifoThreshold  stm32u5xx_hal_uart_ex.o
    0x08006d7c   0x08006d7c   0x00000002   Code   RO         1659    .text.HAL_UARTEx_TxFifoEmptyCallback  stm32u5xx_hal_uart_ex.o
    0x08006d7e   0x08006d7e   0x00000002   PAD
    0x08006d80   0x08006d80   0x0000028c   Code   RO         1568    .text.HAL_UART_DMAStop  stm32u5xx_hal_uart.o
    0x0800700c   0x0800700c   0x00000002   Code   RO         1600    .text.HAL_UART_ErrorCallback  stm32u5xx_hal_uart.o
    0x0800700e   0x0800700e   0x00000002   PAD
    0x08007010   0x08007010   0x0000059c   Code   RO         1596    .text.HAL_UART_IRQHandler  stm32u5xx_hal_uart.o
    0x080075ac   0x080075ac   0x00000064   Code   RO         1512    .text.HAL_UART_Init  stm32u5xx_hal_uart.o
    0x08007610   0x08007610   0x000001fa   Code   RO          131    .text.HAL_UART_MspInit  stm32u5xx_hal_msp.o
    0x0800780a   0x0800780a   0x00000002   PAD
    0x0800780c   0x0800780c   0x00000002   Code   RO         1608    .text.HAL_UART_RxCpltCallback  stm32u5xx_hal_uart.o
    0x0800780e   0x0800780e   0x00000002   PAD
    0x08007810   0x08007810   0x00000002   Code   RO         1610    .text.HAL_UART_RxHalfCpltCallback  stm32u5xx_hal_uart.o
    0x08007812   0x08007812   0x00000002   PAD
    0x08007814   0x08007814   0x000001a8   Code   RO         1532    .text.HAL_UART_Transmit  stm32u5xx_hal_uart.o
    0x080079bc   0x080079bc   0x0000012c   Code   RO         1552    .text.HAL_UART_Transmit_DMA  stm32u5xx_hal_uart.o
    0x08007ae8   0x08007ae8   0x0000000e   Code   RO           99    .text.HAL_UART_TxCpltCallback  stm32u5xx_it.o
    0x08007af6   0x08007af6   0x00000002   PAD
    0x08007af8   0x08007af8   0x00000002   Code   RO         1606    .text.HAL_UART_TxHalfCpltCallback  stm32u5xx_hal_uart.o
    0x08007afa   0x08007afa   0x00000002   PAD
    0x08007afc   0x08007afc   0x00000002   Code   RO           75    .text.HardFault_Handler  stm32u5xx_it.o
    0x08007afe   0x08007afe   0x00000002   PAD
    0x08007b00   0x08007b00   0x00000218   Code   RO         2106    .text.HuaweiIoT_ConnectCloud  huawei_iot_app.o
    0x08007d18   0x08007d18   0x0000001e   Code   RO         2092    .text.HuaweiIoT_Init  huawei_iot_app.o
    0x08007d36   0x08007d36   0x00000002   PAD
    0x08007d38   0x08007d38   0x00000244   Code   RO         2098    .text.HuaweiIoT_ParseHMREC  huawei_iot_app.o
    0x08007f7c   0x08007f7c   0x00000290   Code   RO         2110    .text.HuaweiIoT_PublishAllSubDevicesOnline  huawei_iot_app.o
    0x0800820c   0x0800820c   0x000000e0   Code   RO         2102    .text.HuaweiIoT_PublishCommandResponse  huawei_iot_app.o
    0x080082ec   0x080082ec   0x00000004   PAD
    0x080082f0   0x080082f0   0x00000c84   Code   RO         2116    .text.HuaweiIoT_PublishGatewayReport  huawei_iot_app.o
    0x08008f74   0x08008f74   0x00000170   Code   RO         2147    .text.LoRa_APP_Init  lora_app.o
    0x080090e4   0x080090e4   0x00000078   Code   RO         2145    .text.LoRa_APP_Send  lora_app.o
    0x0800915c   0x0800915c   0x000002fc   Code   RO         2149    .text.LoRa_APP_Task  lora_app.o
    0x08009458   0x08009458   0x0000005c   Code   RO         2030    .text.LoRa_BurstWrite  lora.o
    0x080094b4   0x080094b4   0x00000018   Code   RO         2151    .text.LoRa_DIO0_ISR  lora_app.o
    0x080094cc   0x080094cc   0x00000104   Code   RO         2143    .text.LoRa_HW_Init  lora_app.o
    0x080095d0   0x080095d0   0x00000390   Code   RO         2042    .text.LoRa_init     lora.o
    0x08009960   0x08009960   0x0000002a   Code   RO         2006    .text.LoRa_read     lora.o
    0x0800998a   0x0800998a   0x00000002   PAD
    0x0800998c   0x0800998c   0x00000058   Code   RO         2010    .text.LoRa_readReg  lora.o
    0x080099e4   0x080099e4   0x000000f0   Code   RO         2038    .text.LoRa_receive  lora.o
    0x08009ad4   0x08009ad4   0x00000028   Code   RO         2002    .text.LoRa_reset    lora.o
    0x08009afc   0x08009afc   0x000000dc   Code   RO         2020    .text.LoRa_setSpreadingFactor  lora.o
    0x08009bd8   0x08009bd8   0x00000068   Code   RO         2036    .text.LoRa_startReceiving  lora.o
    0x08009c40   0x08009c40   0x0000026a   Code   RO         2034    .text.LoRa_transmit  lora.o
    0x08009eaa   0x08009eaa   0x00000002   PAD
    0x08009eac   0x08009eac   0x00000058   Code   RO         2012    .text.LoRa_writeReg  lora.o
    0x08009f04   0x08009f04   0x00000040   Code   RO           59    .text.MX_FREERTOS_Init  app_freertos.o
    0x08009f44   0x08009f44   0x00000002   Code   RO           77    .text.MemManage_Handler  stm32u5xx_it.o
    0x08009f46   0x08009f46   0x00000002   PAD
    0x08009f48   0x08009f48   0x00000002   Code   RO           73    .text.NMI_Handler   stm32u5xx_it.o
    0x08009f4a   0x08009f4a   0x00000006   PAD
    0x08009f50   0x08009f50   0x00000064   Code   RO         2656    .text.PendSV_Handler  portasm.o
    0x08009fb4   0x08009fb4   0x000000f2   Code   RO          766    .text.RCCEx_PLL2_Config  stm32u5xx_hal_rcc_ex.o
    0x0800a0a6   0x0800a0a6   0x00000002   PAD
    0x0800a0a8   0x0800a0a8   0x000000f2   Code   RO          768    .text.RCCEx_PLL3_Config  stm32u5xx_hal_rcc_ex.o
    0x0800a19a   0x0800a19a   0x00000002   PAD
    0x0800a19c   0x0800a19c   0x0000000c   Code   RO           97    .text.RNG_IRQHandler  stm32u5xx_it.o
    0x0800a1a8   0x0800a1a8   0x000000ee   Code   RO         1350    .text.RNG_RecoverSeedError  stm32u5xx_hal_rng.o
    0x0800a296   0x0800a296   0x00000002   PAD
    0x0800a298   0x0800a298   0x000000d0   Code   RO         1400    .text.SPI_CloseTransfer  stm32u5xx_hal_spi.o
    0x0800a368   0x0800a368   0x00000008   PAD
    0x0800a370   0x0800a370   0x00000024   Code   RO         2658    .text.SVC_Handler   portasm.o
    0x0800a394   0x0800a394   0x00000010   Code   RO           61    .text.StartDefaultTask  app_freertos.o
    0x0800a3a4   0x0800a3a4   0x0000001e   Code   RO         2667    .text.SysTick_Handler  cmsis_os2.o
    0x0800a3c2   0x0800a3c2   0x00000002   PAD
    0x0800a3c4   0x0800a3c4   0x0000004c   Code   RO         1700    .text.SystemInit    system_stm32u5xx.o
    0x0800a410   0x0800a410   0x00000070   Code   RO         2244    .text.SystemMonitor_Init  system_monitor.o
    0x0800a480   0x0800a480   0x000000f4   Code   RO         2246    .text.SystemMonitor_Task  system_monitor.o
    0x0800a574   0x0800a574   0x0000000c   Code   RO           93    .text.TIM6_IRQHandler  stm32u5xx_it.o
    0x0800a580   0x0800a580   0x0000027e   Code   RO          162    .text.TIM_Base_SetConfig  stm32u5xx_hal_tim.o
    0x0800a7fe   0x0800a7fe   0x00000002   PAD
    0x0800a800   0x0800a800   0x00000168   Code   RO          308    .text.TIM_OC1_SetConfig  stm32u5xx_hal_tim.o
    0x0800a968   0x0800a968   0x0000012a   Code   RO          310    .text.TIM_OC2_SetConfig  stm32u5xx_hal_tim.o
    0x0800aa92   0x0800aa92   0x00000002   PAD
    0x0800aa94   0x0800aa94   0x0000012a   Code   RO          312    .text.TIM_OC3_SetConfig  stm32u5xx_hal_tim.o
    0x0800abbe   0x0800abbe   0x00000002   PAD
    0x0800abc0   0x0800abc0   0x0000012a   Code   RO          314    .text.TIM_OC4_SetConfig  stm32u5xx_hal_tim.o
    0x0800acea   0x0800acea   0x00000002   PAD
    0x0800acec   0x0800acec   0x00000020   Code   RO         2214    .text.TaskMonitor_CheckIn  task_monitor.o
    0x0800ad0c   0x0800ad0c   0x000000bc   Code   RO         2216    .text.TaskMonitor_FeedDogIfAllOk  task_monitor.o
    0x0800adc8   0x0800adc8   0x00000024   Code   RO         2212    .text.TaskMonitor_Init  task_monitor.o
    0x0800adec   0x0800adec   0x000000e6   Code   RO         1516    .text.UART_AdvFeatureConfig  stm32u5xx_hal_uart.o
    0x0800aed2   0x0800aed2   0x00000002   PAD
    0x0800aed4   0x0800aed4   0x0000016a   Code   RO         1520    .text.UART_CheckIdleState  stm32u5xx_hal_uart.o
    0x0800b03e   0x0800b03e   0x00000002   PAD
    0x0800b040   0x0800b040   0x0000000c   Code   RO         1598    .text.UART_DMAAbortOnError  stm32u5xx_hal_uart.o
    0x0800b04c   0x0800b04c   0x000001da   Code   RO         1558    .text.UART_DMAError  stm32u5xx_hal_uart.o
    0x0800b226   0x0800b226   0x00000002   PAD
    0x0800b228   0x0800b228   0x00000114   Code   RO         1642    .text.UART_DMAReceiveCplt  stm32u5xx_hal_uart.o
    0x0800b33c   0x0800b33c   0x0000001a   Code   RO         1644    .text.UART_DMARxHalfCplt  stm32u5xx_hal_uart.o
    0x0800b356   0x0800b356   0x00000002   PAD
    0x0800b358   0x0800b358   0x00000064   Code   RO         1554    .text.UART_DMATransmitCplt  stm32u5xx_hal_uart.o
    0x0800b3bc   0x0800b3bc   0x00000006   Code   RO         1556    .text.UART_DMATxHalfCplt  stm32u5xx_hal_uart.o
    0x0800b3c2   0x0800b3c2   0x00000002   PAD
    0x0800b3c4   0x0800b3c4   0x0000020a   Code   RO         1518    .text.UART_SetConfig  stm32u5xx_hal_uart.o
    0x0800b5ce   0x0800b5ce   0x00000002   PAD
    0x0800b5d0   0x0800b5d0   0x00000186   Code   RO         1562    .text.UART_Start_Receive_DMA  stm32u5xx_hal_uart.o
    0x0800b756   0x0800b756   0x00000002   PAD
    0x0800b758   0x0800b758   0x00000332   Code   RO         1534    .text.UART_WaitOnFlagUntilTimeout  stm32u5xx_hal_uart.o
    0x0800ba8a   0x0800ba8a   0x00000002   PAD
    0x0800ba8c   0x0800ba8c   0x0000000c   Code   RO           95    .text.USART3_IRQHandler  stm32u5xx_it.o
    0x0800ba98   0x0800ba98   0x00000002   Code   RO           81    .text.UsageFault_Handler  stm32u5xx_it.o
    0x0800ba9a   0x0800ba9a   0x00000002   PAD
    0x0800ba9c   0x0800ba9c   0x000001f4   Code   RO         1975    .text.at_rx_task    at_handler.o
    0x0800bc90   0x0800bc90   0x00000076   Code   RO         1744    .text.buffer_skip_whitespace  cjson.o
    0x0800bd06   0x0800bd06   0x00000002   PAD
    0x0800bd08   0x0800bd08   0x000000a4   Code   RO         1816    .text.cJSON_AddArrayToObject  cjson.o
    0x0800bdac   0x0800bdac   0x000000ac   Code   RO         1796    .text.cJSON_AddBoolToObject  cjson.o
    0x0800be58   0x0800be58   0x00000038   Code   RO         1774    .text.cJSON_AddItemToArray  cjson.o
    0x0800be90   0x0800be90   0x00000094   Code   RO         1776    .text.cJSON_AddItemToObject  cjson.o
    0x0800bf24   0x0800bf24   0x00000004   PAD
    0x0800bf28   0x0800bf28   0x00000128   Code   RO         1800    .text.cJSON_AddNumberToObject  cjson.o
    0x0800c050   0x0800c050   0x000000a4   Code   RO         1812    .text.cJSON_AddObjectToObject  cjson.o
    0x0800c0f4   0x0800c0f4   0x000000dc   Code   RO         1804    .text.cJSON_AddStringToObject  cjson.o
    0x0800c1d0   0x0800c1d0   0x00000026   Code   RO         1814    .text.cJSON_CreateObject  cjson.o
    0x0800c1f6   0x0800c1f6   0x00000002   PAD
    0x0800c1f8   0x0800c1f8   0x00000060   Code   RO         1730    .text.cJSON_Delete  cjson.o
    0x0800c258   0x0800c258   0x0000008a   Code   RO         1766    .text.cJSON_GetObjectItem  cjson.o
    0x0800c2e2   0x0800c2e2   0x00000002   PAD
    0x0800c2e4   0x0800c2e4   0x00000066   Code   RO         1728    .text.cJSON_InitHooks  cjson.o
    0x0800c34a   0x0800c34a   0x00000002   PAD
    0x0800c34c   0x0800c34c   0x00000014   Code   RO         1868    .text.cJSON_IsFalse  cjson.o
    0x0800c360   0x0800c360   0x00000014   Code   RO         1724    .text.cJSON_IsNumber  cjson.o
    0x0800c374   0x0800c374   0x00000014   Code   RO         1878    .text.cJSON_IsObject  cjson.o
    0x0800c388   0x0800c388   0x00000014   Code   RO         1720    .text.cJSON_IsString  cjson.o
    0x0800c39c   0x0800c39c   0x00000014   Code   RO         1870    .text.cJSON_IsTrue  cjson.o
    0x0800c3b0   0x0800c3b0   0x00000020   Code   RO         1746    .text.cJSON_Parse   cjson.o
    0x0800c3d0   0x0800c3d0   0x000001c6   Code   RO         1740    .text.cJSON_ParseWithLengthOpts  cjson.o
    0x0800c596   0x0800c596   0x00000002   PAD
    0x0800c598   0x0800c598   0x00000006   Code   RO         1754    .text.cJSON_PrintUnformatted  cjson.o
    0x0800c59e   0x0800c59e   0x00000002   PAD
    0x0800c5a0   0x0800c5a0   0x00000004   Code   RO         2096    .text.cjson_free_rtos  huawei_iot_app.o
    0x0800c5a4   0x0800c5a4   0x00000004   Code   RO         2094    .text.cjson_malloc_rtos  huawei_iot_app.o
    0x0800c5a8   0x0800c5a8   0x0000008c   Code   RO         2456    .text.eTaskGetState  tasks.o
    0x0800c634   0x0800c634   0x000000c4   Code   RO         1894    .text.ensure        cjson.o
    0x0800c6f8   0x0800c6f8   0x00000060   Code   RO         2080    .text.format_location_string  device_properties.o
    0x0800c758   0x0800c758   0x00000020   Code   RO           32    .text.fputc         main.o
    0x0800c778   0x0800c778   0x000000ba   Code   RO         2194    .text.generate_lora_frame  lora_protocol.o
    0x0800c832   0x0800c832   0x00000002   PAD
    0x0800c834   0x0800c834   0x000000e4   Code   RO         2124    .text.handle_setFanSpeed  huawei_iot_app.o
    0x0800c918   0x0800c918   0x000000ec   Code   RO         2118    .text.handle_setFanStatus  huawei_iot_app.o
    0x0800ca04   0x0800ca04   0x000000fc   Code   RO         2120    .text.handle_setGrowLightStatus  huawei_iot_app.o
    0x0800cb00   0x0800cb00   0x000000e4   Code   RO         2126    .text.handle_setPumpSpeed  huawei_iot_app.o
    0x0800cbe4   0x0800cbe4   0x000000f4   Code   RO         2122    .text.handle_setPumpStatus  huawei_iot_app.o
    0x0800ccd8   0x0800ccd8   0x00000030   Code   RO         2202    .text.lora_model_parse_control_data  lora_protocol.o
    0x0800cd08   0x0800cd08   0x000001e0   Code   RO         2200    .text.lora_model_parse_sensor_data_external  lora_protocol.o
    0x0800cee8   0x0800cee8   0x000001ec   Code   RO         2198    .text.lora_model_parse_sensor_data_internal  lora_protocol.o
    0x0800d0d4   0x0800d0d4   0x000005d4   Code   RO           34    .text.main          main.o
    0x0800d6a8   0x0800d6a8   0x0000001c   Code   RO         2000    .text.newLoRa       lora.o
    0x0800d6c4   0x0800d6c4   0x00000010   Code   RO           17    .text.on_cloud_command  app_main.o
    0x0800d6d4   0x0800d6d4   0x0000003e   Code   RO           15    .text.on_module_ready  app_main.o
    0x0800d712   0x0800d712   0x00000002   PAD
    0x0800d714   0x0800d714   0x00000040   Code   RO         2727    .text.osDelay       cmsis_os2.o
    0x0800d754   0x0800d754   0x0000004c   Code   RO         2745    .text.osEventFlagsNew  cmsis_os2.o
    0x0800d7a0   0x0800d7a0   0x0000008a   Code   RO         2747    .text.osEventFlagsSet  cmsis_os2.o
    0x0800d82a   0x0800d82a   0x00000002   PAD
    0x0800d82c   0x0800d82c   0x00000088   Code   RO         2753    .text.osEventFlagsWait  cmsis_os2.o
    0x0800d8b4   0x0800d8b4   0x00000036   Code   RO         2683    .text.osKernelGetTickCount  cmsis_os2.o
    0x0800d8ea   0x0800d8ea   0x00000002   PAD
    0x0800d8ec   0x0800d8ec   0x00000050   Code   RO         2669    .text.osKernelInitialize  cmsis_os2.o
    0x0800d93c   0x0800d93c   0x00000060   Code   RO         2675    .text.osKernelStart  cmsis_os2.o
    0x0800d99c   0x0800d99c   0x000000b2   Code   RO         2781    .text.osMessageQueueGet  cmsis_os2.o
    0x0800da4e   0x0800da4e   0x00000002   PAD
    0x0800da50   0x0800da50   0x00000040   Code   RO         2787    .text.osMessageQueueGetCount  cmsis_os2.o
    0x0800da90   0x0800da90   0x000000a2   Code   RO         2777    .text.osMessageQueueNew  cmsis_os2.o
    0x0800db32   0x0800db32   0x00000002   PAD
    0x0800db34   0x0800db34   0x000000ae   Code   RO         2779    .text.osMessageQueuePut  cmsis_os2.o
    0x0800dbe2   0x0800dbe2   0x00000002   PAD
    0x0800dbe4   0x0800dbe4   0x00000064   Code   RO         2759    .text.osMutexAcquire  cmsis_os2.o
    0x0800dc48   0x0800dc48   0x0000004c   Code   RO         2765    .text.osMutexDelete  cmsis_os2.o
    0x0800dc94   0x0800dc94   0x000000ac   Code   RO         2757    .text.osMutexNew    cmsis_os2.o
    0x0800dd40   0x0800dd40   0x00000062   Code   RO         2761    .text.osMutexRelease  cmsis_os2.o
    0x0800dda2   0x0800dda2   0x00000002   PAD
    0x0800dda4   0x0800dda4   0x00000090   Code   RO         2769    .text.osSemaphoreAcquire  cmsis_os2.o
    0x0800de34   0x0800de34   0x00000048   Code   RO         2775    .text.osSemaphoreDelete  cmsis_os2.o
    0x0800de7c   0x0800de7c   0x000000d4   Code   RO         2767    .text.osSemaphoreNew  cmsis_os2.o
    0x0800df50   0x0800df50   0x0000007a   Code   RO         2771    .text.osSemaphoreRelease  cmsis_os2.o
    0x0800dfca   0x0800dfca   0x00000002   PAD
    0x0800dfcc   0x0800dfcc   0x000000f6   Code   RO         2691    .text.osThreadNew   cmsis_os2.o
    0x0800e0c2   0x0800e0c2   0x00000002   PAD
    0x0800e0c4   0x0800e0c4   0x00000054   Code   RO         2713    .text.osThreadTerminate  cmsis_os2.o
    0x0800e118   0x0800e118   0x00000100   Code   RO         1892    .text.parse_hex4    cjson.o
    0x0800e218   0x0800e218   0x00000118   Code   RO         2196    .text.parse_lora_frame  lora_protocol.o
    0x0800e330   0x0800e330   0x00000316   Code   RO         1890    .text.parse_object  cjson.o
    0x0800e646   0x0800e646   0x00000002   PAD
    0x0800e648   0x0800e648   0x000003f2   Code   RO         1888    .text.parse_string  cjson.o
    0x0800ea3a   0x0800ea3a   0x00000006   PAD
    0x0800ea40   0x0800ea40   0x00000348   Code   RO         1742    .text.parse_value   cjson.o
    0x0800ed88   0x0800ed88   0x000000c2   Code   RO         1752    .text.print         cjson.o
    0x0800ee4a   0x0800ee4a   0x00000002   PAD
    0x0800ee4c   0x0800ee4c   0x0000034c   Code   RO         1896    .text.print_string_ptr  cjson.o
    0x0800f198   0x0800f198   0x000006e0   Code   RO         1758    .text.print_value   cjson.o
    0x0800f878   0x0800f878   0x000002a6   Code   RO         2442    .text.prvAddNewTaskToReadyList  tasks.o
    0x0800fb1e   0x0800fb1e   0x00000002   PAD
    0x0800fb20   0x0800fb20   0x00000066   Code   RO         2474    .text.prvIdleTask   tasks.o
    0x0800fb86   0x0800fb86   0x00000002   PAD
    0x0800fb88   0x0800fb88   0x000000f6   Code   RO         2440    .text.prvInitialiseNewTask  tasks.o
    0x0800fc7e   0x0800fc7e   0x00000002   PAD
    0x0800fc80   0x0800fc80   0x00000036   Code   RO         2625    .text.prvTaskExitError  port.o
    0x0800fcb6   0x0800fcb6   0x00000002   PAD
    0x0800fcb8   0x0800fcb8   0x00000312   Code   RO         2561    .text.prvTimerTask  timers.o
    0x0800ffca   0x0800ffca   0x00000002   PAD
    0x0800ffcc   0x0800ffcc   0x00000074   Code   RO         2339    .text.prvUnlockQueue  queue.o
    0x08010040   0x08010040   0x000001b0   Code   RO         2830    .text.pvPortMalloc  heap_4.o
    0x080101f0   0x080101f0   0x00000018   Code   RO         2530    .text.pvTaskIncrementMutexHeldCount  tasks.o
    0x08010208   0x08010208   0x0000006e   Code   RO         2623    .text.pxPortInitialiseStack  port.o
    0x08010276   0x08010276   0x00000002   PAD
    0x08010278   0x08010278   0x00000140   Code   RO         2128    .text.send_lora_command  huawei_iot_app.o
    0x080103b8   0x080103b8   0x00000016   Code   RO         2652    .text.ulSetInterruptMask  portasm.o
    0x080103ce   0x080103ce   0x00000002   PAD
    0x080103d0   0x080103d0   0x000000f4   Code   RO         2100    .text.update_hardware_from_properties  huawei_iot_app.o
    0x080104c4   0x080104c4   0x00000022   Code   RO         2303    .text.uxListRemove  list.o
    0x080104e6   0x080104e6   0x00000002   PAD
    0x080104e8   0x080104e8   0x0000001a   Code   RO         2353    .text.uxQueueMessagesWaiting  queue.o
    0x08010502   0x08010502   0x00000002   PAD
    0x08010504   0x08010504   0x00000016   Code   RO         2357    .text.uxQueueMessagesWaitingFromISR  queue.o
    0x0801051a   0x0801051a   0x00000002   PAD
    0x0801051c   0x0801051c   0x0000000c   Code   RO         2484    .text.uxTaskGetNumberOfTasks  tasks.o
    0x08010528   0x08010528   0x00000054   Code   RO         2516    .text.uxTaskGetStackHighWaterMark  tasks.o
    0x0801057c   0x0801057c   0x0000001a   Code   RO         2528    .text.uxTaskResetEventItemValue  tasks.o
    0x08010596   0x08010596   0x00000002   PAD
    0x08010598   0x08010598   0x0000001c   Code   RO         2813    .text.vApplicationGetIdleTaskMemory  cmsis_os2.o
    0x080105b4   0x080105b4   0x0000001c   Code   RO         2815    .text.vApplicationGetTimerTaskMemory  cmsis_os2.o
    0x080105d0   0x080105d0   0x0000000e   Code   RO         2654    .text.vClearInterruptMask  portasm.o
    0x080105de   0x080105de   0x00000002   PAD
    0x080105e0   0x080105e0   0x00000004   Code   RO         2279    .text.vEventGroupSetBitsCallback  event_groups.o
    0x080105e4   0x080105e4   0x00000016   Code   RO         2295    .text.vListInitialise  list.o
    0x080105fa   0x080105fa   0x00000002   PAD
    0x080105fc   0x080105fc   0x00000006   Code   RO         2297    .text.vListInitialiseItem  list.o
    0x08010602   0x08010602   0x00000002   PAD
    0x08010604   0x08010604   0x00000062   Code   RO         2301    .text.vListInsert   list.o
    0x08010666   0x08010666   0x00000002   PAD
    0x08010668   0x08010668   0x0000001a   Code   RO         2299    .text.vListInsertEnd  list.o
    0x08010682   0x08010682   0x00000002   PAD
    0x08010684   0x08010684   0x0000001e   Code   RO         2615    .text.vPortEnterCritical  port.o
    0x080106a2   0x080106a2   0x00000002   PAD
    0x080106a4   0x080106a4   0x0000002e   Code   RO         2617    .text.vPortExitCritical  port.o
    0x080106d2   0x080106d2   0x00000002   PAD
    0x080106d4   0x080106d4   0x000000c4   Code   RO         2832    .text.vPortFree     heap_4.o
    0x08010798   0x08010798   0x0000003a   Code   RO         2621    .text.vPortSVCHandler_C  port.o
    0x080107d2   0x080107d2   0x00000002   PAD
    0x080107d4   0x080107d4   0x00000034   Code   RO         2611    .text.vPortSetupTimerInterrupt  port.o
    0x08010808   0x08010808   0x00000018   Code   RO         2613    .text.vPortYield    port.o
    0x08010820   0x08010820   0x0000012e   Code   RO         2373    .text.vQueueAddToRegistry  queue.o
    0x0801094e   0x0801094e   0x00000002   PAD
    0x08010950   0x08010950   0x0000007a   Code   RO         2359    .text.vQueueDelete  queue.o
    0x080109ca   0x080109ca   0x00000002   PAD
    0x080109cc   0x080109cc   0x0000009e   Code   RO         2361    .text.vQueueUnregisterQueue  queue.o
    0x08010a6a   0x08010a6a   0x00000002   PAD
    0x08010a6c   0x08010a6c   0x00000052   Code   RO         2377    .text.vQueueWaitForMessageRestricted  queue.o
    0x08010abe   0x08010abe   0x00000002   PAD
    0x08010ac0   0x08010ac0   0x00000034   Code   RO         2642    .text.vRestoreContextOfFirstTask  portasm.o
    0x08010af4   0x08010af4   0x0000000c   PAD
    0x08010b00   0x08010b00   0x00000024   Code   RO         2650    .text.vStartFirstTask  portasm.o
    0x08010b24   0x08010b24   0x00000074   Code   RO         2454    .text.vTaskDelay    tasks.o
    0x08010b98   0x08010b98   0x000000ca   Code   RO         2446    .text.vTaskDelete   tasks.o
    0x08010c62   0x08010c62   0x00000002   PAD
    0x08010c64   0x08010c64   0x00000012   Code   RO         2504    .text.vTaskInternalSetTimeOutState  tasks.o
    0x08010c76   0x08010c76   0x00000002   PAD
    0x08010c78   0x08010c78   0x0000000e   Code   RO         2508    .text.vTaskMissedYield  tasks.o
    0x08010c86   0x08010c86   0x00000002   PAD
    0x08010c88   0x08010c88   0x00000092   Code   RO         2492    .text.vTaskPlaceOnEventList  tasks.o
    0x08010d1a   0x08010d1a   0x00000002   PAD
    0x08010d1c   0x08010d1c   0x000000ac   Code   RO         2496    .text.vTaskPlaceOnEventListRestricted  tasks.o
    0x08010dc8   0x08010dc8   0x000000be   Code   RO         2494    .text.vTaskPlaceOnUnorderedEventList  tasks.o
    0x08010e86   0x08010e86   0x00000002   PAD
    0x08010e88   0x08010e88   0x000000a0   Code   RO         2526    .text.vTaskPriorityDisinheritAfterTimeout  tasks.o
    0x08010f28   0x08010f28   0x000000ba   Code   RO         2500    .text.vTaskRemoveFromUnorderedEventList  tasks.o
    0x08010fe2   0x08010fe2   0x00000002   PAD
    0x08010fe4   0x08010fe4   0x000000c8   Code   RO         2472    .text.vTaskStartScheduler  tasks.o
    0x080110ac   0x080110ac   0x00000010   Code   RO         2450    .text.vTaskSuspendAll  tasks.o
    0x080110bc   0x080110bc   0x000000b4   Code   RO         2466    .text.vTaskSwitchContext  tasks.o
    0x08011170   0x08011170   0x00000022   Code   RO         2261    .text.xEventGroupCreate  event_groups.o
    0x08011192   0x08011192   0x00000002   PAD
    0x08011194   0x08011194   0x00000036   Code   RO         2259    .text.xEventGroupCreateStatic  event_groups.o
    0x080111ca   0x080111ca   0x00000002   PAD
    0x080111cc   0x080111cc   0x00000012   Code   RO         2275    .text.xEventGroupGetBitsFromISR  event_groups.o
    0x080111de   0x080111de   0x00000002   PAD
    0x080111e0   0x080111e0   0x00000082   Code   RO         2265    .text.xEventGroupSetBits  event_groups.o
    0x08011262   0x08011262   0x00000002   PAD
    0x08011264   0x08011264   0x00000012   Code   RO         2281    .text.xEventGroupSetBitsFromISR  event_groups.o
    0x08011276   0x08011276   0x00000002   PAD
    0x08011278   0x08011278   0x000000ee   Code   RO         2267    .text.xEventGroupWaitBits  event_groups.o
    0x08011366   0x08011366   0x00000002   PAD
    0x08011368   0x08011368   0x0000000c   Code   RO         2834    .text.xPortGetFreeHeapSize  heap_4.o
    0x08011374   0x08011374   0x0000000c   Code   RO         2836    .text.xPortGetMinimumEverFreeHeapSize  heap_4.o
    0x08011380   0x08011380   0x0000005c   Code   RO         2627    .text.xPortStartScheduler  port.o
    0x080113dc   0x080113dc   0x00000026   Code   RO         2619    .text.xPortSysTickHandler  port.o
    0x08011402   0x08011402   0x00000002   PAD
    0x08011404   0x08011404   0x00000022   Code   RO         2337    .text.xQueueCreateCountingSemaphore  queue.o
    0x08011426   0x08011426   0x00000002   PAD
    0x08011428   0x08011428   0x0000002e   Code   RO         2335    .text.xQueueCreateCountingSemaphoreStatic  queue.o
    0x08011456   0x08011456   0x00000002   PAD
    0x08011458   0x08011458   0x00000070   Code   RO         2319    .text.xQueueCreateMutex  queue.o
    0x080114c8   0x080114c8   0x00000030   Code   RO         2321    .text.xQueueCreateMutexStatic  queue.o
    0x080114f8   0x080114f8   0x00000086   Code   RO         2317    .text.xQueueGenericCreate  queue.o
    0x0801157e   0x0801157e   0x00000002   PAD
    0x08011580   0x08011580   0x0000009e   Code   RO         2315    .text.xQueueGenericCreateStatic  queue.o
    0x0801161e   0x0801161e   0x00000002   PAD
    0x08011620   0x08011620   0x00000244   Code   RO         2329    .text.xQueueGenericSend  queue.o
    0x08011864   0x08011864   0x00000138   Code   RO         2341    .text.xQueueGenericSendFromISR  queue.o
    0x0801199c   0x0801199c   0x000000d0   Code   RO         2343    .text.xQueueGiveFromISR  queue.o
    0x08011a6c   0x08011a6c   0x00000038   Code   RO         2327    .text.xQueueGiveMutexRecursive  queue.o
    0x08011aa4   0x08011aa4   0x000001d6   Code   RO         2345    .text.xQueueReceive  queue.o
    0x08011c7a   0x08011c7a   0x00000002   PAD
    0x08011c7c   0x08011c7c   0x000000c6   Code   RO         2349    .text.xQueueReceiveFromISR  queue.o
    0x08011d42   0x08011d42   0x00000002   PAD
    0x08011d44   0x08011d44   0x00000216   Code   RO         2333    .text.xQueueSemaphoreTake  queue.o
    0x08011f5a   0x08011f5a   0x00000002   PAD
    0x08011f5c   0x08011f5c   0x0000003e   Code   RO         2331    .text.xQueueTakeMutexRecursive  queue.o
    0x08011f9a   0x08011f9a   0x00000002   PAD
    0x08011f9c   0x08011f9c   0x00000082   Code   RO         2506    .text.xTaskCheckForTimeOut  tasks.o
    0x0801201e   0x0801201e   0x00000002   PAD
    0x08012020   0x08012020   0x00000060   Code   RO         2444    .text.xTaskCreate   tasks.o
    0x08012080   0x08012080   0x0000006e   Code   RO         2438    .text.xTaskCreateStatic  tasks.o
    0x080120ee   0x080120ee   0x00000002   PAD
    0x080120f0   0x080120f0   0x0000000c   Code   RO         2518    .text.xTaskGetCurrentTaskHandle  tasks.o
    0x080120fc   0x080120fc   0x0000001e   Code   RO         2520    .text.xTaskGetSchedulerState  tasks.o
    0x0801211a   0x0801211a   0x00000002   PAD
    0x0801211c   0x0801211c   0x0000000c   Code   RO         2480    .text.xTaskGetTickCount  tasks.o
    0x08012128   0x08012128   0x0000000c   Code   RO         2482    .text.xTaskGetTickCountFromISR  tasks.o
    0x08012134   0x08012134   0x0000016e   Code   RO         2478    .text.xTaskIncrementTick  tasks.o
    0x080122a2   0x080122a2   0x00000002   PAD
    0x080122a4   0x080122a4   0x00000092   Code   RO         2524    .text.xTaskPriorityDisinherit  tasks.o
    0x08012336   0x08012336   0x00000002   PAD
    0x08012338   0x08012338   0x000000ac   Code   RO         2522    .text.xTaskPriorityInherit  tasks.o
    0x080123e4   0x080123e4   0x000000d0   Code   RO         2498    .text.xTaskRemoveFromEventList  tasks.o
    0x080124b4   0x080124b4   0x00000120   Code   RO         2452    .text.xTaskResumeAll  tasks.o
    0x080125d4   0x080125d4   0x000000ac   Code   RO         2559    .text.xTimerCreateTimerTask  timers.o
    0x08012680   0x08012680   0x0000002a   Code   RO         2591    .text.xTimerPendFunctionCallFromISR  timers.o
    0x080126aa   0x080126aa   0x00000002   PAD
    0x080126ac   0x080126ac   0x00000020   Code   RO         3159    i.__0printf         mc_w.l(printfa.o)
    0x080126cc   0x080126cc   0x00000034   Code   RO         3160    i.__0snprintf       mc_w.l(printfa.o)
    0x08012700   0x08012700   0x00000028   Code   RO         3161    i.__0sprintf        mc_w.l(printfa.o)
    0x08012728   0x08012728   0x0000005c   Code   RO         3191    i.__free$realloc    mc_w.l(mallocr.o)
    0x08012784   0x08012784   0x00000004   PAD
    0x08012788   0x08012788   0x000000e0   Code   RO         2853    i.__hardfp_round    m_wm.l(round.o)
    0x08012868   0x08012868   0x00000028   Code   RO         2857    i.__hardfp_strtod   m_wm.l(strtod.o)
    0x08012890   0x08012890   0x00000050   Code   RO         3192    i.__malloc$realloc  mc_w.l(mallocr.o)
    0x080128e0   0x080128e0   0x0000000e   Code   RO         3315    i.__scatterload_copy  mc_w.l(handlers.o)
    0x080128ee   0x080128ee   0x00000002   Code   RO         3316    i.__scatterload_null  mc_w.l(handlers.o)
    0x080128f0   0x080128f0   0x0000000e   Code   RO         3317    i.__scatterload_zeroinit  mc_w.l(handlers.o)
    0x080128fe   0x080128fe   0x00000002   PAD
    0x08012900   0x08012900   0x00000184   Code   RO         3166    i._fp_digits        mc_w.l(printfa.o)
    0x08012a84   0x08012a84   0x0000000e   Code   RO         3221    i._is_digit         mc_w.l(scanf_fp.o)
    0x08012a92   0x08012a92   0x00000002   PAD
    0x08012a94   0x08012a94   0x000006dc   Code   RO         3167    i._printf_core      mc_w.l(printfa.o)
    0x08013170   0x08013170   0x00000024   Code   RO         3168    i._printf_post_padding  mc_w.l(printfa.o)
    0x08013194   0x08013194   0x0000002e   Code   RO         3169    i._printf_pre_padding  mc_w.l(printfa.o)
    0x080131c2   0x080131c2   0x00000016   Code   RO         3170    i._snputc           mc_w.l(printfa.o)
    0x080131d8   0x080131d8   0x0000000a   Code   RO         3171    i._sputc            mc_w.l(printfa.o)
    0x080131e2   0x080131e2   0x00000002   PAD
    0x080131e4   0x080131e4   0x00000050   Code   RO         3193    i.internal_alloc    mc_w.l(mallocr.o)
    0x08013234   0x08013234   0x00000024   Code   RO         2866    i.puts              mc_w.l(puts.o)
    0x08013258   0x08013258   0x0000006c   Code   RO         3194    i.realloc           mc_w.l(mallocr.o)
    0x080132c4   0x080132c4   0x00000081   Data   RO         2873    .constdata          mc_w.l(ctype_o.o)
    0x08013345   0x08013345   0x00000003   PAD
    0x08013348   0x08013348   0x00000004   Data   RO         2874    .constdata          mc_w.l(ctype_o.o)
    0x0801334c   0x0801334c   0x00000004   PAD
    0x08013350   0x08013350   0x00000008   Data   RO         2130    .rodata..L__const.HuaweiIoT_Init.hooks  huawei_iot_app.o
    0x08013358   0x08013358   0x00000050   Data   RO         2044    .rodata..L__const.LoRa_setAutoLDO.BW  lora.o
    0x080133a8   0x080133a8   0x00000010   Data   RO         1705    .rodata.AHBPrescTable  system_stm32u5xx.o
    0x080133b8   0x080133b8   0x00000008   Data   RO         1706    .rodata.APBPrescTable  system_stm32u5xx.o
    0x080133c0   0x080133c0   0x00000080   Data   RO          945    .rodata.LPGPIO_Map  stm32u5xx_hal_gpio.o
    0x08013440   0x08013440   0x00000040   Data   RO         1707    .rodata.MSIRangeTable  system_stm32u5xx.o
    0x08013480   0x08013480   0x00000018   Data   RO         1646    .rodata.UARTPrescTable  stm32u5xx_hal_uart.o
    0x08013498   0x08013498   0x00000028   Data   RO         2132    .rodata.command_table  huawei_iot_app.o
    0x080134c0   0x080134c0   0x00000010   Data   RO         1691    .rodata.cst8        stm32u5xx_hal_uart_ex.o
    0x080134d0   0x080134d0   0x00000024   Data   RO           64    .rodata.defaultTask_attributes  app_freertos.o
    0x080134f4   0x080134f4   0x0000029c   Data   RO           20    .rodata.str1.1      app_main.o
    0x08013790   0x08013790   0x0000000c   Data   RO           63    .rodata.str1.1      app_freertos.o
    0x0801379c   0x0801379c   0x00000013   Data   RO         1900    .rodata.str1.1      cjson.o
    0x080137af   0x080137af   0x0000000b   Data   RO         1991    .rodata.str1.1      at_handler.o
    0x080137ba   0x080137ba   0x00000010   Data   RO         2069    .rodata.str1.1      device_manager.o
    0x080137ca   0x080137ca   0x00000924   Data   RO         2131    .rodata.str1.1      huawei_iot_app.o
    0x080140ee   0x080140ee   0x00000280   Data   RO         2153    .rodata.str1.1      lora_app.o
    0x0801436e   0x0801436e   0x00000092   Data   RO         2218    .rodata.str1.1      task_monitor.o
    0x08014400   0x08014400   0x00000085   Data   RO         2248    .rodata.str1.1      system_monitor.o
    0x08014485   0x08014485   0x00000005   Data   RO         2601    .rodata.str1.1      timers.o
    0x0801448a   0x0801448a   0x00000002   PAD
    0x0801448c   0x0801448c   0x00000010   Data   RO           19    .rodata.urc_table   app_main.o
    0x0801449c   0x0801449c   0x00000004   Data   RO         2547    .rodata.uxTopUsedPriority  tasks.o
    0x080144a0   0x080144a0   0x00000020   Data   RO         3314    Region$$Table       anon$$obj.o


    Execution Region RW_IRAM1 (Exec base: 0x20000000, Load base: 0x080144c0, Size: 0x000229a0, Max: 0x000c0000, ABSOLUTE)

    Exec Addr    Load Addr    Size         Type   Attr      Idx    E Section Name        Object

    0x20000000   0x080144c0   0x00000004   Data   RW         3261    .data               mc_w.l(stdout.o)
    0x20000004   0x080144c4   0x00000004   Data   RW         3279    .data               mc_w.l(mvars.o)
    0x20000008   0x080144c8   0x00000004   Data   RW         3280    .data               mc_w.l(mvars.o)
    0x2000000c   0x080144cc   0x00000008   Data   RW          711    .data..L_MergedGlobals  stm32u5xx_hal.o
    0x20000014   0x080144d4   0x00000004   Data   RW         1704    .data.SystemCoreClock  system_stm32u5xx.o
    0x20000018   0x080144d8   0x0000000c   Data   RW         1899    .data.global_hooks  cjson.o
    0x20000024   0x080144e4   0x00000004   Data   RW         2633    .data.ulCriticalNesting  port.o
    0x20000028        -       0x00000058   Zero   RW           21    .bss..L_MergedGlobals  app_main.o
    0x20000080        -       0x0000004c   Zero   RW           50    .bss..L_MergedGlobals  main.o
    0x200000cc        -       0x00000008   Zero   RW         1901    .bss..L_MergedGlobals  cjson.o
    0x200000d4        -       0x00000008   Zero   RW         2071    .bss..L_MergedGlobals  device_manager.o
    0x200000dc        -       0x00000005   Zero   RW         2134    .bss..L_MergedGlobals  huawei_iot_app.o
    0x200000e1   0x080144e8   0x00000003   PAD
    0x200000e4        -       0x0000003c   Zero   RW         2155    .bss..L_MergedGlobals  lora_app.o
    0x20000120        -       0x00000008   Zero   RW         2219    .bss..L_MergedGlobals  task_monitor.o
    0x20000128        -       0x00000008   Zero   RW         2249    .bss..L_MergedGlobals  system_monitor.o
    0x20000130        -       0x00000074   Zero   RW         2549    .bss..L_MergedGlobals  tasks.o
    0x200001a4        -       0x0000003c   Zero   RW         2602    .bss..L_MergedGlobals  timers.o
    0x200001e0        -       0x0000001c   Zero   RW         2845    .bss..L_MergedGlobals  heap_4.o
    0x200001fc        -       0x00000028   Zero   RW         2550    .bss..L_MergedGlobals.2  tasks.o
    0x20000224        -       0x00000004   Zero   RW         2817    .bss.KernelState    cmsis_os2.o
    0x20000228        -       0x00000004   Zero   RW           65    .bss.defaultTaskHandle  app_freertos.o
    0x2000022c   0x080144e8   0x00000004   PAD
    0x20000230        -       0x00000550   Zero   RW         2070    .bss.g_device_list  device_manager.o
    0x20000780        -       0x00000078   Zero   RW           48    .bss.handle_GPDMA1_Channel0  main.o
    0x200007f8        -       0x00000078   Zero   RW           47    .bss.handle_GPDMA1_Channel1  main.o
    0x20000870        -       0x00000090   Zero   RW           43    .bss.hspi2          main.o
    0x20000900        -       0x00000090   Zero   RW           44    .bss.hspi3          main.o
    0x20000990        -       0x0000004c   Zero   RW           45    .bss.htim2          main.o
    0x200009dc        -       0x0000004c   Zero   RW          149    .bss.htim6          stm32u5xx_hal_timebase_tim.o
    0x20000a28        -       0x00000094   Zero   RW           42    .bss.huart1         main.o
    0x20000abc        -       0x00000094   Zero   RW           46    .bss.huart3         main.o
    0x20000b50        -       0x000000a0   Zero   RW         2600    .bss.prvCheckForValidListAndQueue.ucStaticTimerQueueStorage  timers.o
    0x20000bf0        -       0x00000050   Zero   RW         2599    .bss.prvCheckForValidListAndQueue.xStaticTimerQueue  timers.o
    0x20000c40        -       0x00000004   Zero   RW         2546    .bss.pxCurrentTCB   tasks.o
    0x20000c44        -       0x00000460   Zero   RW         2548    .bss.pxReadyTasksLists  tasks.o
    0x200010a4        -       0x000000ff   Zero   RW         2154    .bss.s_lora_rx_buffer  lora_app.o
    0x200011a3        -       0x000000ff   Zero   RW         2133    .bss.s_lora_tx_buffer  huawei_iot_app.o
    0x200012a2        -       0x00020000   Zero   RW         2844    .bss.ucHeap         heap_4.o
    0x200212a2   0x080144e8   0x00000002   PAD
    0x200212a4        -       0x00000004   Zero   RW          710    .bss.uwTick         stm32u5xx_hal.o
    0x200212a8        -       0x00000800   Zero   RW         2819    .bss.vApplicationGetIdleTaskMemory.Idle_Stack  cmsis_os2.o
    0x20021aa8        -       0x0000005c   Zero   RW         2818    .bss.vApplicationGetIdleTaskMemory.Idle_TCB  cmsis_os2.o
    0x20021b04        -       0x00000800   Zero   RW         2821    .bss.vApplicationGetTimerTaskMemory.Timer_Stack  cmsis_os2.o
    0x20022304        -       0x0000005c   Zero   RW         2820    .bss.vApplicationGetTimerTaskMemory.Timer_TCB  cmsis_os2.o
    0x20022360        -       0x00000040   Zero   RW         2379    .bss.xQueueRegistry  queue.o
    0x200223a0        -       0x00000200   Zero   RW            2    HEAP                startup_stm32u575xx.o
    0x200225a0        -       0x00000400   Zero   RW            1    STACK               startup_stm32u575xx.o


==============================================================================

Image component sizes


      Code (inc. data)   RO Data    RW Data    ZI Data      Debug   Object Name

        80          0         48          0          4       2987   app_freertos.o
       712        146        684          0         88       7679   app_main.o
      1514         56         11          0          0      12579   at_handler.o
      8194        624         19         12          8      76443   cjson.o
      2634          0          0          0       4284      59029   cmsis_os2.o
      1156         72         16          0       1368       7638   device_manager.o
        96         20          0          0          0       1709   device_properties.o
       496          0          0          0          0      10375   event_groups.o
       652          0          0          0     131100       5948   heap_4.o
      6990       1508       2388          0        260      25145   huawei_iot_app.o
       186          0          0          0          0       2388   list.o
      2472         20         80          0          0      20202   lora.o
      1536        384        640          0        315      12883   lora_app.o
      1486         36          0          0          0      11015   lora_protocol.o
      1586         80          0          0        976      23818   main.o
       504          0          0          4          0       3586   port.o
       260         16          0          0          0       1377   portasm.o
      3780          0          0          0         64      28875   queue.o
        40         10        568          0       1536        896   startup_stm32u575xx.o
       170          0          0          8          4      12274   stm32u5xx_hal.o
       270          6          0          0          0      14429   stm32u5xx_hal_cortex.o
       124          0          0          0          0       7949   stm32u5xx_hal_crc.o
       108          4          0          0          0       2898   stm32u5xx_hal_crc_ex.o
      2278          0          0          0          0      11413   stm32u5xx_hal_dma.o
       200          0          0          0          0      45289   stm32u5xx_hal_dma_ex.o
       654          0        128          0          0       7054   stm32u5xx_hal_gpio.o
        20          0          0          0          0       5223   stm32u5xx_hal_icache.o
       138          0          0          0          0       2154   stm32u5xx_hal_iwdg.o
      1070          0          0          0          0      18889   stm32u5xx_hal_msp.o
       266          0          0          0          0      14252   stm32u5xx_hal_pwr_ex.o
      4296         16          0          0          0      16116   stm32u5xx_hal_rcc.o
      5432        322          0          0          0      22413   stm32u5xx_hal_rcc_ex.o
       722          0          0          0          0       5254   stm32u5xx_hal_rng.o
      2160          0          0          0          0      25043   stm32u5xx_hal_spi.o
        74          0          0          0          0       7005   stm32u5xx_hal_spi_ex.o
      4048          8          0          0          0      79886   stm32u5xx_hal_tim.o
       364          0          0          0          0      33590   stm32u5xx_hal_tim_ex.o
       164          0          0          0         76       9848   stm32u5xx_hal_timebase_tim.o
      6136          0         24          0          0      39857   stm32u5xx_hal_uart.o
       486          0         16          0          0      12783   stm32u5xx_hal_uart_ex.o
       104          0          0          0          0       9451   stm32u5xx_it.o
       356        152        133          0          8       3774   system_monitor.o
        76          0         88          4          0       4456   system_stm32u5xx.o
       256        112        146          0          8       1815   task_monitor.o
      4494          8          4          0       1280      46313   tasks.o
      1000         20          5          0        300      16802   timers.o

    ----------------------------------------------------------------------
     70188       3636       5032         28     141688     790802   Object Totals
         0          0         32          0          0          0   (incl. Generated)
       348         16          2          0          9          0   (incl. Padding)

    ----------------------------------------------------------------------

      Code (inc. data)   RO Data    RW Data    ZI Data      Debug   Library Member Name

       224         30          0          0          0        172   round.o
        40          8          0          0          0        128   strtod.o
        56          8          0          0          0         84   __0sscanf.o
       812          4          0          0          0        112   _scanf.o
       224          0          0          0          0         96   _scanf_str.o
        64          0          0          0          0         84   _sgetc.o
         8          4        133          0          0         68   ctype_o.o
         0          0          0          0          0          0   entry.o
         0          0          0          0          0          0   entry10a.o
         0          0          0          0          0          0   entry11a.o
         8          4          0          0          0          0   entry2.o
         4          0          0          0          0          0   entry5.o
         0          0          0          0          0          0   entry7b.o
         0          0          0          0          0          0   entry8b.o
         8          4          0          0          0          0   entry9a.o
        30          0          0          0          0          0   handlers.o
        48         10          0          0          0         68   init.o
        18          0          0          0          0         76   isspace_o.o
         0          0          0          0          0          0   iusefp.o
        30          0          0          0          0         68   llshl.o
        36          0          0          0          0         68   llsshr.o
        32          0          0          0          0         68   llushr.o
       360         30          0          0          0        356   mallocr.o
        36          0          0          0          0         68   memcpya.o
        36          0          0          0          0        108   memseta.o
         0          0          0          8          0          0   mvars.o
      2382        100          0          0          0        760   printfa.o
        36          6          0          0          0         80   puts.o
        40          8          0          0          0         84   scanf_char.o
       878         12          0          0          0        216   scanf_fp.o
         0          0          0          4          0          0   stdout.o
        20          0          0          0          0         68   strchr.o
        28          0          0          0          0         76   strcmp.o
        14          0          0          0          0         68   strlen.o
        30          0          0          0          0         80   strncmp.o
        24          0          0          0          0         76   strncpy.o
        36          0          0          0          0         80   strstr.o
       168         12          0          0          0        124   strtod.o
        12          0          0          0          0         68   tolower.o
        44          0          0          0          0         80   uidiv.o
        98          0          0          0          0         92   uldiv.o
        48          0          0          0          0         68   cdcmple.o
        48          0          0          0          0         68   cdrcmple.o
        56          0          0          0          0         88   d2f.o
       334          0          0          0          0        148   dadd.o
        56          0          0          0          0         80   dcmpeq.o
        54          0          0          0          0         80   dcmpge.o
        54          0          0          0          0         80   dcmpgt.o
        54          0          0          0          0         80   dcmple.o
        54          0          0          0          0         80   dcmplt.o
       222          0          0          0          0        100   ddiv.o
       186          0          0          0          0        176   depilogue.o
        62          0          0          0          0         80   dfixi.o
        48          0          0          0          0         68   dfixul.o
        34          0          0          0          0         76   dflti.o
        26          0          0          0          0         76   dfltui.o
        24          0          0          0          0         76   dfltul.o
       228          0          0          0          0         96   dmul.o
       136          4          0          0          0         92   drnd.o
        38          0          0          0          0         68   f2d.o
       110          0          0          0          0        168   fepilogue.o

    ----------------------------------------------------------------------
      7776        248        140         12          0       5424   Library Totals
        20          4          7          0          0          0   (incl. Padding)

    ----------------------------------------------------------------------

      Code (inc. data)   RO Data    RW Data    ZI Data      Debug   Library Name

       264         38          0          0          0        300   m_wm.l
      5620        202        133         12          0       3276   mc_w.l
      1872          4          0          0          0       1848   mf_w.l

    ----------------------------------------------------------------------
      7776        248        140         12          0       5424   Library Totals

    ----------------------------------------------------------------------

==============================================================================


      Code (inc. data)   RO Data    RW Data    ZI Data      Debug   

     77964       3884       5172         40     141688     792590   Grand Totals
     77964       3884       5172         40     141688     792590   ELF Image Totals
     77964       3884       5172         40          0          0   ROM Totals

==============================================================================

    Total RO  Size (Code + RO Data)                83136 (  81.19kB)
    Total RW  Size (RW Data + ZI Data)            141728 ( 138.41kB)
    Total ROM Size (Code + RO Data + RW Data)      83176 (  81.23kB)

==============================================================================

