Component: Arm Compiler for Embedded 6.23 Tool: armlink [5f102400]

==============================================================================

Section Cross References

    startup_stm32u031xx.o(RESET) refers to startup_stm32u031xx.o(STACK) for __initial_sp
    startup_stm32u031xx.o(RESET) refers to startup_stm32u031xx.o(.text) for Reset_Handler
    startup_stm32u031xx.o(RESET) refers to stm32u0xx_it.o(.text.NMI_Handler) for NMI_Handler
    startup_stm32u031xx.o(RESET) refers to stm32u0xx_it.o(.text.HardFault_Handler) for HardFault_Handler
    startup_stm32u031xx.o(RESET) refers to stm32u0xx_it.o(.text.SVC_Handler) for SVC_Handler
    startup_stm32u031xx.o(RESET) refers to stm32u0xx_it.o(.text.PendSV_Handler) for PendSV_Handler
    startup_stm32u031xx.o(RESET) refers to stm32u0xx_it.o(.text.SysTick_Handler) for SysTick_Handler
    startup_stm32u031xx.o(RESET) refers to stm32u0xx_it.o(.text.RTC_TAMP_IRQHandler) for RTC_TAMP_IRQHandler
    startup_stm32u031xx.o(RESET) refers to stm32u0xx_it.o(.text.EXTI0_1_IRQHandler) for EXTI0_1_IRQHandler
    startup_stm32u031xx.o(RESET) refers to stm32u0xx_it.o(.text.EXTI2_3_IRQHandler) for EXTI2_3_IRQHandler
    startup_stm32u031xx.o(RESET) refers to stm32u0xx_it.o(.text.DMA1_Channel1_IRQHandler) for DMA1_Channel1_IRQHandler
    startup_stm32u031xx.o(RESET) refers to stm32u0xx_it.o(.text.DMA1_Channel2_3_IRQHandler) for DMA1_Channel2_3_IRQHandler
    startup_stm32u031xx.o(RESET) refers to stm32u0xx_it.o(.text.USART1_IRQHandler) for USART1_IRQHandler
    startup_stm32u031xx.o(RESET) refers to stm32u0xx_it.o(.text.USART3_LPUART1_IRQHandler) for USART3_LPUART1_IRQHandler
    startup_stm32u031xx.o(.text) refers to system_stm32u0xx.o(.text.SystemInit) for SystemInit
    startup_stm32u031xx.o(.text) refers to entry.o(.ARM.Collect$$$$00000000) for __main
    main.o(.text.print_hex) refers to puts.o(i.puts) for puts
    main.o(.text.print_hex) refers to printfa.o(i.__0printf) for __2printf
    main.o(.text.print_hex) refers to putchar.o(i.putchar) for putchar
    main.o(.text.print_hex) refers to main.o(.rodata.str1.1) for [Anonymous Symbol]
    main.o(.ARM.exidx.text.print_hex) refers to main.o(.text.print_hex) for [Anonymous Symbol]
    main.o(.text.on_key_long_press) refers to gps.o(.text.GPS_Pause) for GPS_Pause
    main.o(.text.on_key_long_press) refers to stm32u0xx_hal_gpio.o(.text.HAL_GPIO_WritePin) for HAL_GPIO_WritePin
    main.o(.text.on_key_long_press) refers to puts.o(i.puts) for puts
    main.o(.text.on_key_long_press) refers to main.o(.bss..L_MergedGlobals) for [Anonymous Symbol]
    main.o(.ARM.exidx.text.on_key_long_press) refers to main.o(.text.on_key_long_press) for [Anonymous Symbol]
    main.o(.text.on_key_short_press) refers to gps.o(.text.GPS_Resume) for GPS_Resume
    main.o(.text.on_key_short_press) refers to stm32u0xx_hal_gpio.o(.text.HAL_GPIO_WritePin) for HAL_GPIO_WritePin
    main.o(.text.on_key_short_press) refers to puts.o(i.puts) for puts
    main.o(.text.on_key_short_press) refers to main.o(.bss..L_MergedGlobals) for [Anonymous Symbol]
    main.o(.text.on_key_short_press) refers to main.o(.rodata.str1.1) for [Anonymous Symbol]
    main.o(.ARM.exidx.text.on_key_short_press) refers to main.o(.text.on_key_short_press) for [Anonymous Symbol]
    main.o(.text.main) refers to stm32u0xx_hal.o(.text.HAL_Init) for HAL_Init
    main.o(.text.main) refers to main.o(.text.SystemClock_Config) for SystemClock_Config
    main.o(.text.main) refers to gpio.o(.text.MX_GPIO_Init) for MX_GPIO_Init
    main.o(.text.main) refers to dma.o(.text.MX_DMA_Init) for MX_DMA_Init
    main.o(.text.main) refers to spi.o(.text.MX_SPI1_Init) for MX_SPI1_Init
    main.o(.text.main) refers to usart.o(.text.MX_USART1_UART_Init) for MX_USART1_UART_Init
    main.o(.text.main) refers to adc.o(.text.MX_ADC1_Init) for MX_ADC1_Init
    main.o(.text.main) refers to i2c.o(.text.MX_I2C1_Init) for MX_I2C1_Init
    main.o(.text.main) refers to i2c.o(.text.MX_I2C2_Init) for MX_I2C2_Init
    main.o(.text.main) refers to i2c.o(.text.MX_I2C3_Init) for MX_I2C3_Init
    main.o(.text.main) refers to spi.o(.text.MX_SPI2_Init) for MX_SPI2_Init
    main.o(.text.main) refers to crc.o(.text.MX_CRC_Init) for MX_CRC_Init
    main.o(.text.main) refers to usart.o(.text.MX_LPUART1_UART_Init) for MX_LPUART1_UART_Init
    main.o(.text.main) refers to rtc.o(.text.MX_RTC_Init) for MX_RTC_Init
    main.o(.text.main) refers to stm32u0xx_hal_rtc_ex.o(.text.HAL_RTCEx_DeactivateWakeUpTimer) for HAL_RTCEx_DeactivateWakeUpTimer
    main.o(.text.main) refers to key_handler.o(.text.Key_Init) for Key_Init
    main.o(.text.main) refers to key_handler.o(.text.Key_Register_Callbacks) for Key_Register_Callbacks
    main.o(.text.main) refers to main.o(.text.Peripherals_Init) for Peripherals_Init
    main.o(.text.main) refers to puts.o(i.puts) for puts
    main.o(.text.main) refers to key_handler.o(.text.Key_Process) for Key_Process
    main.o(.text.main) refers to cli_manager.o(.text.CLI_Process) for CLI_Process
[...]
    [Anonymous Symbol]                       0x0800b3e8   Section        0  lora.o(.rodata..L__const.LoRa_setAutoLDO.BW)
    UARTEx_SetNbDataToProcess.numerator      0x0800b498   Data           8  stm32u0xx_hal_uart_ex.o(.rodata.cst8)
    [Anonymous Symbol]                       0x0800b498   Section        0  stm32u0xx_hal_uart_ex.o(.rodata.cst8)
    UARTEx_SetNbDataToProcess.denominator    0x0800b4a0   Data           8  stm32u0xx_hal_uart_ex.o(.rodata.cst8)
    [Anonymous Symbol]                       0x0800b4a8   Section        0  main.o(.rodata.str1.1)
    [Anonymous Symbol]                       0x0800b8c7   Section        0  gps.o(.rodata.str1.1)
    [Anonymous Symbol]                       0x0800b8f3   Section        0  cli_manager.o(.rodata.str1.1)
    state                                    0x20000000   Data           4  strtok.o(.data)
    .data                                    0x20000000   Section        4  strtok.o(.data)
    .data                                    0x20000004   Section        4  stdout.o(.data)
    _errno                                   0x20000008   Data           4  errno.o(.data)
    .data                                    0x20000008   Section        4  errno.o(.data)
    [Anonymous Symbol]                       0x2000000c   Section        0  stm32u0xx_hal.o(.data..L_MergedGlobals)
    g_SystemState                            0x20000018   Data           1  main.o(.bss..L_MergedGlobals)
    [Anonymous Symbol]                       0x20000018   Section        0  main.o(.bss..L_MergedGlobals)
    lora_transmission_count                  0x20000019   Data           1  main.o(.bss..L_MergedGlobals)
    last_transmission_time                   0x2000001c   Data           4  main.o(.bss..L_MergedGlobals)
    lora_send_buffer                         0x20000020   Data          35  main.o(.bss..L_MergedGlobals)
    myLoRa                                   0x20000044   Data          44  main.o(.bss..L_MergedGlobals)
    [Anonymous Symbol]                       0x20000070   Section        0  usart.o(.bss..L_MergedGlobals)
    calib_params.0                           0x200000d0   Data           2  bmp280.o(.bss..L_MergedGlobals)
    [Anonymous Symbol]                       0x200000d0   Section        0  bmp280.o(.bss..L_MergedGlobals)
    calib_params.1                           0x200000d2   Data           2  bmp280.o(.bss..L_MergedGlobals)
    calib_params.2                           0x200000d4   Data           2  bmp280.o(.bss..L_MergedGlobals)
    calib_params.3                           0x200000d6   Data           2  bmp280.o(.bss..L_MergedGlobals)
    calib_params.4                           0x200000d8   Data           2  bmp280.o(.bss..L_MergedGlobals)
    calib_params.5                           0x200000da   Data           2  bmp280.o(.bss..L_MergedGlobals)
    calib_params.6                           0x200000dc   Data           2  bmp280.o(.bss..L_MergedGlobals)
    calib_params.7                           0x200000de   Data           2  bmp280.o(.bss..L_MergedGlobals)
    calib_params.8                           0x200000e0   Data           2  bmp280.o(.bss..L_MergedGlobals)
    calib_params.9                           0x200000e2   Data           2  bmp280.o(.bss..L_MergedGlobals)
    calib_params.10                          0x200000e4   Data           2  bmp280.o(.bss..L_MergedGlobals)
    calib_params.11                          0x200000e6   Data           2  bmp280.o(.bss..L_MergedGlobals)
    [Anonymous Symbol]                       0x200000e8   Section        0  gps.o(.bss..L_MergedGlobals)
    gps_buffer_index                         0x200000ea   Data           2  gps.o(.bss..L_MergedGlobals)
    gps_huart                                0x200000ec   Data           4  gps.o(.bss..L_MergedGlobals)
    s_key_state.2                            0x20000138   Data           1  key_handler.o(.bss..L_MergedGlobals)
    [Anonymous Symbol]                       0x20000138   Section        0  key_handler.o(.bss..L_MergedGlobals)
    s_key_state.3                            0x2000013c   Data           1  key_handler.o(.bss..L_MergedGlobals)
    s_key_state.0                            0x20000140   Data           4  key_handler.o(.bss..L_MergedGlobals)
    s_key_state.1                            0x20000144   Data           4  key_handler.o(.bss..L_MergedGlobals)
    s_key_state.4                            0x20000148   Data           4  key_handler.o(.bss..L_MergedGlobals)
    s_key_state.5                            0x2000014c   Data           4  key_handler.o(.bss..L_MergedGlobals)
    gps_buffer                               0x2000019c   Data         256  gps.o(.bss.gps_buffer)
    [Anonymous Symbol]                       0x2000019c   Section        0  gps.o(.bss.gps_buffer)
    sensor_data                              0x200006a0   Data         112  main.o(.bss.sensor_data)
    [Anonymous Symbol]                       0x200006a0   Section        0  main.o(.bss.sensor_data)
    STACK                                    0x20000718   Section     1024  startup_stm32u031xx.o(STACK)

    Global Symbols

    Symbol Name                              Value     Ov Type        Size  Object(Section)

    BuildAttributes$$THM_ISAv3M$S$PE$A:L22$X:L11$S22$IEEE1$IW$~IW$USESV6$~STKCKD$USESV7$~SHL$OTIME$ROPI$IEEEJ$EBA8$MICROLIB$REQ8$PRES8$EABIv2 0x00000000   Number         0  anon$$obj.o ABSOLUTE
    _printf_a                                0x00000000   Number         0  printfstubs.o ABSOLUTE
    _printf_c                                0x00000000   Number         0  printfstubs.o ABSOLUTE
    _printf_charcount                        0x00000000   Number         0  printfstubs.o ABSOLUTE
    _printf_d                                0x00000000   Number         0  printfstubs.o ABSOLUTE
    _printf_e                                0x00000000   Number         0  printfstubs.o ABSOLUTE
    _printf_f                                0x00000000   Number         0  printfstubs.o ABSOLUTE
    _printf_flags                            0x00000000   Number         0  printfstubs.o ABSOLUTE
    _printf_fp_dec                           0x00000000   Number         0  printfstubs.o ABSOLUTE
    _printf_fp_hex                           0x00000000   Number         0  printfstubs.o ABSOLUTE
    _printf_g                                0x00000000   Number         0  printfstubs.o ABSOLUTE
    _printf_i                                0x00000000   Number         0  printfstubs.o ABSOLUTE
    _printf_int_dec                          0x00000000   Number         0  printfstubs.o ABSOLUTE
    _printf_l                                0x00000000   Number         0  printfstubs.o ABSOLUTE
    _printf_lc                               0x00000000   Number         0  printfstubs.o ABSOLUTE
    _printf_ll                               0x00000000   Number         0  printfstubs.o ABSOLUTE
    _printf_lld                              0x00000000   Number         0  printfstubs.o ABSOLUTE
    _printf_lli                              0x00000000   Number         0  printfstubs.o ABSOLUTE
    _printf_llo                              0x00000000   Number         0  printfstubs.o ABSOLUTE
    _printf_llu                              0x00000000   Number         0  printfstubs.o ABSOLUTE
    _printf_llx                              0x00000000   Number         0  printfstubs.o ABSOLUTE
    _printf_longlong_dec                     0x00000000   Number         0  printfstubs.o ABSOLUTE
    _printf_longlong_hex                     0x00000000   Number         0  printfstubs.o ABSOLUTE
    _printf_longlong_oct                     0x00000000   Number         0  printfstubs.o ABSOLUTE
    _printf_ls                               0x00000000   Number         0  printfstubs.o ABSOLUTE
    _printf_mbtowc                           0x00000000   Number         0  printfstubs.o ABSOLUTE
    _printf_n                                0x00000000   Number         0  printfstubs.o ABSOLUTE
    _printf_o                                0x00000000   Number         0  printfstubs.o ABSOLUTE
    _printf_p                                0x00000000   Number         0  printfstubs.o ABSOLUTE
    _printf_percent                          0x00000000   Number         0  printfstubs.o ABSOLUTE
    _printf_pre_padding                      0x00000000   Number         0  printfstubs.o ABSOLUTE
    _printf_return_value                     0x00000000   Number         0  printfstubs.o ABSOLUTE
    _printf_s                                0x00000000   Number         0  printfstubs.o ABSOLUTE
    _printf_sizespec                         0x00000000   Number         0  printfstubs.o ABSOLUTE
    _printf_str                              0x00000000   Number         0  printfstubs.o ABSOLUTE
    _printf_truncate_signed                  0x00000000   Number         0  printfstubs.o ABSOLUTE
    _printf_truncate_unsigned                0x00000000   Number         0  printfstubs.o ABSOLUTE
    _printf_u                                0x00000000   Number         0  printfstubs.o ABSOLUTE
    _printf_wc                               0x00000000   Number         0  printfstubs.o ABSOLUTE
    _printf_wctomb                           0x00000000   Number         0  printfstubs.o ABSOLUTE
    _printf_widthprec                        0x00000000   Number         0  printfstubs.o ABSOLUTE
    _printf_x                                0x00000000   Number         0  printfstubs.o ABSOLUTE
    __cpp_initialize__aeabi_                  - Undefined Weak Reference
    __cxa_finalize                            - Undefined Weak Reference
    __decompress                              - Undefined Weak Reference
    _clock_init                               - Undefined Weak Reference
    _microlib_exit                            - Undefined Weak Reference
    _scanf_longlong                           - Undefined Weak Reference
    __Vectors_Size                           0x000000c0   Number         0  startup_stm32u031xx.o ABSOLUTE
    __Vectors                                0x08000000   Data           4  startup_stm32u031xx.o(RESET)
    __Vectors_End                            0x080000c0   Data           0  startup_stm32u031xx.o(RESET)
    __main                                   0x080000c1   Thumb Code     0  entry.o(.ARM.Collect$$$$00000000)
    _main_stk                                0x080000c1   Thumb Code     0  entry2.o(.ARM.Collect$$$$00000001)
    _main_scatterload                        0x080000c5   Thumb Code     0  entry5.o(.ARM.Collect$$$$00000004)
    __main_after_scatterload                 0x080000c9   Thumb Code     0  entry5.o(.ARM.Collect$$$$00000004)
    _main_clock                              0x080000c9   Thumb Code     0  entry7b.o(.ARM.Collect$$$$00000008)
    _main_cpp_init                           0x080000c9   Thumb Code     0  entry8b.o(.ARM.Collect$$$$0000000A)
    _main_init                               0x080000c9   Thumb Code     0  entry9a.o(.ARM.Collect$$$$0000000B)
    __rt_final_cpp                           0x080000d1   Thumb Code     0  entry10a.o(.ARM.Collect$$$$0000000D)
    __rt_final_exit                          0x080000d1   Thumb Code     0  entry11a.o(.ARM.Collect$$$$0000000F)
    Reset_Handler                            0x080000d5   Thumb Code     8  startup_stm32u031xx.o(.text)
    ADC_COMP1_IRQHandler                     0x080000e7   Thumb Code     0  startup_stm32u031xx.o(.text)
    DMA1_Ch4_7_DMAMUX_OVR_IRQHandler         0x080000e7   Thumb Code     0  startup_stm32u031xx.o(.text)
    EXTI4_15_IRQHandler                      0x080000e7   Thumb Code     0  startup_stm32u031xx.o(.text)
    FLASH_ECC_IRQHandler                     0x080000e7   Thumb Code     0  startup_stm32u031xx.o(.text)
    I2C1_IRQHandler                          0x080000e7   Thumb Code     0  startup_stm32u031xx.o(.text)
    I2C2_3_IRQHandler                        0x080000e7   Thumb Code     0  startup_stm32u031xx.o(.text)
    PVD_PVM_IRQHandler                       0x080000e7   Thumb Code     0  startup_stm32u031xx.o(.text)
    RCC_CRS_IRQHandler                       0x080000e7   Thumb Code     0  startup_stm32u031xx.o(.text)
    RNG_IRQHandler                           0x080000e7   Thumb Code     0  startup_stm32u031xx.o(.text)
    SPI1_IRQHandler                          0x080000e7   Thumb Code     0  startup_stm32u031xx.o(.text)
    SPI2_IRQHandler                          0x080000e7   Thumb Code     0  startup_stm32u031xx.o(.text)
    TIM15_IRQHandler                         0x080000e7   Thumb Code     0  startup_stm32u031xx.o(.text)
    TIM16_IRQHandler                         0x080000e7   Thumb Code     0  startup_stm32u031xx.o(.text)
    TIM1_BRK_UP_TRG_COM_IRQHandler           0x080000e7   Thumb Code     0  startup_stm32u031xx.o(.text)
    TIM1_CC_IRQHandler                       0x080000e7   Thumb Code     0  startup_stm32u031xx.o(.text)
    TIM2_IRQHandler                          0x080000e7   Thumb Code     0  startup_stm32u031xx.o(.text)
    TIM3_IRQHandler                          0x080000e7   Thumb Code     0  startup_stm32u031xx.o(.text)
    TIM6_DAC_LPTIM1_IRQHandler               0x080000e7   Thumb Code     0  startup_stm32u031xx.o(.text)
    TIM7_LPTIM2_IRQHandler                   0x080000e7   Thumb Code     0  startup_stm32u031xx.o(.text)
    TSC_IRQHandler                           0x080000e7   Thumb Code     0  startup_stm32u031xx.o(.text)
    USART2_LPUART2_IRQHandler                0x080000e7   Thumb Code     0  startup_stm32u031xx.o(.text)
    USART4_IRQHandler                        0x080000e7   Thumb Code     0  startup_stm32u031xx.o(.text)
    WWDG_IWDG_IRQHandler                     0x080000e7   Thumb Code     0  startup_stm32u031xx.o(.text)
    __aeabi_uldivmod                         0x080000f1   Thumb Code    96  uldiv.o(.text)
    __aeabi_ldivmod                          0x08000151   Thumb Code    76  ldiv.o(.text)
    __aeabi_lmul                             0x0800019d   Thumb Code    48  llmul.o(.text)
    _ll_mul                                  0x0800019d   Thumb Code     0  llmul.o(.text)
    __aeabi_memcpy                           0x080001cd   Thumb Code    36  memcpya.o(.text)
    __aeabi_memcpy4                          0x080001cd   Thumb Code     0  memcpya.o(.text)
    __aeabi_memcpy8                          0x080001cd   Thumb Code     0  memcpya.o(.text)
    __aeabi_memset                           0x080001f1   Thumb Code    14  memseta.o(.text)
    __aeabi_memset4                          0x080001f1   Thumb Code     0  memseta.o(.text)
    __aeabi_memset8                          0x080001f1   Thumb Code     0  memseta.o(.text)
    __aeabi_memclr                           0x080001ff   Thumb Code     4  memseta.o(.text)
    __aeabi_memclr4                          0x080001ff   Thumb Code     0  memseta.o(.text)
    __aeabi_memclr8                          0x080001ff   Thumb Code     0  memseta.o(.text)
    _memset$wrapper                          0x08000203   Thumb Code    18  memseta.o(.text)
    strstr                                   0x08000215   Thumb Code    40  strstr.o(.text)
    strlen                                   0x0800023d   Thumb Code    14  strlen.o(.text)
    memcmp                                   0x0800024b   Thumb Code    26  memcmp.o(.text)
    strtok                                   0x08000265   Thumb Code    68  strtok.o(.text)
    __0sscanf                                0x080002ad   Thumb Code    50  __0sscanf.o(.text)
    _scanf_int                               0x080002e9   Thumb Code   330  _scanf_int.o(.text)
    _scanf_string                            0x08000433   Thumb Code   232  _scanf_str.o(.text)
    _scanf_real                              0x0800063b   Thumb Code     0  scanf_fp.o(.text)
    _scanf_really_real                       0x0800063b   Thumb Code   584  scanf_fp.o(.text)
    strtol                                   0x08000891   Thumb Code   108  strtol.o(.text)
    atoi                                     0x08000901   Thumb Code    26  atoi.o(.text)
    __aeabi_fadd                             0x0800091b   Thumb Code   162  fadd.o(.text)
    __aeabi_fsub                             0x080009bd   Thumb Code     8  fadd.o(.text)
    __aeabi_frsub                            0x080009c5   Thumb Code     8  fadd.o(.text)
    __aeabi_fmul                             0x080009cd   Thumb Code   122  fmul.o(.text)
    __aeabi_fdiv                             0x08000a47   Thumb Code   124  fdiv.o(.text)
    __aeabi_dadd                             0x08000ac5   Thumb Code   328  dadd.o(.text)
    __aeabi_dsub                             0x08000c0d   Thumb Code    12  dadd.o(.text)
    __aeabi_drsub                            0x08000c19   Thumb Code    12  dadd.o(.text)
    __aeabi_dmul                             0x08000c29   Thumb Code   202  dmul.o(.text)
    __aeabi_ddiv                             0x08000cf9   Thumb Code   234  ddiv.o(.text)
    __aeabi_fcmple                           0x08000de9   Thumb Code    28  fcmple.o(.text)
    __aeabi_fcmpge                           0x08000e05   Thumb Code    28  fcmpge.o(.text)
    __aeabi_dcmplt                           0x08000e21   Thumb Code    44  dcmplt.o(.text)
    __aeabi_dcmpgt                           0x08000e4d   Thumb Code    44  dcmpgt.o(.text)
    __aeabi_dcmpeq                           0x08000e79   Thumb Code    46  dcmpeq.o(.text)
    __aeabi_i2f                              0x08000ea7   Thumb Code    22  fflti.o(.text)
    __aeabi_ui2f                             0x08000ebd   Thumb Code    14  ffltui.o(.text)
    __aeabi_i2d                              0x08000ecd   Thumb Code    34  dflti.o(.text)
    __aeabi_ui2d                             0x08000ef5   Thumb Code    24  dfltui.o(.text)
    __aeabi_f2iz                             0x08000f11   Thumb Code    50  ffixi.o(.text)
    __aeabi_d2iz                             0x08000f45   Thumb Code    62  dfixi.o(.text)
    __aeabi_d2uiz                            0x08000f8d   Thumb Code    50  dfixui.o(.text)
    __aeabi_f2d                              0x08000fc9   Thumb Code    40  f2d.o(.text)
    __aeabi_d2f                              0x08000ff1   Thumb Code    56  d2f.o(.text)
    __aeabi_uidiv                            0x08001029   Thumb Code     0  uidiv_div0.o(.text)
    __aeabi_uidivmod                         0x08001029   Thumb Code    62  uidiv_div0.o(.text)
    __aeabi_llsl                             0x08001067   Thumb Code    32  llshl.o(.text)
    _ll_shift_l                              0x08001067   Thumb Code     0  llshl.o(.text)
    __aeabi_llsr                             0x08001087   Thumb Code    34  llushr.o(.text)
    _ll_ushift_r                             0x08001087   Thumb Code     0  llushr.o(.text)
    __aeabi_lasr                             0x080010a9   Thumb Code    38  llsshr.o(.text)
    _ll_sshift_r                             0x080010a9   Thumb Code     0  llsshr.o(.text)
    __rt_ctype_table                         0x080010d1   Thumb Code     4  ctype_o.o(.text)
    isspace                                  0x080010d9   Thumb Code    18  isspace_o.o(.text)
    _chval                                   0x080010eb   Thumb Code    30  _chval.o(.text)
    __vfscanf_char                           0x08001115   Thumb Code    24  scanf_char.o(.text)
    _sgetc                                   0x08001135   Thumb Code    32  _sgetc.o(.text)
    _sbackspace                              0x08001155   Thumb Code    36  _sgetc.o(.text)
    _strtoul                                 0x08001179   Thumb Code   166  _strtoul.o(.text)
    __strtod_int                             0x08001261   Thumb Code    98  strtod.o(.text)
    __I$use$fp                               0x080012d5   Thumb Code     0  iusefp.o(.text)
    _float_round                             0x080012d5   Thumb Code    16  fepilogue.o(.text)
    _float_epilogue                          0x080012e5   Thumb Code   114  fepilogue.o(.text)
    _double_round                            0x08001357   Thumb Code    26  depilogue.o(.text)
    _double_epilogue                         0x08001371   Thumb Code   164  depilogue.o(.text)
    __aeabi_ul2d                             0x08001415   Thumb Code    22  dfltul.o(.text)
    __aeabi_d2ulz                            0x08001431   Thumb Code    54  dfixul.o(.text)
    __aeabi_cdrcmple                         0x08001471   Thumb Code    38  cdrcmple.o(.text)
    __scatterload                            0x08001499   Thumb Code    38  init.o(.text)
    __scatterload_rt2                        0x08001499   Thumb Code     0  init.o(.text)
    __vfscanf                                0x080014c9   Thumb Code   812  _scanf.o(.text)
    ADC_Disable                              0x08001801   Thumb Code   100  stm32u0xx_hal_adc.o(.text.ADC_Disable)
    ADC_Enable                               0x08001865   Thumb Code   204  stm32u0xx_hal_adc.o(.text.ADC_Enable)
    BH1750_GetDate                           0x08001941   Thumb Code    96  bh1750.o(.text.BH1750_GetDate)
    BMP280_Init                              0x080019a9   Thumb Code   216  bmp280.o(.text.BMP280_Init)
    BMP280_ReadData                          0x08001a81   Thumb Code   456  bmp280.o(.text.BMP280_ReadData)
    Battery_GetPercentage                    0x08001c59   Thumb Code    60  battery.o(.text.Battery_GetPercentage)
    Battery_GetVoltage                       0x08001ca9   Thumb Code   312  battery.o(.text.Battery_GetVoltage)
    Battery_Init                             0x08001dfd   Thumb Code    16  battery.o(.text.Battery_Init)
    CLI_Process                              0x08001e11   Thumb Code   264  cli_manager.o(.text.CLI_Process)
    Config_Load                              0x08001fd5   Thumb Code   148  config_manager.o(.text.Config_Load)
    Config_Save                              0x08002069   Thumb Code   136  config_manager.o(.text.Config_Save)
    Config_SetDefault                        0x080020f5   Thumb Code    16  config_manager.o(.text.Config_SetDefault)
    DMA1_Channel1_IRQHandler                 0x0800210d   Thumb Code    12  stm32u0xx_it.o(.text.DMA1_Channel1_IRQHandler)
    DMA1_Channel2_3_IRQHandler               0x0800211d   Thumb Code    12  stm32u0xx_it.o(.text.DMA1_Channel2_3_IRQHandler)
    EXTI0_1_IRQHandler                       0x0800212d   Thumb Code    10  stm32u0xx_it.o(.text.EXTI0_1_IRQHandler)
    EXTI2_3_IRQHandler                       0x08002137   Thumb Code    10  stm32u0xx_it.o(.text.EXTI2_3_IRQHandler)
    Error_Handler                            0x08002141   Thumb Code     8  main.o(.text.Error_Handler)
    GPS_Init                                 0x08002149   Thumb Code    60  gps.o(.text.GPS_Init)
    GPS_Parse                                0x08002185   Thumb Code   672  gps.o(.text.GPS_Parse)
    GPS_Pause                                0x0800245d   Thumb Code    16  gps.o(.text.GPS_Pause)
    GPS_ReceiveData                          0x0800246d   Thumb Code    60  gps.o(.text.GPS_ReceiveData)
    GPS_Resume                               0x080024a9   Thumb Code    64  gps.o(.text.GPS_Resume)
    GPS_UART_ErrorHandler                    0x080024f1   Thumb Code    16  gps.o(.text.GPS_UART_ErrorHandler)
    HAL_ADCEx_Calibration_Start              0x08002505   Thumb Code  1192  stm32u0xx_hal_adc_ex.o(.text.HAL_ADCEx_Calibration_Start)
    HAL_ADC_ConfigChannel                    0x080029b1   Thumb Code   536  stm32u0xx_hal_adc.o(.text.HAL_ADC_ConfigChannel)
    HAL_ADC_DeInit                           0x08002c11   Thumb Code   292  stm32u0xx_hal_adc.o(.text.HAL_ADC_DeInit)
    HAL_ADC_GetValue                         0x08002d4d   Thumb Code     6  stm32u0xx_hal_adc.o(.text.HAL_ADC_GetValue)
    HAL_ADC_Init                             0x08002d55   Thumb Code   564  stm32u0xx_hal_adc.o(.text.HAL_ADC_Init)
    HAL_ADC_MspDeInit                        0x08002fa1   Thumb Code    36  adc.o(.text.HAL_ADC_MspDeInit)
    HAL_ADC_MspInit                          0x08002fc9   Thumb Code   116  adc.o(.text.HAL_ADC_MspInit)
    HAL_ADC_PollForConversion                0x08003045   Thumb Code   250  stm32u0xx_hal_adc.o(.text.HAL_ADC_PollForConversion)
    HAL_ADC_Start                            0x08003141   Thumb Code    92  stm32u0xx_hal_adc.o(.text.HAL_ADC_Start)
    HAL_ADC_Stop                             0x080031a1   Thumb Code   196  stm32u0xx_hal_adc.o(.text.HAL_ADC_Stop)
    HAL_CRCEx_Polynomial_Set                 0x08003269   Thumb Code    80  stm32u0xx_hal_crc_ex.o(.text.HAL_CRCEx_Polynomial_Set)
    HAL_CRC_Init                             0x080032c5   Thumb Code   124  stm32u0xx_hal_crc.o(.text.HAL_CRC_Init)
    HAL_CRC_MspInit                          0x08003345   Thumb Code    40  crc.o(.text.HAL_CRC_MspInit)
    HAL_DMA_Abort                            0x08003375   Thumb Code   112  stm32u0xx_hal_dma.o(.text.HAL_DMA_Abort)
    HAL_DMA_Abort_IT                         0x080033e5   Thumb Code   108  stm32u0xx_hal_dma.o(.text.HAL_DMA_Abort_IT)
    HAL_DMA_DeInit                           0x08003455   Thumb Code   156  stm32u0xx_hal_dma.o(.text.HAL_DMA_DeInit)
    HAL_DMA_GetError                         0x080034f1   Thumb Code     4  stm32u0xx_hal_dma.o(.text.HAL_DMA_GetError)
    HAL_DMA_IRQHandler                       0x080034f5   Thumb Code   228  stm32u0xx_hal_dma.o(.text.HAL_DMA_IRQHandler)
    HAL_DMA_Init                             0x080035dd   Thumb Code   236  stm32u0xx_hal_dma.o(.text.HAL_DMA_Init)
    HAL_DMA_Start_IT                         0x080036dd   Thumb Code   200  stm32u0xx_hal_dma.o(.text.HAL_DMA_Start_IT)
    HAL_Delay                                0x080037a9   Thumb Code    32  stm32u0xx_hal.o(.text.HAL_Delay)
    HAL_GPIO_DeInit                          0x080037cd   Thumb Code   240  stm32u0xx_hal_gpio.o(.text.HAL_GPIO_DeInit)
    HAL_GPIO_EXTI_Falling_Callback           0x080038bd   Thumb Code     8  stm32u0xx_it.o(.text.HAL_GPIO_EXTI_Falling_Callback)
    HAL_GPIO_EXTI_IRQHandler                 0x080038c5   Thumb Code    36  stm32u0xx_hal_gpio.o(.text.HAL_GPIO_EXTI_IRQHandler)
    HAL_GPIO_EXTI_Rising_Callback            0x080038ed   Thumb Code     8  stm32u0xx_it.o(.text.HAL_GPIO_EXTI_Rising_Callback)
    HAL_GPIO_Init                            0x080038f5   Thumb Code   396  stm32u0xx_hal_gpio.o(.text.HAL_GPIO_Init)
    HAL_GPIO_ReadPin                         0x08003a8d   Thumb Code    10  stm32u0xx_hal_gpio.o(.text.HAL_GPIO_ReadPin)
    HAL_GPIO_WritePin                        0x08003a97   Thumb Code    16  stm32u0xx_hal_gpio.o(.text.HAL_GPIO_WritePin)
    HAL_GetTick                              0x08003aa9   Thumb Code     8  stm32u0xx_hal.o(.text.HAL_GetTick)
    HAL_I2CEx_ConfigAnalogFilter             0x08003ab5   Thumb Code    66  stm32u0xx_hal_i2c_ex.o(.text.HAL_I2CEx_ConfigAnalogFilter)
    HAL_I2CEx_ConfigDigitalFilter            0x08003af7   Thumb Code    66  stm32u0xx_hal_i2c_ex.o(.text.HAL_I2CEx_ConfigDigitalFilter)
    HAL_I2C_DeInit                           0x08003b39   Thumb Code    48  stm32u0xx_hal_i2c.o(.text.HAL_I2C_DeInit)
    HAL_I2C_Init                             0x08003b69   Thumb Code   172  stm32u0xx_hal_i2c.o(.text.HAL_I2C_Init)
    HAL_I2C_IsDeviceReady                    0x08003c1d   Thumb Code   512  stm32u0xx_hal_i2c.o(.text.HAL_I2C_IsDeviceReady)
    HAL_I2C_Master_Receive                   0x08003e25   Thumb Code   408  stm32u0xx_hal_i2c.o(.text.HAL_I2C_Master_Receive)
    HAL_I2C_Master_Transmit                  0x08003fc9   Thumb Code   408  stm32u0xx_hal_i2c.o(.text.HAL_I2C_Master_Transmit)
    HAL_I2C_Mem_Read                         0x0800417d   Thumb Code   552  stm32u0xx_hal_i2c.o(.text.HAL_I2C_Mem_Read)
    HAL_I2C_Mem_Write                        0x080043c1   Thumb Code   540  stm32u0xx_hal_i2c.o(.text.HAL_I2C_Mem_Write)
    HAL_I2C_MspDeInit                        0x080045f5   Thumb Code    72  i2c.o(.text.HAL_I2C_MspDeInit)
    HAL_I2C_MspInit                          0x08004649   Thumb Code   244  i2c.o(.text.HAL_I2C_MspInit)
    HAL_IncTick                              0x08004751   Thumb Code    16  stm32u0xx_hal.o(.text.HAL_IncTick)
    HAL_Init                                 0x08004765   Thumb Code    26  stm32u0xx_hal.o(.text.HAL_Init)
    HAL_InitTick                             0x08004781   Thumb Code    64  stm32u0xx_hal.o(.text.HAL_InitTick)
    HAL_MspInit                              0x080047c5   Thumb Code    40  stm32u0xx_hal_msp.o(.text.HAL_MspInit)
    HAL_NVIC_DisableIRQ                      0x080047f1   Thumb Code    28  stm32u0xx_hal_cortex.o(.text.HAL_NVIC_DisableIRQ)
    HAL_NVIC_EnableIRQ                       0x08004811   Thumb Code    20  stm32u0xx_hal_cortex.o(.text.HAL_NVIC_EnableIRQ)
    HAL_NVIC_SetPriority                     0x08004829   Thumb Code    48  stm32u0xx_hal_cortex.o(.text.HAL_NVIC_SetPriority)
    HAL_NVIC_SystemReset                     0x08004861   Thumb Code    24  stm32u0xx_hal_cortex.o(.text.HAL_NVIC_SystemReset)
    HAL_PWREx_ControlVoltageScaling          0x08004881   Thumb Code   124  stm32u0xx_hal_pwr_ex.o(.text.HAL_PWREx_ControlVoltageScaling)
    HAL_PWREx_EnterSTOP2Mode                 0x08004905   Thumb Code    64  stm32u0xx_hal_pwr_ex.o(.text.HAL_PWREx_EnterSTOP2Mode)
    HAL_PWREx_GetVoltageRange                0x08004949   Thumb Code    12  stm32u0xx_hal_pwr_ex.o(.text.HAL_PWREx_GetVoltageRange)
    HAL_RCCEx_GetPLLClockFreq                0x08004959   Thumb Code   180  stm32u0xx_hal_rcc_ex.o(.text.HAL_RCCEx_GetPLLClockFreq)
    HAL_RCCEx_GetPeriphCLKFreq               0x08004a19   Thumb Code   708  stm32u0xx_hal_rcc_ex.o(.text.HAL_RCCEx_GetPeriphCLKFreq)
    HAL_RCCEx_PeriphCLKConfig                0x08004d01   Thumb Code   568  stm32u0xx_hal_rcc_ex.o(.text.HAL_RCCEx_PeriphCLKConfig)
    HAL_RCC_ClockConfig                      0x08004f49   Thumb Code   308  stm32u0xx_hal_rcc.o(.text.HAL_RCC_ClockConfig)
    HAL_RCC_GetPCLK1Freq                     0x0800508d   Thumb Code    24  stm32u0xx_hal_rcc.o(.text.HAL_RCC_GetPCLK1Freq)
    HAL_RCC_GetSysClockFreq                  0x080050b1   Thumb Code   180  stm32u0xx_hal_rcc.o(.text.HAL_RCC_GetSysClockFreq)
    HAL_RCC_OscConfig                        0x08005189   Thumb Code  1508  stm32u0xx_hal_rcc.o(.text.HAL_RCC_OscConfig)
    HAL_RTCEx_DeactivateWakeUpTimer          0x0800578d   Thumb Code    44  stm32u0xx_hal_rtc_ex.o(.text.HAL_RTCEx_DeactivateWakeUpTimer)
    HAL_RTCEx_SetWakeUpTimer_IT              0x080057b9   Thumb Code   196  stm32u0xx_hal_rtc_ex.o(.text.HAL_RTCEx_SetWakeUpTimer_IT)
    HAL_RTCEx_WakeUpTimerEventCallback       0x08005885   Thumb Code     2  stm32u0xx_it.o(.text.HAL_RTCEx_WakeUpTimerEventCallback)
    HAL_RTCEx_WakeUpTimerIRQHandler          0x08005889   Thumb Code    32  stm32u0xx_hal_rtc_ex.o(.text.HAL_RTCEx_WakeUpTimerIRQHandler)
    HAL_RTC_Init                             0x080058ad   Thumb Code   240  stm32u0xx_hal_rtc.o(.text.HAL_RTC_Init)
    HAL_RTC_MspInit                          0x080059a1   Thumb Code   100  rtc.o(.text.HAL_RTC_MspInit)
    HAL_RTC_SetDate                          0x08005a0d   Thumb Code   332  stm32u0xx_hal_rtc.o(.text.HAL_RTC_SetDate)
    HAL_RTC_SetTime                          0x08005b5d   Thumb Code   384  stm32u0xx_hal_rtc.o(.text.HAL_RTC_SetTime)
    HAL_ResumeTick                           0x08005ce5   Thumb Code    12  stm32u0xx_hal.o(.text.HAL_ResumeTick)
    HAL_SPI_DeInit                           0x08005cf5   Thumb Code    44  stm32u0xx_hal_spi.o(.text.HAL_SPI_DeInit)
    HAL_SPI_GetState                         0x08005d21   Thumb Code     6  stm32u0xx_hal_spi.o(.text.HAL_SPI_GetState)
    HAL_SPI_Init                             0x08005d29   Thumb Code   236  stm32u0xx_hal_spi.o(.text.HAL_SPI_Init)
    HAL_SPI_MspDeInit                        0x08005e19   Thumb Code    60  spi.o(.text.HAL_SPI_MspDeInit)
    HAL_SPI_MspInit                          0x08005e59   Thumb Code   140  spi.o(.text.HAL_SPI_MspInit)
    HAL_SPI_Receive                          0x08005ef5   Thumb Code   552  stm32u0xx_hal_spi.o(.text.HAL_SPI_Receive)
    HAL_SPI_Transmit                         0x0800611d   Thumb Code   536  stm32u0xx_hal_spi.o(.text.HAL_SPI_Transmit)
    HAL_SPI_TransmitReceive                  0x08006339   Thumb Code   748  stm32u0xx_hal_spi.o(.text.HAL_SPI_TransmitReceive)
    HAL_SYSTICK_Config                       0x08006629   Thumb Code    40  stm32u0xx_hal_cortex.o(.text.HAL_SYSTICK_Config)
    HAL_SuspendTick                          0x08006659   Thumb Code    12  stm32u0xx_hal.o(.text.HAL_SuspendTick)
    HAL_UARTEx_DisableFifoMode               0x08006669   Thumb Code    54  stm32u0xx_hal_uart_ex.o(.text.HAL_UARTEx_DisableFifoMode)
    HAL_UARTEx_ReceiveToIdle_DMA             0x0800669f   Thumb Code   112  stm32u0xx_hal_uart_ex.o(.text.HAL_UARTEx_ReceiveToIdle_DMA)
    HAL_UARTEx_RxEventCallback               0x08006711   Thumb Code    32  usart.o(.text.HAL_UARTEx_RxEventCallback)
    HAL_UARTEx_RxFifoFullCallback            0x08006739   Thumb Code     2  stm32u0xx_hal_uart_ex.o(.text.HAL_UARTEx_RxFifoFullCallback)
    HAL_UARTEx_SetRxFifoThreshold            0x0800673d   Thumb Code   128  stm32u0xx_hal_uart_ex.o(.text.HAL_UARTEx_SetRxFifoThreshold)
    HAL_UARTEx_SetTxFifoThreshold            0x080067bd   Thumb Code   128  stm32u0xx_hal_uart_ex.o(.text.HAL_UARTEx_SetTxFifoThreshold)
    HAL_UARTEx_TxFifoEmptyCallback           0x08006845   Thumb Code     2  stm32u0xx_hal_uart_ex.o(.text.HAL_UARTEx_TxFifoEmptyCallback)
    HAL_UARTEx_WakeupCallback                0x08006847   Thumb Code     2  stm32u0xx_hal_uart_ex.o(.text.HAL_UARTEx_WakeupCallback)
    HAL_UART_AbortReceiveCpltCallback        0x08006849   Thumb Code     2  stm32u0xx_hal_uart.o(.text.HAL_UART_AbortReceiveCpltCallback)
    HAL_UART_AbortReceive_IT                 0x0800684d   Thumb Code   192  stm32u0xx_hal_uart.o(.text.HAL_UART_AbortReceive_IT)
    HAL_UART_DMAStop                         0x08006911   Thumb Code   284  stm32u0xx_hal_uart.o(.text.HAL_UART_DMAStop)
    HAL_UART_DeInit                          0x08006a31   Thumb Code    58  stm32u0xx_hal_uart.o(.text.HAL_UART_DeInit)
    HAL_UART_ErrorCallback                   0x08006a6d   Thumb Code    28  stm32u0xx_it.o(.text.HAL_UART_ErrorCallback)
    HAL_UART_IRQHandler                      0x08006a91   Thumb Code  1140  stm32u0xx_hal_uart.o(.text.HAL_UART_IRQHandler)
    HAL_UART_Init                            0x08006f11   Thumb Code   112  stm32u0xx_hal_uart.o(.text.HAL_UART_Init)
    HAL_UART_MspDeInit                       0x08006f81   Thumb Code    92  usart.o(.text.HAL_UART_MspDeInit)
    HAL_UART_MspInit                         0x08006fe1   Thumb Code   332  usart.o(.text.HAL_UART_MspInit)
    HAL_UART_Receive_IT                      0x0800713d   Thumb Code   124  stm32u0xx_hal_uart.o(.text.HAL_UART_Receive_IT)
    HAL_UART_RxCpltCallback                  0x080071bd   Thumb Code    48  stm32u0xx_it.o(.text.HAL_UART_RxCpltCallback)
    HAL_UART_RxHalfCpltCallback              0x080071fd   Thumb Code     2  stm32u0xx_hal_uart.o(.text.HAL_UART_RxHalfCpltCallback)
    HAL_UART_Transmit                        0x08007201   Thumb Code   396  stm32u0xx_hal_uart.o(.text.HAL_UART_Transmit)
    HAL_UART_TxCpltCallback                  0x08007391   Thumb Code     2  stm32u0xx_hal_uart.o(.text.HAL_UART_TxCpltCallback)
    HardFault_Handler                        0x08007393   Thumb Code     2  stm32u0xx_it.o(.text.HardFault_Handler)
    Init_BH1750                              0x08007801   Thumb Code    64  bh1750.o(.text.Init_BH1750)
    Key_EXTI_Callback                        0x08007845   Thumb Code    84  key_handler.o(.text.Key_EXTI_Callback)
    Key_Init                                 0x08007899   Thumb Code    20  key_handler.o(.text.Key_Init)
    Key_Process                              0x080078ad   Thumb Code    44  key_handler.o(.text.Key_Process)
    Key_Register_Callbacks                   0x080078d9   Thumb Code     8  key_handler.o(.text.Key_Register_Callbacks)
    LoRa_BurstWrite                          0x080078e5   Thumb Code    90  lora.o(.text.LoRa_BurstWrite)
    LoRa_init                                0x08007941   Thumb Code   748  lora.o(.text.LoRa_init)
    LoRa_readReg                             0x08007c31   Thumb Code    86  lora.o(.text.LoRa_readReg)
    LoRa_setSpreadingFactor                  0x08007c89   Thumb Code   196  lora.o(.text.LoRa_setSpreadingFactor)
    LoRa_transmit                            0x08007d51   Thumb Code   562  lora.o(.text.LoRa_transmit)
    LoRa_writeReg                            0x08007f83   Thumb Code    86  lora.o(.text.LoRa_writeReg)
    MX_ADC1_Init                             0x08007fd9   Thumb Code   108  adc.o(.text.MX_ADC1_Init)
    MX_CRC_Init                              0x08008051   Thumb Code    52  crc.o(.text.MX_CRC_Init)
    MX_DMA_Init                              0x08008095   Thumb Code    68  dma.o(.text.MX_DMA_Init)
    MX_GPIO_Init                             0x080080dd   Thumb Code   344  gpio.o(.text.MX_GPIO_Init)
    MX_I2C1_Init                             0x08008245   Thumb Code    76  i2c.o(.text.MX_I2C1_Init)
    MX_I2C2_Init                             0x08008299   Thumb Code    76  i2c.o(.text.MX_I2C2_Init)
    MX_I2C3_Init                             0x080082ed   Thumb Code    76  i2c.o(.text.MX_I2C3_Init)
    MX_LPUART1_UART_Init                     0x08008345   Thumb Code    96  usart.o(.text.MX_LPUART1_UART_Init)
    MX_RTC_Init                              0x080083ad   Thumb Code   132  rtc.o(.text.MX_RTC_Init)
    MX_SPI1_Init                             0x0800843d   Thumb Code    64  spi.o(.text.MX_SPI1_Init)
    MX_SPI2_Init                             0x08008485   Thumb Code    64  spi.o(.text.MX_SPI2_Init)
    MX_USART1_UART_Init                      0x080084cd   Thumb Code   108  usart.o(.text.MX_USART1_UART_Init)
    NMI_Handler                              0x08008545   Thumb Code     2  stm32u0xx_it.o(.text.NMI_Handler)
    PendSV_Handler                           0x08008547   Thumb Code     2  stm32u0xx_it.o(.text.PendSV_Handler)
    Perform_Sensor_Transmission              0x08008549   Thumb Code   388  main.o(.text.Perform_Sensor_Transmission)
    Peripherals_Init                         0x08008791   Thumb Code   316  main.o(.text.Peripherals_Init)
    RTC_TAMP_IRQHandler                      0x080089b1   Thumb Code    12  stm32u0xx_it.o(.text.RTC_TAMP_IRQHandler)
    SHT40_Read_RHData                        0x080089c1   Thumb Code   956  sht40.o(.text.SHT40_Read_RHData)
    SVC_Handler                              0x08008fc9   Thumb Code     2  stm32u0xx_it.o(.text.SVC_Handler)
    SysTick_Handler                          0x08008fcb   Thumb Code     8  stm32u0xx_it.o(.text.SysTick_Handler)
    SystemClock_Config                       0x08008fd3   Thumb Code   116  main.o(.text.SystemClock_Config)
    SystemInit                               0x08009049   Thumb Code    40  system_stm32u0xx.o(.text.SystemInit)
    UART_AdvFeatureConfig                    0x0800907d   Thumb Code   210  stm32u0xx_hal_uart.o(.text.UART_AdvFeatureConfig)
    UART_CheckIdleState                      0x08009151   Thumb Code   204  stm32u0xx_hal_uart.o(.text.UART_CheckIdleState)
    UART_SetConfig                           0x08009a39   Thumb Code   420  stm32u0xx_hal_uart.o(.text.UART_SetConfig)
    UART_Start_Receive_DMA                   0x08009c15   Thumb Code   160  stm32u0xx_hal_uart.o(.text.UART_Start_Receive_DMA)
    UART_Start_Receive_IT                    0x08009cc1   Thumb Code   296  stm32u0xx_hal_uart.o(.text.UART_Start_Receive_IT)
    UART_WaitOnFlagUntilTimeout              0x08009dfd   Thumb Code   448  stm32u0xx_hal_uart.o(.text.UART_WaitOnFlagUntilTimeout)
    USART1_IRQHandler                        0x08009fc1   Thumb Code    12  stm32u0xx_it.o(.text.USART1_IRQHandler)
    USART1_Start_DMA_Reception               0x08009fcd   Thumb Code    16  usart.o(.text.USART1_Start_DMA_Reception)
    USART3_LPUART1_IRQHandler                0x08009fe1   Thumb Code    12  stm32u0xx_it.o(.text.USART3_LPUART1_IRQHandler)
    W25QXX_Erase_Sector                      0x08009ff1   Thumb Code   180  w25qxx.o(.text.W25QXX_Erase_Sector)
    W25QXX_Init                              0x0800a0a5   Thumb Code   140  w25qxx.o(.text.W25QXX_Init)
    W25QXX_Read_Data                         0x0800a19d   Thumb Code    84  w25qxx.o(.text.W25QXX_Read_Data)
    W25QXX_Write_Data                        0x0800a1f1   Thumb Code   260  w25qxx.o(.text.W25QXX_Write_Data)
    format_location_string                   0x0800a2fd   Thumb Code    68  device_properties.o(.text.format_location_string)
    fputc                                    0x0800a355   Thumb Code    24  usart.o(.text.fputc)
    generate_lora_frame                      0x0800a375   Thumb Code   200  lora_protocol.o(.text.generate_lora_frame)
    lora_model_create_sensor_payload         0x0800a441   Thumb Code   392  lora_protocol.o(.text.lora_model_create_sensor_payload)
    main                                     0x0800a5d9   Thumb Code   464  main.o(.text.main)
    newLoRa                                  0x0800a85d   Thumb Code    24  lora.o(.text.newLoRa)
    on_key_long_press                        0x0800a87d   Thumb Code    40  main.o(.text.on_key_long_press)
    on_key_short_press                       0x0800a8d9   Thumb Code    48  main.o(.text.on_key_short_press)
    parse_location_string                    0x0800a919   Thumb Code    60  device_properties.o(.text.parse_location_string)
    __0printf                                0x0800a965   Thumb Code    24  printfa.o(i.__0printf)
    __1printf                                0x0800a965   Thumb Code     0  printfa.o(i.__0printf)
    __2printf                                0x0800a965   Thumb Code     0  printfa.o(i.__0printf)
    __c89printf                              0x0800a965   Thumb Code     0  printfa.o(i.__0printf)
    printf                                   0x0800a965   Thumb Code     0  printfa.o(i.__0printf)
    __0snprintf                              0x0800a985   Thumb Code    50  printfa.o(i.__0snprintf)
    __1snprintf                              0x0800a985   Thumb Code     0  printfa.o(i.__0snprintf)
    __2snprintf                              0x0800a985   Thumb Code     0  printfa.o(i.__0snprintf)
    __c89snprintf                            0x0800a985   Thumb Code     0  printfa.o(i.__0snprintf)
    snprintf                                 0x0800a985   Thumb Code     0  printfa.o(i.__0snprintf)
    __ARM_clz                                0x0800a9bd   Thumb Code    46  depilogue.o(i.__ARM_clz)
    __aeabi_errno_addr                       0x0800a9ed   Thumb Code     4  errno.o(i.__aeabi_errno_addr)
    __rt_errno_addr                          0x0800a9ed   Thumb Code     0  errno.o(i.__aeabi_errno_addr)
    __read_errno                             0x0800a9f5   Thumb Code     6  errno.o(i.__read_errno)
    __scatterload_copy                       0x0800aa01   Thumb Code    14  handlers.o(i.__scatterload_copy)
    __scatterload_null                       0x0800aa0f   Thumb Code     2  handlers.o(i.__scatterload_null)
    __scatterload_zeroinit                   0x0800aa11   Thumb Code    14  handlers.o(i.__scatterload_zeroinit)
    __set_errno                              0x0800aa21   Thumb Code     6  errno.o(i.__set_errno)
    _is_digit                                0x0800aba1   Thumb Code    14  scanf_fp.o(i._is_digit)
    atof                                     0x0800b2ff   Thumb Code    44  atof.o(i.atof)
    putchar                                  0x0800b32d   Thumb Code    10  putchar.o(i.putchar)
    puts                                     0x0800b33d   Thumb Code    28  puts.o(i.puts)
    __ctype_table                            0x0800b35c   Data         129  ctype_o.o(.constdata)
    AHBPrescTable                            0x0800b438   Data          16  system_stm32u0xx.o(.rodata.AHBPrescTable)
    APBPrescTable                            0x0800b448   Data           8  system_stm32u0xx.o(.rodata.APBPrescTable)
    MSIRangeTable                            0x0800b450   Data          48  system_stm32u0xx.o(.rodata.MSIRangeTable)
    UARTPrescTable                           0x0800b480   Data          24  stm32u0xx_hal_uart.o(.rodata.UARTPrescTable)
    Region$$Table$$Base                      0x0800b9e0   Number         0  anon$$obj.o(Region$$Table)
    Region$$Table$$Limit                     0x0800ba00   Number         0  anon$$obj.o(Region$$Table)
    __stdout                                 0x20000004   Data           4  stdout.o(.data)
    uwTickPrio                               0x2000000c   Data           4  stm32u0xx_hal.o(.data..L_MergedGlobals)
    uwTickFreq                               0x20000010   Data           4  stm32u0xx_hal.o(.data..L_MergedGlobals)
    SystemCoreClock                          0x20000014   Data           4  system_stm32u0xx.o(.data.SystemCoreClock)
    g_usart1_new_data_flag                   0x20000070   Data           1  usart.o(.bss..L_MergedGlobals)
    g_usart1_rx_len                          0x20000072   Data           2  usart.o(.bss..L_MergedGlobals)
    hdma_usart1_rx                           0x20000074   Data          92  usart.o(.bss..L_MergedGlobals)
    gps_rx_byte                              0x200000e8   Data           1  gps.o(.bss..L_MergedGlobals)
    gps_data                                 0x200000f0   Data          72  gps.o(.bss..L_MergedGlobals)
    g_DeviceConfig                           0x20000150   Data          12  config_manager.o(.bss.g_DeviceConfig)
    g_usart1_rx_buffer                       0x2000015c   Data          64  usart.o(.bss.g_usart1_rx_buffer)
    hadc1                                    0x2000029c   Data         100  adc.o(.bss.hadc1)
    hcrc                                     0x20000300   Data          36  crc.o(.bss.hcrc)
    hdma_usart1_tx                           0x20000324   Data          92  usart.o(.bss.hdma_usart1_tx)
    hi2c1                                    0x20000380   Data          84  i2c.o(.bss.hi2c1)
    hi2c2                                    0x200003d4   Data          84  i2c.o(.bss.hi2c2)
    hi2c3                                    0x20000428   Data          84  i2c.o(.bss.hi2c3)
    hlpuart1                                 0x2000047c   Data         148  usart.o(.bss.hlpuart1)
    hrtc                                     0x20000510   Data          48  rtc.o(.bss.hrtc)
    hspi1                                    0x20000540   Data         100  spi.o(.bss.hspi1)
    hspi2                                    0x200005a4   Data         100  spi.o(.bss.hspi2)
    huart1                                   0x20000608   Data         148  usart.o(.bss.huart1)
    uwTick                                   0x20000710   Data           4  stm32u0xx_hal.o(.bss.uwTick)
    __initial_sp                             0x20000b18   Data           0  startup_stm32u031xx.o(STACK)



==============================================================================

Memory Map of the image

  Image Entry point : 0x080000c1

  Load Region LR_IROM1 (Base: 0x08000000, Size: 0x0000ba18, Max: 0x00010000, ABSOLUTE)

    Execution Region ER_IROM1 (Exec base: 0x08000000, Load base: 0x08000000, Size: 0x0000ba00, Max: 0x00010000, ABSOLUTE)

    Exec Addr    Load Addr    Size         Type   Attr      Idx    E Section Name        Object

    0x08000000   0x08000000   0x000000c0   Data   RO            3    RESET               startup_stm32u031xx.o
    0x080000c0   0x080000c0   0x00000000   Code   RO         1751  * .ARM.Collect$$$$00000000  mc_p.l(entry.o)
    0x080000c0   0x080000c0   0x00000004   Code   RO         2105    .ARM.Collect$$$$00000001  mc_p.l(entry2.o)
    0x080000c4   0x080000c4   0x00000004   Code   RO         2108    .ARM.Collect$$$$00000004  mc_p.l(entry5.o)
    0x080000c8   0x080000c8   0x00000000   Code   RO         2110    .ARM.Collect$$$$00000008  mc_p.l(entry7b.o)
    0x080000c8   0x080000c8   0x00000000   Code   RO         2112    .ARM.Collect$$$$0000000A  mc_p.l(entry8b.o)
    0x080000c8   0x080000c8   0x00000008   Code   RO         2113    .ARM.Collect$$$$0000000B  mc_p.l(entry9a.o)
    0x080000d0   0x080000d0   0x00000000   Code   RO         2115    .ARM.Collect$$$$0000000D  mc_p.l(entry10a.o)
    0x080000d0   0x080000d0   0x00000000   Code   RO         2117    .ARM.Collect$$$$0000000F  mc_p.l(entry11a.o)
    0x080000d0   0x080000d0   0x00000004   Code   RO         2106    .ARM.Collect$$$$00002712  mc_p.l(entry2.o)
    0x080000d4   0x080000d4   0x0000001c   Code   RO            4    .text               startup_stm32u031xx.o
    0x080000f0   0x080000f0   0x00000060   Code   RO         1766    .text               mc_p.l(uldiv.o)
    0x08000150   0x08000150   0x0000004c   Code   RO         1768    .text               mc_p.l(ldiv.o)
    0x0800019c   0x0800019c   0x00000030   Code   RO         1770    .text               mc_p.l(llmul.o)
    0x080001cc   0x080001cc   0x00000024   Code   RO         1772    .text               mc_p.l(memcpya.o)
    0x080001f0   0x080001f0   0x00000024   Code   RO         1774    .text               mc_p.l(memseta.o)
    0x08000214   0x08000214   0x00000028   Code   RO         1776    .text               mc_p.l(strstr.o)
    0x0800023c   0x0800023c   0x0000000e   Code   RO         1778    .text               mc_p.l(strlen.o)
    0x0800024a   0x0800024a   0x0000001a   Code   RO         1780    .text               mc_p.l(memcmp.o)
    0x08000264   0x08000264   0x00000048   Code   RO         1782    .text               mc_p.l(strtok.o)
    0x080002ac   0x080002ac   0x0000003c   Code   RO         2051    .text               mc_p.l(__0sscanf.o)
    0x080002e8   0x080002e8   0x0000014a   Code   RO         2053    .text               mc_p.l(_scanf_int.o)
    0x08000432   0x08000432   0x000000e8   Code   RO         2055    .text               mc_p.l(_scanf_str.o)
    0x0800051a   0x0800051a   0x00000002   PAD
    0x0800051c   0x0800051c   0x00000374   Code   RO         2057    .text               mc_p.l(scanf_fp.o)
    0x08000890   0x08000890   0x00000070   Code   RO         2061    .text               mc_p.l(strtol.o)
    0x08000900   0x08000900   0x0000001a   Code   RO         2063    .text               mc_p.l(atoi.o)
    0x0800091a   0x0800091a   0x000000b2   Code   RO         2065    .text               mf_p.l(fadd.o)
    0x080009cc   0x080009cc   0x0000007a   Code   RO         2067    .text               mf_p.l(fmul.o)
    0x08000a46   0x08000a46   0x0000007c   Code   RO         2069    .text               mf_p.l(fdiv.o)
    0x08000ac2   0x08000ac2   0x00000002   PAD
    0x08000ac4   0x08000ac4   0x00000164   Code   RO         2071    .text               mf_p.l(dadd.o)
    0x08000c28   0x08000c28   0x000000d0   Code   RO         2073    .text               mf_p.l(dmul.o)
    0x08000cf8   0x08000cf8   0x000000f0   Code   RO         2075    .text               mf_p.l(ddiv.o)
    0x08000de8   0x08000de8   0x0000001c   Code   RO         2077    .text               mf_p.l(fcmple.o)
    0x08000e04   0x08000e04   0x0000001c   Code   RO         2079    .text               mf_p.l(fcmpge.o)
    0x08000e20   0x08000e20   0x0000002c   Code   RO         2081    .text               mf_p.l(dcmplt.o)
    0x08000e4c   0x08000e4c   0x0000002c   Code   RO         2083    .text               mf_p.l(dcmpgt.o)
    0x08000e78   0x08000e78   0x0000002e   Code   RO         2085    .text               mf_p.l(dcmpeq.o)
    0x08000ea6   0x08000ea6   0x00000016   Code   RO         2087    .text               mf_p.l(fflti.o)
    0x08000ebc   0x08000ebc   0x0000000e   Code   RO         2089    .text               mf_p.l(ffltui.o)
    0x08000eca   0x08000eca   0x00000002   PAD
    0x08000ecc   0x08000ecc   0x00000028   Code   RO         2091    .text               mf_p.l(dflti.o)
    0x08000ef4   0x08000ef4   0x0000001c   Code   RO         2093    .text               mf_p.l(dfltui.o)
    0x08000f10   0x08000f10   0x00000032   Code   RO         2095    .text               mf_p.l(ffixi.o)
    0x08000f42   0x08000f42   0x00000002   PAD
    0x08000f44   0x08000f44   0x00000048   Code   RO         2097    .text               mf_p.l(dfixi.o)
    0x08000f8c   0x08000f8c   0x0000003c   Code   RO         2099    .text               mf_p.l(dfixui.o)
    0x08000fc8   0x08000fc8   0x00000028   Code   RO         2101    .text               mf_p.l(f2d.o)
    0x08000ff0   0x08000ff0   0x00000038   Code   RO         2103    .text               mf_p.l(d2f.o)
    0x08001028   0x08001028   0x0000003e   Code   RO         2124    .text               mc_p.l(uidiv_div0.o)
    0x08001066   0x08001066   0x00000020   Code   RO         2130    .text               mc_p.l(llshl.o)
    0x08001086   0x08001086   0x00000022   Code   RO         2132    .text               mc_p.l(llushr.o)
    0x080010a8   0x080010a8   0x00000026   Code   RO         2134    .text               mc_p.l(llsshr.o)
    0x080010ce   0x080010ce   0x00000002   PAD
    0x080010d0   0x080010d0   0x00000008   Code   RO         2136    .text               mc_p.l(ctype_o.o)
    0x080010d8   0x080010d8   0x00000012   Code   RO         2158    .text               mc_p.l(isspace_o.o)
    0x080010ea   0x080010ea   0x0000001e   Code   RO         2171    .text               mc_p.l(_chval.o)
    0x08001108   0x08001108   0x0000002c   Code   RO         2173    .text               mc_p.l(scanf_char.o)
    0x08001134   0x08001134   0x00000044   Code   RO         2175    .text               mc_p.l(_sgetc.o)
    0x08001178   0x08001178   0x000000a6   Code   RO         2177    .text               mc_p.l(_strtoul.o)
    0x0800121e   0x0800121e   0x00000002   PAD
    0x08001220   0x08001220   0x000000b4   Code   RO         2179    .text               mc_p.l(strtod.o)
    0x080012d4   0x080012d4   0x00000000   Code   RO         2181    .text               mc_p.l(iusefp.o)
    0x080012d4   0x080012d4   0x00000082   Code   RO         2182    .text               mf_p.l(fepilogue.o)
    0x08001356   0x08001356   0x000000be   Code   RO         2184    .text               mf_p.l(depilogue.o)
    0x08001414   0x08001414   0x0000001c   Code   RO         2188    .text               mf_p.l(dfltul.o)
    0x08001430   0x08001430   0x00000040   Code   RO         2190    .text               mf_p.l(dfixul.o)
    0x08001470   0x08001470   0x00000028   Code   RO         2192    .text               mf_p.l(cdrcmple.o)
    0x08001498   0x08001498   0x00000030   Code   RO         2194    .text               mc_p.l(init.o)
    0x080014c8   0x080014c8   0x00000338   Code   RO         2198    .text               mc_p.l(_scanf.o)
    0x08001800   0x08001800   0x00000064   Code   RO          228    .text.ADC_Disable   stm32u0xx_hal_adc.o
    0x08001864   0x08001864   0x000000dc   Code   RO          234    .text.ADC_Enable    stm32u0xx_hal_adc.o
    0x08001940   0x08001940   0x00000068   Code   RO         1557    .text.BH1750_GetDate  bh1750.o
    0x080019a8   0x080019a8   0x000000d8   Code   RO         1567    .text.BMP280_Init   bmp280.o
    0x08001a80   0x08001a80   0x000001d8   Code   RO         1569    .text.BMP280_ReadData  bmp280.o
    0x08001c58   0x08001c58   0x00000050   Code   RO         1637    .text.Battery_GetPercentage  battery.o
    0x08001ca8   0x08001ca8   0x00000154   Code   RO         1635    .text.Battery_GetVoltage  battery.o
    0x08001dfc   0x08001dfc   0x00000014   Code   RO         1633    .text.Battery_Init  battery.o
    0x08001e10   0x08001e10   0x000001c4   Code   RO         1737    .text.CLI_Process   cli_manager.o
    0x08001fd4   0x08001fd4   0x00000094   Code   RO         1707    .text.Config_Load   config_manager.o
    0x08002068   0x08002068   0x0000008c   Code   RO         1709    .text.Config_Save   config_manager.o
    0x080020f4   0x080020f4   0x00000018   Code   RO         1705    .text.Config_SetDefault  config_manager.o
    0x0800210c   0x0800210c   0x00000010   Code   RO          186    .text.DMA1_Channel1_IRQHandler  stm32u0xx_it.o
    0x0800211c   0x0800211c   0x00000010   Code   RO          188    .text.DMA1_Channel2_3_IRQHandler  stm32u0xx_it.o
    0x0800212c   0x0800212c   0x0000000a   Code   RO          182    .text.EXTI0_1_IRQHandler  stm32u0xx_it.o
    0x08002136   0x08002136   0x0000000a   Code   RO          184    .text.EXTI2_3_IRQHandler  stm32u0xx_it.o
    0x08002140   0x08002140   0x00000008   Code   RO           27    .text.Error_Handler  main.o
    0x08002148   0x08002148   0x0000003c   Code   RO         1580    .text.GPS_Init      gps.o
    0x08002184   0x08002184   0x000002d8   Code   RO         1590    .text.GPS_Parse     gps.o
    0x0800245c   0x0800245c   0x00000010   Code   RO         1582    .text.GPS_Pause     gps.o
    0x0800246c   0x0800246c   0x0000003c   Code   RO         1588    .text.GPS_ReceiveData  gps.o
    0x080024a8   0x080024a8   0x00000048   Code   RO         1584    .text.GPS_Resume    gps.o
    0x080024f0   0x080024f0   0x00000014   Code   RO         1586    .text.GPS_UART_ErrorHandler  gps.o
    0x08002504   0x08002504   0x000004ac   Code   RO          288    .text.HAL_ADCEx_Calibration_Start  stm32u0xx_hal_adc_ex.o
    0x080029b0   0x080029b0   0x00000260   Code   RO          272    .text.HAL_ADC_ConfigChannel  stm32u0xx_hal_adc.o
    0x08002c10   0x08002c10   0x0000013c   Code   RO          224    .text.HAL_ADC_DeInit  stm32u0xx_hal_adc.o
    0x08002d4c   0x08002d4c   0x00000006   Code   RO          256    .text.HAL_ADC_GetValue  stm32u0xx_hal_adc.o
    0x08002d52   0x08002d52   0x00000002   PAD
    0x08002d54   0x08002d54   0x0000024c   Code   RO          220    .text.HAL_ADC_Init  stm32u0xx_hal_adc.o
    0x08002fa0   0x08002fa0   0x00000028   Code   RO           53    .text.HAL_ADC_MspDeInit  adc.o
    0x08002fc8   0x08002fc8   0x0000007c   Code   RO           51    .text.HAL_ADC_MspInit  adc.o
    0x08003044   0x08003044   0x000000fa   Code   RO          238    .text.HAL_ADC_PollForConversion  stm32u0xx_hal_adc.o
    0x0800313e   0x0800313e   0x00000002   PAD
    0x08003140   0x08003140   0x00000060   Code   RO          232    .text.HAL_ADC_Start  stm32u0xx_hal_adc.o
    0x080031a0   0x080031a0   0x000000c8   Code   RO          236    .text.HAL_ADC_Stop  stm32u0xx_hal_adc.o
    0x08003268   0x08003268   0x0000005c   Code   RO          816    .text.HAL_CRCEx_Polynomial_Set  stm32u0xx_hal_crc_ex.o
    0x080032c4   0x080032c4   0x00000080   Code   RO          794    .text.HAL_CRC_Init  stm32u0xx_hal_crc.o
    0x08003344   0x08003344   0x00000030   Code   RO           66    .text.HAL_CRC_MspInit  crc.o
    0x08003374   0x08003374   0x00000070   Code   RO          494    .text.HAL_DMA_Abort  stm32u0xx_hal_dma.o
    0x080033e4   0x080033e4   0x00000070   Code   RO          496    .text.HAL_DMA_Abort_IT  stm32u0xx_hal_dma.o
    0x08003454   0x08003454   0x0000009c   Code   RO          488    .text.HAL_DMA_DeInit  stm32u0xx_hal_dma.o
    0x080034f0   0x080034f0   0x00000004   Code   RO          508    .text.HAL_DMA_GetError  stm32u0xx_hal_dma.o
    0x080034f4   0x080034f4   0x000000e8   Code   RO          500    .text.HAL_DMA_IRQHandler  stm32u0xx_hal_dma.o
    0x080035dc   0x080035dc   0x00000100   Code   RO          486    .text.HAL_DMA_Init  stm32u0xx_hal_dma.o
    0x080036dc   0x080036dc   0x000000cc   Code   RO          492    .text.HAL_DMA_Start_IT  stm32u0xx_hal_dma.o
    0x080037a8   0x080037a8   0x00000024   Code   RO          708    .text.HAL_Delay     stm32u0xx_hal.o
    0x080037cc   0x080037cc   0x000000f0   Code   RO          462    .text.HAL_GPIO_DeInit  stm32u0xx_hal_gpio.o
    0x080038bc   0x080038bc   0x00000008   Code   RO          200    .text.HAL_GPIO_EXTI_Falling_Callback  stm32u0xx_it.o
    0x080038c4   0x080038c4   0x00000028   Code   RO          472    .text.HAL_GPIO_EXTI_IRQHandler  stm32u0xx_hal_gpio.o
    0x080038ec   0x080038ec   0x00000008   Code   RO          198    .text.HAL_GPIO_EXTI_Rising_Callback  stm32u0xx_it.o
    0x080038f4   0x080038f4   0x00000198   Code   RO          460    .text.HAL_GPIO_Init  stm32u0xx_hal_gpio.o
    0x08003a8c   0x08003a8c   0x0000000a   Code   RO          464    .text.HAL_GPIO_ReadPin  stm32u0xx_hal_gpio.o
    0x08003a96   0x08003a96   0x00000010   Code   RO          466    .text.HAL_GPIO_WritePin  stm32u0xx_hal_gpio.o
    0x08003aa6   0x08003aa6   0x00000002   PAD
    0x08003aa8   0x08003aa8   0x0000000c   Code   RO          700    .text.HAL_GetTick   stm32u0xx_hal.o
    0x08003ab4   0x08003ab4   0x00000042   Code   RO          984    .text.HAL_I2CEx_ConfigAnalogFilter  stm32u0xx_hal_i2c_ex.o
    0x08003af6   0x08003af6   0x00000042   Code   RO          986    .text.HAL_I2CEx_ConfigDigitalFilter  stm32u0xx_hal_i2c_ex.o
    0x08003b38   0x08003b38   0x00000030   Code   RO          834    .text.HAL_I2C_DeInit  stm32u0xx_hal_i2c.o
    0x08003b68   0x08003b68   0x000000b4   Code   RO          830    .text.HAL_I2C_Init  stm32u0xx_hal_i2c.o
    0x08003c1c   0x08003c1c   0x00000208   Code   RO          904    .text.HAL_I2C_IsDeviceReady  stm32u0xx_hal_i2c.o
    0x08003e24   0x08003e24   0x000001a4   Code   RO          846    .text.HAL_I2C_Master_Receive  stm32u0xx_hal_i2c.o
    0x08003fc8   0x08003fc8   0x000001b4   Code   RO          838    .text.HAL_I2C_Master_Transmit  stm32u0xx_hal_i2c.o
    0x0800417c   0x0800417c   0x00000244   Code   RO          890    .text.HAL_I2C_Mem_Read  stm32u0xx_hal_i2c.o
    0x080043c0   0x080043c0   0x00000234   Code   RO          888    .text.HAL_I2C_Mem_Write  stm32u0xx_hal_i2c.o
    0x080045f4   0x080045f4   0x00000054   Code   RO           95    .text.HAL_I2C_MspDeInit  i2c.o
    0x08004648   0x08004648   0x00000108   Code   RO           93    .text.HAL_I2C_MspInit  i2c.o
    0x08004750   0x08004750   0x00000014   Code   RO          698    .text.HAL_IncTick   stm32u0xx_hal.o
    0x08004764   0x08004764   0x0000001a   Code   RO          688    .text.HAL_Init      stm32u0xx_hal.o
    0x0800477e   0x0800477e   0x00000002   PAD
    0x08004780   0x08004780   0x00000044   Code   RO          690    .text.HAL_InitTick  stm32u0xx_hal.o
    0x080047c4   0x080047c4   0x0000002c   Code   RO          212    .text.HAL_MspInit   stm32u0xx_hal_msp.o
    0x080047f0   0x080047f0   0x00000020   Code   RO          650    .text.HAL_NVIC_DisableIRQ  stm32u0xx_hal_cortex.o
    0x08004810   0x08004810   0x00000018   Code   RO          648    .text.HAL_NVIC_EnableIRQ  stm32u0xx_hal_cortex.o
    0x08004828   0x08004828   0x00000038   Code   RO          646    .text.HAL_NVIC_SetPriority  stm32u0xx_hal_cortex.o
    0x08004860   0x08004860   0x00000020   Code   RO          652    .text.HAL_NVIC_SystemReset  stm32u0xx_hal_cortex.o
    0x08004880   0x08004880   0x00000084   Code   RO          578    .text.HAL_PWREx_ControlVoltageScaling  stm32u0xx_hal_pwr_ex.o
    0x08004904   0x08004904   0x00000044   Code   RO          588    .text.HAL_PWREx_EnterSTOP2Mode  stm32u0xx_hal_pwr_ex.o
    0x08004948   0x08004948   0x00000010   Code   RO          580    .text.HAL_PWREx_GetVoltageRange  stm32u0xx_hal_pwr_ex.o
    0x08004958   0x08004958   0x000000c0   Code   RO          353    .text.HAL_RCCEx_GetPLLClockFreq  stm32u0xx_hal_rcc_ex.o
    0x08004a18   0x08004a18   0x000002e8   Code   RO          351    .text.HAL_RCCEx_GetPeriphCLKFreq  stm32u0xx_hal_rcc_ex.o
    0x08004d00   0x08004d00   0x00000248   Code   RO          347    .text.HAL_RCCEx_PeriphCLKConfig  stm32u0xx_hal_rcc_ex.o
    0x08004f48   0x08004f48   0x00000144   Code   RO          319    .text.HAL_RCC_ClockConfig  stm32u0xx_hal_rcc.o
    0x0800508c   0x0800508c   0x00000024   Code   RO          325    .text.HAL_RCC_GetPCLK1Freq  stm32u0xx_hal_rcc.o
    0x080050b0   0x080050b0   0x000000d8   Code   RO          317    .text.HAL_RCC_GetSysClockFreq  stm32u0xx_hal_rcc.o
    0x08005188   0x08005188   0x00000604   Code   RO          315    .text.HAL_RCC_OscConfig  stm32u0xx_hal_rcc.o
    0x0800578c   0x0800578c   0x0000002c   Code   RO         1269    .text.HAL_RTCEx_DeactivateWakeUpTimer  stm32u0xx_hal_rtc_ex.o
    0x080057b8   0x080057b8   0x000000cc   Code   RO         1267    .text.HAL_RTCEx_SetWakeUpTimer_IT  stm32u0xx_hal_rtc_ex.o
    0x08005884   0x08005884   0x00000002   Code   RO          202    .text.HAL_RTCEx_WakeUpTimerEventCallback  stm32u0xx_it.o
    0x08005886   0x08005886   0x00000002   PAD
    0x08005888   0x08005888   0x00000024   Code   RO         1273    .text.HAL_RTCEx_WakeUpTimerIRQHandler  stm32u0xx_hal_rtc_ex.o
    0x080058ac   0x080058ac   0x000000f4   Code   RO         1187    .text.HAL_RTC_Init  stm32u0xx_hal_rtc.o
    0x080059a0   0x080059a0   0x0000006c   Code   RO          139    .text.HAL_RTC_MspInit  rtc.o
    0x08005a0c   0x08005a0c   0x00000150   Code   RO         1207    .text.HAL_RTC_SetDate  stm32u0xx_hal_rtc.o
    0x08005b5c   0x08005b5c   0x00000188   Code   RO         1199    .text.HAL_RTC_SetTime  stm32u0xx_hal_rtc.o
    0x08005ce4   0x08005ce4   0x00000010   Code   RO          712    .text.HAL_ResumeTick  stm32u0xx_hal.o
    0x08005cf4   0x08005cf4   0x0000002c   Code   RO         1363    .text.HAL_SPI_DeInit  stm32u0xx_hal_spi.o
    0x08005d20   0x08005d20   0x00000006   Code   RO         1457    .text.HAL_SPI_GetState  stm32u0xx_hal_spi.o
    0x08005d26   0x08005d26   0x00000002   PAD
    0x08005d28   0x08005d28   0x000000f0   Code   RO         1359    .text.HAL_SPI_Init  stm32u0xx_hal_spi.o
    0x08005e18   0x08005e18   0x00000040   Code   RO          158    .text.HAL_SPI_MspDeInit  spi.o
    0x08005e58   0x08005e58   0x0000009c   Code   RO          156    .text.HAL_SPI_MspInit  spi.o
    0x08005ef4   0x08005ef4   0x00000228   Code   RO         1369    .text.HAL_SPI_Receive  stm32u0xx_hal_spi.o
    0x0800611c   0x0800611c   0x0000021c   Code   RO         1367    .text.HAL_SPI_Transmit  stm32u0xx_hal_spi.o
    0x08006338   0x08006338   0x000002f0   Code   RO         1371    .text.HAL_SPI_TransmitReceive  stm32u0xx_hal_spi.o
    0x08006628   0x08006628   0x00000030   Code   RO          654    .text.HAL_SYSTICK_Config  stm32u0xx_hal_cortex.o
    0x08006658   0x08006658   0x00000010   Code   RO          710    .text.HAL_SuspendTick  stm32u0xx_hal.o
    0x08006668   0x08006668   0x00000036   Code   RO         1164    .text.HAL_UARTEx_DisableFifoMode  stm32u0xx_hal_uart_ex.o
    0x0800669e   0x0800669e   0x00000070   Code   RO         1174    .text.HAL_UARTEx_ReceiveToIdle_DMA  stm32u0xx_hal_uart_ex.o
    0x0800670e   0x0800670e   0x00000002   PAD
    0x08006710   0x08006710   0x00000028   Code   RO          114    .text.HAL_UARTEx_RxEventCallback  usart.o
    0x08006738   0x08006738   0x00000002   Code   RO         1150    .text.HAL_UARTEx_RxFifoFullCallback  stm32u0xx_hal_uart_ex.o
    0x0800673a   0x0800673a   0x00000002   PAD
    0x0800673c   0x0800673c   0x00000080   Code   RO         1168    .text.HAL_UARTEx_SetRxFifoThreshold  stm32u0xx_hal_uart_ex.o
    0x080067bc   0x080067bc   0x00000088   Code   RO         1166    .text.HAL_UARTEx_SetTxFifoThreshold  stm32u0xx_hal_uart_ex.o
    0x08006844   0x08006844   0x00000002   Code   RO         1152    .text.HAL_UARTEx_TxFifoEmptyCallback  stm32u0xx_hal_uart_ex.o
    0x08006846   0x08006846   0x00000002   Code   RO         1148    .text.HAL_UARTEx_WakeupCallback  stm32u0xx_hal_uart_ex.o
    0x08006848   0x08006848   0x00000002   Code   RO         1085    .text.HAL_UART_AbortReceiveCpltCallback  stm32u0xx_hal_uart.o
    0x0800684a   0x0800684a   0x00000002   PAD
    0x0800684c   0x0800684c   0x000000c4   Code   RO         1081    .text.HAL_UART_AbortReceive_IT  stm32u0xx_hal_uart.o
    0x08006910   0x08006910   0x00000120   Code   RO         1059    .text.HAL_UART_DMAStop  stm32u0xx_hal_uart.o
    0x08006a30   0x08006a30   0x0000003a   Code   RO         1019    .text.HAL_UART_DeInit  stm32u0xx_hal_uart.o
    0x08006a6a   0x08006a6a   0x00000002   PAD
    0x08006a6c   0x08006a6c   0x00000024   Code   RO          196    .text.HAL_UART_ErrorCallback  stm32u0xx_it.o
    0x08006a90   0x08006a90   0x00000480   Code   RO         1087    .text.HAL_UART_IRQHandler  stm32u0xx_hal_uart.o
    0x08006f10   0x08006f10   0x00000070   Code   RO         1003    .text.HAL_UART_Init  stm32u0xx_hal_uart.o
    0x08006f80   0x08006f80   0x00000060   Code   RO          122    .text.HAL_UART_MspDeInit  usart.o
    0x08006fe0   0x08006fe0   0x0000015c   Code   RO          120    .text.HAL_UART_MspInit  usart.o
    0x0800713c   0x0800713c   0x00000080   Code   RO         1039    .text.HAL_UART_Receive_IT  stm32u0xx_hal_uart.o
    0x080071bc   0x080071bc   0x00000040   Code   RO          194    .text.HAL_UART_RxCpltCallback  stm32u0xx_it.o
    0x080071fc   0x080071fc   0x00000002   Code   RO         1101    .text.HAL_UART_RxHalfCpltCallback  stm32u0xx_hal_uart.o
    0x080071fe   0x080071fe   0x00000002   PAD
    0x08007200   0x08007200   0x00000190   Code   RO         1023    .text.HAL_UART_Transmit  stm32u0xx_hal_uart.o
    0x08007390   0x08007390   0x00000002   Code   RO         1095    .text.HAL_UART_TxCpltCallback  stm32u0xx_hal_uart.o
    0x08007392   0x08007392   0x00000002   Code   RO          172    .text.HardFault_Handler  stm32u0xx_it.o
    0x08007394   0x08007394   0x00000178   Code   RO          974    .text.I2C_IsErrorOccurred  stm32u0xx_hal_i2c.o
    0x0800750c   0x0800750c   0x000000fa   Code   RO          840    .text.I2C_WaitOnFlagUntilTimeout  stm32u0xx_hal_i2c.o
    0x08007606   0x08007606   0x00000002   PAD
    0x08007608   0x08007608   0x000000cc   Code   RO          848    .text.I2C_WaitOnRXNEFlagUntilTimeout  stm32u0xx_hal_i2c.o
    0x080076d4   0x080076d4   0x00000086   Code   RO          844    .text.I2C_WaitOnSTOPFlagUntilTimeout  stm32u0xx_hal_i2c.o
    0x0800775a   0x0800775a   0x000000a6   Code   RO          842    .text.I2C_WaitOnTXISFlagUntilTimeout  stm32u0xx_hal_i2c.o
    0x08007800   0x08007800   0x00000044   Code   RO         1555    .text.Init_BH1750   bh1750.o
    0x08007844   0x08007844   0x00000054   Code   RO         1726    .text.Key_EXTI_Callback  key_handler.o
    0x08007898   0x08007898   0x00000014   Code   RO         1720    .text.Key_Init      key_handler.o
    0x080078ac   0x080078ac   0x0000002c   Code   RO         1724    .text.Key_Process   key_handler.o
    0x080078d8   0x080078d8   0x0000000c   Code   RO         1722    .text.Key_Register_Callbacks  key_handler.o
    0x080078e4   0x080078e4   0x0000005a   Code   RO         1532    .text.LoRa_BurstWrite  lora.o
    0x0800793e   0x0800793e   0x00000002   PAD
    0x08007940   0x08007940   0x000002f0   Code   RO         1544    .text.LoRa_init     lora.o
    0x08007c30   0x08007c30   0x00000056   Code   RO         1512    .text.LoRa_readReg  lora.o
    0x08007c86   0x08007c86   0x00000002   PAD
    0x08007c88   0x08007c88   0x000000c8   Code   RO         1522    .text.LoRa_setSpreadingFactor  lora.o
    0x08007d50   0x08007d50   0x00000232   Code   RO         1536    .text.LoRa_transmit  lora.o
    0x08007f82   0x08007f82   0x00000056   Code   RO         1514    .text.LoRa_writeReg  lora.o
    0x08007fd8   0x08007fd8   0x00000078   Code   RO           49    .text.MX_ADC1_Init  adc.o
    0x08008050   0x08008050   0x00000044   Code   RO           64    .text.MX_CRC_Init   crc.o
    0x08008094   0x08008094   0x00000048   Code   RO           79    .text.MX_DMA_Init   dma.o
    0x080080dc   0x080080dc   0x00000168   Code   RO           41    .text.MX_GPIO_Init  gpio.o
    0x08008244   0x08008244   0x00000054   Code   RO           87    .text.MX_I2C1_Init  i2c.o
    0x08008298   0x08008298   0x00000054   Code   RO           89    .text.MX_I2C2_Init  i2c.o
    0x080082ec   0x080082ec   0x00000058   Code   RO           91    .text.MX_I2C3_Init  i2c.o
    0x08008344   0x08008344   0x00000068   Code   RO          116    .text.MX_LPUART1_UART_Init  usart.o
    0x080083ac   0x080083ac   0x00000090   Code   RO          137    .text.MX_RTC_Init   rtc.o
    0x0800843c   0x0800843c   0x00000048   Code   RO          152    .text.MX_SPI1_Init  spi.o
    0x08008484   0x08008484   0x00000048   Code   RO          154    .text.MX_SPI2_Init  spi.o
    0x080084cc   0x080084cc   0x00000078   Code   RO          118    .text.MX_USART1_UART_Init  usart.o
    0x08008544   0x08008544   0x00000002   Code   RO          170    .text.NMI_Handler   stm32u0xx_it.o
    0x08008546   0x08008546   0x00000002   Code   RO          176    .text.PendSV_Handler  stm32u0xx_it.o
    0x08008548   0x08008548   0x00000248   Code   RO           23    .text.Perform_Sensor_Transmission  main.o
    0x08008790   0x08008790   0x00000220   Code   RO           21    .text.Peripherals_Init  main.o
    0x080089b0   0x080089b0   0x00000010   Code   RO          180    .text.RTC_TAMP_IRQHandler  stm32u0xx_it.o
    0x080089c0   0x080089c0   0x000003d8   Code   RO         1623    .text.SHT40_Read_RHData  sht40.o
    0x08008d98   0x08008d98   0x00000160   Code   RO         1421    .text.SPI_WaitFifoStateUntilTimeout  stm32u0xx_hal_spi.o
    0x08008ef8   0x08008ef8   0x000000d0   Code   RO         1423    .text.SPI_WaitFlagStateUntilTimeout  stm32u0xx_hal_spi.o
    0x08008fc8   0x08008fc8   0x00000002   Code   RO          174    .text.SVC_Handler   stm32u0xx_it.o
    0x08008fca   0x08008fca   0x00000008   Code   RO          178    .text.SysTick_Handler  stm32u0xx_it.o
    0x08008fd2   0x08008fd2   0x00000074   Code   RO           19    .text.SystemClock_Config  main.o
    0x08009046   0x08009046   0x00000002   PAD
    0x08009048   0x08009048   0x00000034   Code   RO         1486    .text.SystemInit    system_stm32u0xx.o
    0x0800907c   0x0800907c   0x000000d2   Code   RO         1007    .text.UART_AdvFeatureConfig  stm32u0xx_hal_uart.o
    0x0800914e   0x0800914e   0x00000002   PAD
    0x08009150   0x08009150   0x000000d0   Code   RO         1011    .text.UART_CheckIdleState  stm32u0xx_hal_uart.o
    0x08009220   0x08009220   0x00000016   Code   RO         1089    .text.UART_DMAAbortOnError  stm32u0xx_hal_uart.o
    0x08009236   0x08009236   0x00000002   PAD
    0x08009238   0x08009238   0x000000d8   Code   RO         1049    .text.UART_DMAError  stm32u0xx_hal_uart.o
    0x08009310   0x08009310   0x0000009a   Code   RO         1133    .text.UART_DMAReceiveCplt  stm32u0xx_hal_uart.o
    0x080093aa   0x080093aa   0x00000020   Code   RO         1135    .text.UART_DMARxHalfCplt  stm32u0xx_hal_uart.o
    0x080093ca   0x080093ca   0x00000026   Code   RO         1083    .text.UART_DMARxOnlyAbortCallback  stm32u0xx_hal_uart.o
    0x080093f0   0x080093f0   0x000000dc   Code   RO         1129    .text.UART_RxISR_16BIT  stm32u0xx_hal_uart.o
    0x080094cc   0x080094cc   0x000002a0   Code   RO         1125    .text.UART_RxISR_16BIT_FIFOEN  stm32u0xx_hal_uart.o
    0x0800976c   0x0800976c   0x000000e4   Code   RO         1131    .text.UART_RxISR_8BIT  stm32u0xx_hal_uart.o
    0x08009850   0x08009850   0x000001e8   Code   RO         1127    .text.UART_RxISR_8BIT_FIFOEN  stm32u0xx_hal_uart.o
    0x08009a38   0x08009a38   0x000001dc   Code   RO         1009    .text.UART_SetConfig  stm32u0xx_hal_uart.o
    0x08009c14   0x08009c14   0x000000ac   Code   RO         1053    .text.UART_Start_Receive_DMA  stm32u0xx_hal_uart.o
    0x08009cc0   0x08009cc0   0x0000013c   Code   RO         1041    .text.UART_Start_Receive_IT  stm32u0xx_hal_uart.o
    0x08009dfc   0x08009dfc   0x000001c4   Code   RO         1025    .text.UART_WaitOnFlagUntilTimeout  stm32u0xx_hal_uart.o
    0x08009fc0   0x08009fc0   0x0000000c   Code   RO          190    .text.USART1_IRQHandler  stm32u0xx_it.o
    0x08009fcc   0x08009fcc   0x00000014   Code   RO          112    .text.USART1_Start_DMA_Reception  usart.o
    0x08009fe0   0x08009fe0   0x00000010   Code   RO          192    .text.USART3_LPUART1_IRQHandler  stm32u0xx_it.o
    0x08009ff0   0x08009ff0   0x000000b4   Code   RO         1613    .text.W25QXX_Erase_Sector  w25qxx.o
    0x0800a0a4   0x0800a0a4   0x000000f8   Code   RO         1603    .text.W25QXX_Init   w25qxx.o
    0x0800a19c   0x0800a19c   0x00000054   Code   RO         1607    .text.W25QXX_Read_Data  w25qxx.o
    0x0800a1f0   0x0800a1f0   0x0000010c   Code   RO         1609    .text.W25QXX_Write_Data  w25qxx.o
    0x0800a2fc   0x0800a2fc   0x00000058   Code   RO         1647    .text.format_location_string  device_properties.o
    0x0800a354   0x0800a354   0x00000020   Code   RO          108    .text.fputc         usart.o
    0x0800a374   0x0800a374   0x000000cc   Code   RO         1689    .text.generate_lora_frame  lora_protocol.o
    0x0800a440   0x0800a440   0x00000198   Code   RO         1693    .text.lora_model_create_sensor_payload  lora_protocol.o
    0x0800a5d8   0x0800a5d8   0x00000284   Code   RO           17    .text.main          main.o
    0x0800a85c   0x0800a85c   0x00000020   Code   RO         1502    .text.newLoRa       lora.o
    0x0800a87c   0x0800a87c   0x0000005c   Code   RO           13    .text.on_key_long_press  main.o
    0x0800a8d8   0x0800a8d8   0x00000040   Code   RO           15    .text.on_key_short_press  main.o
    0x0800a918   0x0800a918   0x0000004c   Code   RO         1649    .text.parse_location_string  device_properties.o
    0x0800a964   0x0800a964   0x00000020   Code   RO         2023    i.__0printf         mc_p.l(printfa.o)
    0x0800a984   0x0800a984   0x00000038   Code   RO         2024    i.__0snprintf       mc_p.l(printfa.o)
    0x0800a9bc   0x0800a9bc   0x0000002e   Code   RO         2186    i.__ARM_clz         mf_p.l(depilogue.o)
    0x0800a9ea   0x0800a9ea   0x00000002   PAD
    0x0800a9ec   0x0800a9ec   0x00000008   Code   RO         2164    i.__aeabi_errno_addr  mc_p.l(errno.o)
    0x0800a9f4   0x0800a9f4   0x0000000c   Code   RO         2165    i.__read_errno      mc_p.l(errno.o)
    0x0800aa00   0x0800aa00   0x0000000e   Code   RO         2205    i.__scatterload_copy  mc_p.l(handlers.o)
    0x0800aa0e   0x0800aa0e   0x00000002   Code   RO         2206    i.__scatterload_null  mc_p.l(handlers.o)
    0x0800aa10   0x0800aa10   0x0000000e   Code   RO         2207    i.__scatterload_zeroinit  mc_p.l(handlers.o)
    0x0800aa1e   0x0800aa1e   0x00000002   PAD
    0x0800aa20   0x0800aa20   0x0000000c   Code   RO         2166    i.__set_errno       mc_p.l(errno.o)
    0x0800aa2c   0x0800aa2c   0x00000174   Code   RO         2030    i._fp_digits        mc_p.l(printfa.o)
    0x0800aba0   0x0800aba0   0x0000000e   Code   RO         2059    i._is_digit         mc_p.l(scanf_fp.o)
    0x0800abae   0x0800abae   0x00000002   PAD
    0x0800abb0   0x0800abb0   0x000006ec   Code   RO         2031    i._printf_core      mc_p.l(printfa.o)
    0x0800b29c   0x0800b29c   0x00000020   Code   RO         2032    i._printf_post_padding  mc_p.l(printfa.o)
    0x0800b2bc   0x0800b2bc   0x0000002c   Code   RO         2033    i._printf_pre_padding  mc_p.l(printfa.o)
    0x0800b2e8   0x0800b2e8   0x00000016   Code   RO         2034    i._snputc           mc_p.l(printfa.o)
    0x0800b2fe   0x0800b2fe   0x0000002c   Code   RO         1748    i.atof              m_ps.l(atof.o)
    0x0800b32a   0x0800b32a   0x00000002   PAD
    0x0800b32c   0x0800b32c   0x00000010   Code   RO         1756    i.putchar           mc_p.l(putchar.o)
    0x0800b33c   0x0800b33c   0x00000020   Code   RO         1754    i.puts              mc_p.l(puts.o)
    0x0800b35c   0x0800b35c   0x00000081   Data   RO         2137    .constdata          mc_p.l(ctype_o.o)
    0x0800b3dd   0x0800b3dd   0x00000003   PAD
    0x0800b3e0   0x0800b3e0   0x00000004   Data   RO         2138    .constdata          mc_p.l(ctype_o.o)
    0x0800b3e4   0x0800b3e4   0x00000004   PAD
    0x0800b3e8   0x0800b3e8   0x00000050   Data   RO         1546    .rodata..L__const.LoRa_setAutoLDO.BW  lora.o
    0x0800b438   0x0800b438   0x00000010   Data   RO         1491    .rodata.AHBPrescTable  system_stm32u0xx.o
    0x0800b448   0x0800b448   0x00000008   Data   RO         1492    .rodata.APBPrescTable  system_stm32u0xx.o
    0x0800b450   0x0800b450   0x00000030   Data   RO         1493    .rodata.MSIRangeTable  system_stm32u0xx.o
    0x0800b480   0x0800b480   0x00000018   Data   RO         1137    .rodata.UARTPrescTable  stm32u0xx_hal_uart.o
    0x0800b498   0x0800b498   0x00000010   Data   RO         1178    .rodata.cst8        stm32u0xx_hal_uart_ex.o
    0x0800b4a8   0x0800b4a8   0x0000041f   Data   RO           29    .rodata.str1.1      main.o
    0x0800b8c7   0x0800b8c7   0x0000002c   Data   RO         1593    .rodata.str1.1      gps.o
    0x0800b8f3   0x0800b8f3   0x000000ec   Data   RO         1739    .rodata.str1.1      cli_manager.o
    0x0800b9df   0x0800b9df   0x00000001   PAD
    0x0800b9e0   0x0800b9e0   0x00000020   Data   RO         2204    Region$$Table       anon$$obj.o


    Execution Region RW_IRAM1 (Exec base: 0x20000000, Load base: 0x0800ba00, Size: 0x00000b18, Max: 0x00002000, ABSOLUTE)

    Exec Addr    Load Addr    Size         Type   Attr      Idx    E Section Name        Object

    0x20000000   0x0800ba00   0x00000004   Data   RW         1783    .data               mc_p.l(strtok.o)
    0x20000004   0x0800ba04   0x00000004   Data   RW         2119    .data               mc_p.l(stdout.o)
    0x20000008   0x0800ba08   0x00000004   Data   RW         2167    .data               mc_p.l(errno.o)
    0x2000000c   0x0800ba0c   0x00000008   Data   RW          759    .data..L_MergedGlobals  stm32u0xx_hal.o
    0x20000014   0x0800ba14   0x00000004   Data   RW         1490    .data.SystemCoreClock  system_stm32u0xx.o
    0x20000018        -       0x00000058   Zero   RW           32    .bss..L_MergedGlobals  main.o
    0x20000070        -       0x00000060   Zero   RW          128    .bss..L_MergedGlobals  usart.o
    0x200000d0        -       0x00000018   Zero   RW         1571    .bss..L_MergedGlobals  bmp280.o
    0x200000e8        -       0x00000050   Zero   RW         1594    .bss..L_MergedGlobals  gps.o
    0x20000138        -       0x00000018   Zero   RW         1728    .bss..L_MergedGlobals  key_handler.o
    0x20000150        -       0x0000000c   Zero   RW         1711    .bss.g_DeviceConfig  config_manager.o
    0x2000015c        -       0x00000040   Zero   RW          125    .bss.g_usart1_rx_buffer  usart.o
    0x2000019c        -       0x00000100   Zero   RW         1592    .bss.gps_buffer     gps.o
    0x2000029c        -       0x00000064   Zero   RW           55    .bss.hadc1          adc.o
    0x20000300        -       0x00000024   Zero   RW           70    .bss.hcrc           crc.o
    0x20000324        -       0x0000005c   Zero   RW          127    .bss.hdma_usart1_tx  usart.o
    0x20000380        -       0x00000054   Zero   RW           97    .bss.hi2c1          i2c.o
    0x200003d4        -       0x00000054   Zero   RW           98    .bss.hi2c2          i2c.o
    0x20000428        -       0x00000054   Zero   RW           99    .bss.hi2c3          i2c.o
    0x2000047c        -       0x00000094   Zero   RW          126    .bss.hlpuart1       usart.o
    0x20000510        -       0x00000030   Zero   RW          143    .bss.hrtc           rtc.o
    0x20000540        -       0x00000064   Zero   RW          160    .bss.hspi1          spi.o
    0x200005a4        -       0x00000064   Zero   RW          161    .bss.hspi2          spi.o
    0x20000608        -       0x00000094   Zero   RW          124    .bss.huart1         usart.o
    0x2000069c   0x0800ba18   0x00000004   PAD
    0x200006a0        -       0x00000070   Zero   RW           30    .bss.sensor_data    main.o
    0x20000710        -       0x00000004   Zero   RW          758    .bss.uwTick         stm32u0xx_hal.o
    0x20000714   0x0800ba18   0x00000004   PAD
    0x20000718        -       0x00000400   Zero   RW            1    STACK               startup_stm32u031xx.o


==============================================================================

Image component sizes


      Code (inc. data)   RO Data    RW Data    ZI Data      Debug   Object Name

       284         24          0          0        100       6338   adc.o
       440         52          0          0          0       4054   battery.o
       172         12          0          0          0       2218   bh1750.o
       688         16          0          0         24       3810   bmp280.o
       452        188        236          0          0       1392   cli_manager.o
       312         12          0          0         12       2340   config_manager.o
       116         24          0          0         36       3122   crc.o
       164         36          0          0          0       1586   device_properties.o
        72          4          0          0          0       2316   dma.o
       360         16          0          0          0       3133   gpio.o
       956         82         44          0        336       8023   gps.o
       604         60          0          0        252       6947   i2c.o
       160          4          0          0         24       2486   key_handler.o
      1808         72         80          0          0      20863   lora.o
       612         20          0          0          0      10250   lora_protocol.o
      2052        672       1055          0        200      12427   main.o
       252         20          0          0         48       5459   rtc.o
       984         28          0          0          0       4564   sht40.o
       364         36          0          0        200       5842   spi.o
        28          8        192          0       1024        620   startup_stm32u031xx.o
       194         24          0          8          4       7382   stm32u0xx_hal.o
      2384        144          0          0          0      23294   stm32u0xx_hal_adc.o
      1196         20          0          0          0       9995   stm32u0xx_hal_adc_ex.o
       192         32          0          0          0       7002   stm32u0xx_hal_cortex.o
       128          4          0          0          0       8016   stm32u0xx_hal_crc.o
        92         16          0          0          0       2875   stm32u0xx_hal_crc_ex.o
      1076         32          0          0          0       9192   stm32u0xx_hal_dma.o
       714         16          0          0          0       4730   stm32u0xx_hal_gpio.o
      3878        112          0          0          0      68166   stm32u0xx_hal_i2c.o
       132          0          0          0          0       5154   stm32u0xx_hal_i2c_ex.o
        44          4          0          0          0       1562   stm32u0xx_hal_msp.o
       216         16          0          0          0       7662   stm32u0xx_hal_pwr_ex.o
      2116        132          0          0          0      10947   stm32u0xx_hal_rcc.o
      1520        228          0          0          0      10661   stm32u0xx_hal_rcc_ex.o
       972         16          0          0          0      15432   stm32u0xx_hal_rtc.o
       284         12          0          0          0      17691   stm32u0xx_hal_rtc_ex.o
      2694         16          0          0          0      26913   stm32u0xx_hal_spi.o
      6244        152         24          0          0      49768   stm32u0xx_hal_uart.o
       436          8         16          0          0      12189   stm32u0xx_hal_uart_ex.o
       230         40          0          0          0       6878   stm32u0xx_it.o
        52         12         72          4          0       3461   system_stm32u0xx.o
       760         60          0          0        548       9073   usart.o
       780        116          0          0          0       5437   w25qxx.o

    ----------------------------------------------------------------------
     37248       2598       1752         12       2816     431270   Object Totals
         0          0         32          0          0          0   (incl. Generated)
        34          0          1          0          8          0   (incl. Padding)

    ----------------------------------------------------------------------

      Code (inc. data)   RO Data    RW Data    ZI Data      Debug   Library Member Name

        44          0          0          0          0         76   atof.o
        60         10          0          0          0         84   __0sscanf.o
        30          0          0          0          0         60   _chval.o
       824         12          0          0          0         84   _scanf.o
       330          0          0          0          0         84   _scanf_int.o
       232          0          0          0          0         84   _scanf_str.o
        68          0          0          0          0         76   _sgetc.o
       166          0          0          0          0         84   _strtoul.o
        26          0          0          0          0         72   atoi.o
         8          4        133          0          0         60   ctype_o.o
         0          0          0          0          0          0   entry.o
         0          0          0          0          0          0   entry10a.o
         0          0          0          0          0          0   entry11a.o
         8          4          0          0          0          0   entry2.o
         4          0          0          0          0          0   entry5.o
         0          0          0          0          0          0   entry7b.o
         0          0          0          0          0          0   entry8b.o
         8          4          0          0          0          0   entry9a.o
        32         16          0          4          0        180   errno.o
        30          0          0          0          0          0   handlers.o
        48         10          0          0          0         68   init.o
        18          0          0          0          0         68   isspace_o.o
         0          0          0          0          0          0   iusefp.o
        76          0          0          0          0         76   ldiv.o
        48          0          0          0          0         72   llmul.o
        32          0          0          0          0         68   llshl.o
        38          0          0          0          0         68   llsshr.o
        34          0          0          0          0         68   llushr.o
        26          0          0          0          0         72   memcmp.o
        36          0          0          0          0         60   memcpya.o
        36          0          0          0          0        100   memseta.o
      2330        104          0          0          0        564   printfa.o
        16          6          0          0          0         68   putchar.o
        32          4          0          0          0         68   puts.o
        44          8          0          0          0         84   scanf_char.o
       898         14          0          0          0        184   scanf_fp.o
         0          0          0          4          0          0   stdout.o
        14          0          0          0          0         60   strlen.o
        40          0          0          0          0         72   strstr.o
       180         18          0          0          0        120   strtod.o
        72          4          0          4          0         72   strtok.o
       112          4          0          0          0         76   strtol.o
        62          0          0          0          0         72   uidiv_div0.o
        96          0          0          0          0         84   uldiv.o
        40          2          0          0          0         68   cdrcmple.o
        56          0          0          0          0         68   d2f.o
       356          4          0          0          0        140   dadd.o
        46          0          0          0          0         68   dcmpeq.o
        44          0          0          0          0         68   dcmpgt.o
        44          0          0          0          0         68   dcmplt.o
       240          6          0          0          0         84   ddiv.o
       236          0          0          0          0        216   depilogue.o
        72         10          0          0          0         72   dfixi.o
        60         10          0          0          0         68   dfixui.o
        64         10          0          0          0         68   dfixul.o
        40          6          0          0          0         68   dflti.o
        28          4          0          0          0         68   dfltui.o
        28          6          0          0          0         68   dfltul.o
       208          6          0          0          0         88   dmul.o
        40          0          0          0          0         60   f2d.o
       178          0          0          0          0        108   fadd.o
        28          0          0          0          0         60   fcmpge.o
        28          0          0          0          0         60   fcmple.o
       124          0          0          0          0         72   fdiv.o
       130          0          0          0          0        144   fepilogue.o
        50          0          0          0          0         60   ffixi.o
        22          0          0          0          0         68   fflti.o
        14          0          0          0          0         68   ffltui.o
       122          0          0          0          0         72   fmul.o

    ----------------------------------------------------------------------
      8476        286        140         12          0       5240   Library Totals
        20          0          7          0          0          0   (incl. Padding)

    ----------------------------------------------------------------------

      Code (inc. data)   RO Data    RW Data    ZI Data      Debug   Library Name

        44          0          0          0          0         76   m_ps.l
      6114        222        133         12          0       3112   mc_p.l
      2298         64          0          0          0       2052   mf_p.l

    ----------------------------------------------------------------------
      8476        286        140         12          0       5240   Library Totals

    ----------------------------------------------------------------------

==============================================================================


      Code (inc. data)   RO Data    RW Data    ZI Data      Debug   

     45724       2884       1892         24       2816     433018   Grand Totals
     45724       2884       1892         24       2816     433018   ELF Image Totals
     45724       2884       1892         24          0          0   ROM Totals

==============================================================================

    Total RO  Size (Code + RO Data)                47616 (  46.50kB)
    Total RW  Size (RW Data + ZI Data)              2840 (   2.77kB)
    Total ROM Size (Code + RO Data + RW Data)      47640 (  46.52kB)

==============================================================================

