<html>
<body>
<pre>
<h1>µVision Build Log</h1>
<h2>Tool Versions:</h2>
IDE-Version: ¦ÌVision V5.42.0.0
Copyright (C) 2025 ARM Ltd and ARM Germany GmbH. All rights reserved.
License Information: DG YJ, DGYJ, LIC=HN0AE-50D4B-X7LRZ-J5W9D-F18VJ-D7P6D
 
Tool Versions:
Toolchain:       MDK-ARM Plus  Version: 5.42.0.0
Toolchain Path:  E:\Keil_v5\ARM\ARMCLANG\Bin
C Compiler:      ArmClang.exe V6.23
Assembler:       Armasm.exe V6.23
Linker/Locator:  ArmLink.exe V6.23
Library Manager: ArmAr.exe V6.23
Hex Converter:   FromElf.exe V6.23
CPU DLL:         SARMCM3.DLL V5.42.0.0
Dialog DLL:      DARMCM1.DLL V1.19.6.0
Target DLL:      CMSIS_AGDI.dll V1.33.22.0
Dialog DLL:      TARMCM1.DLL V1.14.6.0
 
<h2>Project:</h2>
C:\Users\24171\Desktop\Sensor_Project\Sensor_Node_2\MDK-ARM\Sensor_Node_Ra02.uvprojx
Project File Date:  06/22/2025

<h2>Output:</h2>
*** Using Compiler 'V6.23', folder: 'E:\Keil_v5\ARM\ARMCLANG\Bin'
Rebuild target 'Sensor_Node_Ra02'
assembling startup_stm32u031xx.s...
compiling stm32u0xx_ll_adc.c...
compiling i2c.c...
compiling adc.c...
compiling gpio.c...
compiling spi.c...
compiling crc.c...
compiling rtc.c...
compiling stm32u0xx_hal_msp.c...
compiling dma.c...
compiling stm32u0xx_it.c...
compiling usart.c...
compiling stm32u0xx_hal_adc_ex.c...
compiling main.c...
compiling stm32u0xx_hal_rcc.c...
compiling stm32u0xx_hal_adc.c...
compiling stm32u0xx_hal_rcc_ex.c...
compiling stm32u0xx_hal_gpio.c...
compiling stm32u0xx_hal_flash.c...
compiling stm32u0xx_hal_flash_ex.c...
compiling stm32u0xx_hal_dma.c...
compiling stm32u0xx_hal_dma_ex.c...
compiling stm32u0xx_hal_pwr.c...
compiling stm32u0xx_hal_cortex.c...
compiling stm32u0xx_hal_pwr_ex.c...
compiling stm32u0xx_hal.c...
compiling stm32u0xx_ll_i2c.c...
compiling stm32u0xx_hal_exti.c...
compiling stm32u0xx_hal_crc_ex.c...
compiling stm32u0xx_hal_crc.c...
compiling stm32u0xx_hal_i2c_ex.c...
compiling stm32u0xx_hal_spi_ex.c...
compiling stm32u0xx_hal_uart_ex.c...
compiling stm32u0xx_hal_tim.c...
compiling stm32u0xx_hal_rtc_ex.c...
compiling stm32u0xx_hal_rtc.c...
compiling stm32u0xx_hal_tim_ex.c...
compiling system_stm32u0xx.c...
compiling w25qxx.c...
compiling bh1750.c...
compiling gps.c...
compiling sht40.c...
compiling LoRa.c...
compiling bmp280.c...
compiling stm32u0xx_hal_uart.c...
compiling device_properties.c...
compiling stm32u0xx_hal_spi.c...
compiling battery.c...
compiling lora_protocol.c...
compiling stm32u0xx_hal_i2c.c...
compiling config_manager.c...
compiling key_handler.c...
compiling cli_manager.c...
linking...
Program Size: Code=45724 RO-data=1892 RW-data=24 ZI-data=2816  
FromELF: creating hex file...
"Sensor_Node_Ra02\Sensor_Node_Ra02.axf" - 0 Error(s), 0 Warning(s).

<h2>Software Packages used:</h2>

Package Vendor: ARM
                http://www.keil.com/pack/ARM.CMSIS.5.9.0.pack
                ARM::CMSIS@5.9.0
                CMSIS (Common Microcontroller Software Interface Standard)
   * Component: CORE Version: 5.6.0

Package Vendor: Keil
                https://www.keil.com/pack/Keil.STM32U0xx_DFP.2.0.0.pack
                Keil::STM32U0xx_DFP@2.0.0
                STMicroelectronics STM32U0 Series Device Support

<h2>Collection of Component include folders:</h2>
  ./RTE/_Sensor_Node_Ra02
  E:/Keil_v5/ARM/Packs/ARM/CMSIS/5.9.0/CMSIS/Core/Include

<h2>Collection of Component Files used:</h2>

   * Component: ARM::CMSIS:CORE@5.6.0
      Include file:  CMSIS/Core/Include/tz_context.h
Build Time Elapsed:  00:00:03
</pre>
</body>
</html>
