Component: Arm Compiler for Embedded 6.23 Tool: armlink [5f102400]

==============================================================================

Section Cross References

    startup_stm32u031xx.o(RESET) refers to startup_stm32u031xx.o(STACK) for __initial_sp
    startup_stm32u031xx.o(RESET) refers to startup_stm32u031xx.o(.text) for Reset_Handler
    startup_stm32u031xx.o(RESET) refers to stm32u0xx_it.o(.text.NMI_Handler) for NMI_Handler
    startup_stm32u031xx.o(RESET) refers to stm32u0xx_it.o(.text.HardFault_Handler) for HardFault_Handler
    startup_stm32u031xx.o(RESET) refers to stm32u0xx_it.o(.text.SVC_Handler) for SVC_Handler
    startup_stm32u031xx.o(RESET) refers to stm32u0xx_it.o(.text.PendSV_Handler) for PendSV_Handler
    startup_stm32u031xx.o(RESET) refers to stm32u0xx_it.o(.text.SysTick_Handler) for SysTick_Handler
    startup_stm32u031xx.o(RESET) refers to stm32u0xx_it.o(.text.RTC_TAMP_IRQHandler) for RTC_TAMP_IRQHandler
    startup_stm32u031xx.o(RESET) refers to stm32u0xx_it.o(.text.EXTI0_1_IRQHandler) for EXTI0_1_IRQHandler
    startup_stm32u031xx.o(RESET) refers to stm32u0xx_it.o(.text.EXTI2_3_IRQHandler) for EXTI2_3_IRQHandler
    startup_stm32u031xx.o(RESET) refers to stm32u0xx_it.o(.text.DMA1_Channel1_IRQHandler) for DMA1_Channel1_IRQHandler
    startup_stm32u031xx.o(RESET) refers to stm32u0xx_it.o(.text.DMA1_Channel2_3_IRQHandler) for DMA1_Channel2_3_IRQHandler
    startup_stm32u031xx.o(RESET) refers to stm32u0xx_it.o(.text.USART1_IRQHandler) for USART1_IRQHandler
    startup_stm32u031xx.o(RESET) refers to stm32u0xx_it.o(.text.USART3_LPUART1_IRQHandler) for USART3_LPUART1_IRQHandler
    startup_stm32u031xx.o(.text) refers to system_stm32u0xx.o(.text.SystemInit) for SystemInit
    startup_stm32u031xx.o(.text) refers to entry.o(.ARM.Collect$$$$00000000) for __main
    main.o(.text.print_hex) refers to puts.o(i.puts) for puts
    main.o(.text.print_hex) refers to printfa.o(i.__0printf) for __2printf
    main.o(.text.print_hex) refers to putchar.o(i.putchar) for putchar
    main.o(.text.print_hex) refers to main.o(.rodata.str1.1) for [Anonymous Symbol]
    main.o(.ARM.exidx.text.print_hex) refers to main.o(.text.print_hex) for [Anonymous Symbol]
    main.o(.ARM.exidx.text.on_key_long_press) refers to main.o(.text.on_key_long_press) for [Anonymous Symbol]
    main.o(.text.on_key_short_press) refers to puts.o(i.puts) for puts
    main.o(.ARM.exidx.text.on_key_short_press) refers to main.o(.text.on_key_short_press) for [Anonymous Symbol]
    main.o(.text.Configuration_Mode_Init) refers to puts.o(i.puts) for puts
    main.o(.text.Configuration_Mode_Init) refers to stm32u0xx_hal_gpio.o(.text.HAL_GPIO_WritePin) for HAL_GPIO_WritePin
    main.o(.text.Configuration_Mode_Init) refers to stm32u0xx_hal.o(.text.HAL_Delay) for HAL_Delay
    main.o(.text.Configuration_Mode_Init) refers to w25qxx.o(.text.W25QXX_Init) for W25QXX_Init
    main.o(.text.Configuration_Mode_Init) refers to config_manager.o(.text.Config_Load) for Config_Load
    main.o(.text.Configuration_Mode_Init) refers to usart.o(.text.USART1_Start_DMA_Reception) for USART1_Start_DMA_Reception
    main.o(.text.Configuration_Mode_Init) refers to config_manager.o(.text.Config_SetDefault) for Config_SetDefault
    main.o(.text.Configuration_Mode_Init) refers to main.o(.rodata.str1.1) for [Anonymous Symbol]
    main.o(.ARM.exidx.text.Configuration_Mode_Init) refers to main.o(.text.Configuration_Mode_Init) for [Anonymous Symbol]
    main.o(.text.main) refers to stm32u0xx_hal.o(.text.HAL_Init) for HAL_Init
    main.o(.text.main) refers to main.o(.text.SystemClock_Config) for SystemClock_Config
    main.o(.text.main) refers to gpio.o(.text.MX_GPIO_Init) for MX_GPIO_Init
    main.o(.text.main) refers to dma.o(.text.MX_DMA_Init) for MX_DMA_Init
    main.o(.text.main) refers to spi.o(.text.MX_SPI1_Init) for MX_SPI1_Init
    main.o(.text.main) refers to usart.o(.text.MX_USART1_UART_Init) for MX_USART1_UART_Init
    main.o(.text.main) refers to adc.o(.text.MX_ADC1_Init) for MX_ADC1_Init
    main.o(.text.main) refers to i2c.o(.text.MX_I2C1_Init) for MX_I2C1_Init
    main.o(.text.main) refers to i2c.o(.text.MX_I2C2_Init) for MX_I2C2_Init
    main.o(.text.main) refers to i2c.o(.text.MX_I2C3_Init) for MX_I2C3_Init
    main.o(.text.main) refers to spi.o(.text.MX_SPI2_Init) for MX_SPI2_Init
    main.o(.text.main) refers to crc.o(.text.MX_CRC_Init) for MX_CRC_Init
    main.o(.text.main) refers to usart.o(.text.MX_LPUART1_UART_Init) for MX_LPUART1_UART_Init
    main.o(.text.main) refers to rtc.o(.text.MX_RTC_Init) for MX_RTC_Init
    main.o(.text.main) refers to stm32u0xx_hal_rtc_ex.o(.text.HAL_RTCEx_DeactivateWakeUpTimer) for HAL_RTCEx_DeactivateWakeUpTimer
    main.o(.text.main) refers to key_handler.o(.text.Key_Init) for Key_Init
    main.o(.text.main) refers to stm32u0xx_hal.o(.text.HAL_Delay) for HAL_Delay
    main.o(.text.main) refers to stm32u0xx_hal_gpio.o(.text.HAL_GPIO_ReadPin) for HAL_GPIO_ReadPin
[...]
    __arm_cp.23_0                            0x080079bc   Number         4  stm32u0xx_hal_uart.o(.text.UART_DMAError)
    UART_DMAReceiveCplt                      0x080079c1   Thumb Code   154  stm32u0xx_hal_uart.o(.text.UART_DMAReceiveCplt)
    [Anonymous Symbol]                       0x080079c0   Section        0  stm32u0xx_hal_uart.o(.text.UART_DMAReceiveCplt)
    UART_DMARxHalfCplt                       0x08007a5b   Thumb Code    32  stm32u0xx_hal_uart.o(.text.UART_DMARxHalfCplt)
    [Anonymous Symbol]                       0x08007a5a   Section        0  stm32u0xx_hal_uart.o(.text.UART_DMARxHalfCplt)
    UART_RxISR_16BIT                         0x08007a7d   Thumb Code   220  stm32u0xx_hal_uart.o(.text.UART_RxISR_16BIT)
    [Anonymous Symbol]                       0x08007a7c   Section        0  stm32u0xx_hal_uart.o(.text.UART_RxISR_16BIT)
    UART_RxISR_16BIT_FIFOEN                  0x08007b59   Thumb Code   668  stm32u0xx_hal_uart.o(.text.UART_RxISR_16BIT_FIFOEN)
    [Anonymous Symbol]                       0x08007b58   Section        0  stm32u0xx_hal_uart.o(.text.UART_RxISR_16BIT_FIFOEN)
    __arm_cp.61_2                            0x08007df4   Number         4  stm32u0xx_hal_uart.o(.text.UART_RxISR_16BIT_FIFOEN)
    UART_RxISR_8BIT                          0x08007df9   Thumb Code   224  stm32u0xx_hal_uart.o(.text.UART_RxISR_8BIT)
    [Anonymous Symbol]                       0x08007df8   Section        0  stm32u0xx_hal_uart.o(.text.UART_RxISR_8BIT)
    __arm_cp.64_0                            0x08007ed8   Number         4  stm32u0xx_hal_uart.o(.text.UART_RxISR_8BIT)
    UART_RxISR_8BIT_FIFOEN                   0x08007edd   Thumb Code   476  stm32u0xx_hal_uart.o(.text.UART_RxISR_8BIT_FIFOEN)
    [Anonymous Symbol]                       0x08007edc   Section        0  stm32u0xx_hal_uart.o(.text.UART_RxISR_8BIT_FIFOEN)
    __arm_cp.62_0                            0x080080b8   Number         4  stm32u0xx_hal_uart.o(.text.UART_RxISR_8BIT_FIFOEN)
    __arm_cp.62_1                            0x080080bc   Number         4  stm32u0xx_hal_uart.o(.text.UART_RxISR_8BIT_FIFOEN)
    __arm_cp.62_2                            0x080080c0   Number         4  stm32u0xx_hal_uart.o(.text.UART_RxISR_8BIT_FIFOEN)
    [Anonymous Symbol]                       0x080080c4   Section        0  stm32u0xx_hal_uart.o(.text.UART_SetConfig)
    __arm_cp.3_0                             0x08008268   Number         4  stm32u0xx_hal_uart.o(.text.UART_SetConfig)
    __arm_cp.3_1                             0x0800826c   Number         4  stm32u0xx_hal_uart.o(.text.UART_SetConfig)
    __arm_cp.3_2                             0x08008270   Number         4  stm32u0xx_hal_uart.o(.text.UART_SetConfig)
    __arm_cp.3_3                             0x08008274   Number         4  stm32u0xx_hal_uart.o(.text.UART_SetConfig)
    __arm_cp.3_4                             0x08008278   Number         4  stm32u0xx_hal_uart.o(.text.UART_SetConfig)
    __arm_cp.3_5                             0x0800827c   Number         4  stm32u0xx_hal_uart.o(.text.UART_SetConfig)
    __arm_cp.3_6                             0x08008280   Number         4  stm32u0xx_hal_uart.o(.text.UART_SetConfig)
    __arm_cp.3_7                             0x08008284   Number         4  stm32u0xx_hal_uart.o(.text.UART_SetConfig)
    __arm_cp.3_8                             0x08008288   Number         4  stm32u0xx_hal_uart.o(.text.UART_SetConfig)
    __arm_cp.3_9                             0x0800828c   Number         4  stm32u0xx_hal_uart.o(.text.UART_SetConfig)
    __arm_cp.3_10                            0x08008290   Number         4  stm32u0xx_hal_uart.o(.text.UART_SetConfig)
    __arm_cp.3_11                            0x08008294   Number         4  stm32u0xx_hal_uart.o(.text.UART_SetConfig)
    __arm_cp.3_12                            0x08008298   Number         4  stm32u0xx_hal_uart.o(.text.UART_SetConfig)
    __arm_cp.3_13                            0x0800829c   Number         4  stm32u0xx_hal_uart.o(.text.UART_SetConfig)
    [Anonymous Symbol]                       0x080082a0   Section        0  stm32u0xx_hal_uart.o(.text.UART_Start_Receive_DMA)
    __arm_cp.25_0                            0x08008340   Number         4  stm32u0xx_hal_uart.o(.text.UART_Start_Receive_DMA)
    __arm_cp.25_1                            0x08008344   Number         4  stm32u0xx_hal_uart.o(.text.UART_Start_Receive_DMA)
    __arm_cp.25_2                            0x08008348   Number         4  stm32u0xx_hal_uart.o(.text.UART_Start_Receive_DMA)
    [Anonymous Symbol]                       0x0800834c   Section        0  stm32u0xx_hal_uart.o(.text.UART_Start_Receive_IT)
    __arm_cp.19_0                            0x08008474   Number         4  stm32u0xx_hal_uart.o(.text.UART_Start_Receive_IT)
    __arm_cp.19_1                            0x08008478   Number         4  stm32u0xx_hal_uart.o(.text.UART_Start_Receive_IT)
    __arm_cp.19_2                            0x0800847c   Number         4  stm32u0xx_hal_uart.o(.text.UART_Start_Receive_IT)
    __arm_cp.19_3                            0x08008480   Number         4  stm32u0xx_hal_uart.o(.text.UART_Start_Receive_IT)
    __arm_cp.19_4                            0x08008484   Number         4  stm32u0xx_hal_uart.o(.text.UART_Start_Receive_IT)
    [Anonymous Symbol]                       0x08008488   Section        0  stm32u0xx_hal_uart.o(.text.UART_WaitOnFlagUntilTimeout)
    __arm_cp.11_0                            0x08008648   Number         4  stm32u0xx_hal_uart.o(.text.UART_WaitOnFlagUntilTimeout)
    [Anonymous Symbol]                       0x0800864c   Section        0  stm32u0xx_it.o(.text.USART1_IRQHandler)
    [Anonymous Symbol]                       0x08008658   Section        0  usart.o(.text.USART1_Start_DMA_Reception)
    __arm_cp.2_1                             0x08008668   Number         4  usart.o(.text.USART1_Start_DMA_Reception)
    [Anonymous Symbol]                       0x0800866c   Section        0  stm32u0xx_it.o(.text.USART3_LPUART1_IRQHandler)
    __arm_cp.11_0                            0x08008678   Number         4  stm32u0xx_it.o(.text.USART3_LPUART1_IRQHandler)
    [Anonymous Symbol]                       0x0800867c   Section        0  w25qxx.o(.text.W25QXX_Erase_Sector)
    [Anonymous Symbol]                       0x08008730   Section        0  w25qxx.o(.text.W25QXX_Init)
    __arm_cp.0_0                             0x080087bc   Number         4  w25qxx.o(.text.W25QXX_Init)
    __arm_cp.0_1                             0x080087c0   Number         4  w25qxx.o(.text.W25QXX_Init)
    __arm_cp.0_4                             0x080087ec   Number         4  w25qxx.o(.text.W25QXX_Init)
    [Anonymous Symbol]                       0x08008828   Section        0  w25qxx.o(.text.W25QXX_Read_Data)
    [Anonymous Symbol]                       0x0800887c   Section        0  w25qxx.o(.text.W25QXX_Write_Data)
    __arm_cp.3_0                             0x08008980   Number         4  w25qxx.o(.text.W25QXX_Write_Data)
    __arm_cp.3_1                             0x08008984   Number         4  w25qxx.o(.text.W25QXX_Write_Data)
    [Anonymous Symbol]                       0x08008988   Section        0  usart.o(.text.fputc)
    __arm_cp.0_0                             0x080089a0   Number         4  usart.o(.text.fputc)
    __arm_cp.0_1                             0x080089a4   Number         4  usart.o(.text.fputc)
    [Anonymous Symbol]                       0x080089a8   Section        0  lora_protocol.o(.text.generate_lora_frame)
    __arm_cp.16_0                            0x08008a70   Number         4  lora_protocol.o(.text.generate_lora_frame)
    [Anonymous Symbol]                       0x08008a74   Section        0  lora_protocol.o(.text.lora_model_create_sensor_payload)
    __arm_cp.15_0                            0x08008c0c   Number         4  lora_protocol.o(.text.lora_model_create_sensor_payload)
    __arm_cp.15_1                            0x08008c10   Number         4  lora_protocol.o(.text.lora_model_create_sensor_payload)
    __arm_cp.15_2                            0x08008c14   Number         4  lora_protocol.o(.text.lora_model_create_sensor_payload)
    __arm_cp.15_3                            0x08008c18   Number         4  lora_protocol.o(.text.lora_model_create_sensor_payload)
    [Anonymous Symbol]                       0x08008c1c   Section        0  main.o(.text.main)
    __arm_cp.4_0                             0x08008de8   Number         4  main.o(.text.main)
    __arm_cp.4_1                             0x08008dec   Number         4  main.o(.text.main)
    __arm_cp.4_2                             0x08008df0   Number         4  main.o(.text.main)
    __arm_cp.4_4                             0x08008e1c   Number         4  main.o(.text.main)
    __arm_cp.4_5                             0x08008e20   Number         4  main.o(.text.main)
    __arm_cp.4_6                             0x08008e24   Number         4  main.o(.text.main)
    __arm_cp.4_7                             0x08008e28   Number         4  main.o(.text.main)
    __arm_cp.4_8                             0x08008e2c   Number         4  main.o(.text.main)
    __arm_cp.4_9                             0x08008e30   Number         4  main.o(.text.main)
    __arm_cp.4_10                            0x08008e34   Number         4  main.o(.text.main)
    __arm_cp.4_11                            0x08008e38   Number         4  main.o(.text.main)
    __arm_cp.4_12                            0x08008e3c   Number         4  main.o(.text.main)
    __arm_cp.4_13                            0x08008e40   Number         4  main.o(.text.main)
    __arm_cp.4_14                            0x08008e44   Number         4  main.o(.text.main)
    __arm_cp.4_15                            0x08008e48   Number         4  main.o(.text.main)
    [Anonymous Symbol]                       0x08008ea0   Section        0  lora.o(.text.newLoRa)
    __arm_cp.0_0                             0x08008eb8   Number         4  lora.o(.text.newLoRa)
    __arm_cp.0_1                             0x08008ebc   Number         4  lora.o(.text.newLoRa)
    [Anonymous Symbol]                       0x08008ec0   Section        0  sgp30.o(.text.sgp30_init)
    [Anonymous Symbol]                       0x08008f10   Section        0  sgp30.o(.text.sgp30_read)
    __arm_cp.3_0                             0x080090bc   Number         4  sgp30.o(.text.sgp30_read)
    i.__0printf                              0x080090c0   Section        0  printfa.o(i.__0printf)
    i.__ARM_clz                              0x080090e0   Section        0  depilogue.o(i.__ARM_clz)
    i.__aeabi_errno_addr                     0x08009110   Section        0  errno.o(i.__aeabi_errno_addr)
    i.__scatterload_copy                     0x08009118   Section       14  handlers.o(i.__scatterload_copy)
    i.__scatterload_null                     0x08009126   Section        2  handlers.o(i.__scatterload_null)
    i.__scatterload_zeroinit                 0x08009128   Section       14  handlers.o(i.__scatterload_zeroinit)
    _fp_digits                               0x08009139   Thumb Code   344  printfa.o(i._fp_digits)
    i._fp_digits                             0x08009138   Section        0  printfa.o(i._fp_digits)
    _printf_core                             0x080092ad   Thumb Code  1754  printfa.o(i._printf_core)
    i._printf_core                           0x080092ac   Section        0  printfa.o(i._printf_core)
    _printf_post_padding                     0x08009999   Thumb Code    32  printfa.o(i._printf_post_padding)
    i._printf_post_padding                   0x08009998   Section        0  printfa.o(i._printf_post_padding)
    _printf_pre_padding                      0x080099b9   Thumb Code    44  printfa.o(i._printf_pre_padding)
    i._printf_pre_padding                    0x080099b8   Section        0  printfa.o(i._printf_pre_padding)
    i.putchar                                0x080099e4   Section        0  putchar.o(i.putchar)
    i.puts                                   0x080099f4   Section        0  puts.o(i.puts)
    .constdata                               0x08009a14   Section      129  ctype_o.o(.constdata)
    table                                    0x08009a98   Data           4  ctype_o.o(.constdata)
    .constdata                               0x08009a98   Section        4  ctype_o.o(.constdata)
    [Anonymous Symbol]                       0x08009aa0   Section        0  lora.o(.rodata..L__const.LoRa_setAutoLDO.BW)
    UARTEx_SetNbDataToProcess.numerator      0x08009b50   Data           8  stm32u0xx_hal_uart_ex.o(.rodata.cst8)
    [Anonymous Symbol]                       0x08009b50   Section        0  stm32u0xx_hal_uart_ex.o(.rodata.cst8)
    UARTEx_SetNbDataToProcess.denominator    0x08009b58   Data           8  stm32u0xx_hal_uart_ex.o(.rodata.cst8)
    [Anonymous Symbol]                       0x08009b60   Section        0  main.o(.rodata.str1.1)
    [Anonymous Symbol]                       0x08009f7b   Section        0  cli_manager.o(.rodata.str1.1)
    .data                                    0x20000000   Section        4  stdout.o(.data)
    _errno                                   0x20000004   Data           4  errno.o(.data)
    .data                                    0x20000004   Section        4  errno.o(.data)
    [Anonymous Symbol]                       0x20000008   Section        0  stm32u0xx_hal.o(.data..L_MergedGlobals)
    myLoRa                                   0x20000018   Data          44  main.o(.bss..L_MergedGlobals)
    [Anonymous Symbol]                       0x20000018   Section        0  main.o(.bss..L_MergedGlobals)
    lora_send_buffer                         0x20000044   Data          45  main.o(.bss..L_MergedGlobals)
    [Anonymous Symbol]                       0x20000074   Section        0  usart.o(.bss..L_MergedGlobals)
    sp3485_rx_count                          0x200000d4   Data           1  sp3485.o(.bss..L_MergedGlobals)
    [Anonymous Symbol]                       0x200000d4   Section        0  sp3485.o(.bss..L_MergedGlobals)
    uart_rx_byte                             0x200000d5   Data           1  sp3485.o(.bss..L_MergedGlobals)
    sp3485_rx_buffer                         0x200000d6   Data          32  sp3485.o(.bss..L_MergedGlobals)
    s_key_state.2                            0x200000f8   Data           1  key_handler.o(.bss..L_MergedGlobals)
    [Anonymous Symbol]                       0x200000f8   Section        0  key_handler.o(.bss..L_MergedGlobals)
    s_key_state.3                            0x200000fc   Data           1  key_handler.o(.bss..L_MergedGlobals)
    s_key_state.0                            0x20000100   Data           4  key_handler.o(.bss..L_MergedGlobals)
    s_key_state.1                            0x20000104   Data           4  key_handler.o(.bss..L_MergedGlobals)
    s_key_state.4                            0x20000108   Data           4  key_handler.o(.bss..L_MergedGlobals)
    s_key_state.5                            0x2000010c   Data           4  key_handler.o(.bss..L_MergedGlobals)
    g_SystemState                            0x2000011c   Data           1  main.o(.bss.g_SystemState)
    [Anonymous Symbol]                       0x2000011c   Section        0  main.o(.bss.g_SystemState)
    sensor_data                              0x20000560   Data          64  main.o(.bss.sensor_data)
    [Anonymous Symbol]                       0x20000560   Section        0  main.o(.bss.sensor_data)
    STACK                                    0x200005a8   Section     1024  startup_stm32u031xx.o(STACK)

    Global Symbols

    Symbol Name                              Value     Ov Type        Size  Object(Section)

    BuildAttributes$$THM_ISAv3M$S$PE$A:L22$X:L11$S22$IEEE1$IW$~IW$USESV6$~STKCKD$USESV7$~SHL$OTIME$ROPI$EBA8$MICROLIB$REQ8$PRES8$EABIv2 0x00000000   Number         0  anon$$obj.o ABSOLUTE
    _printf_a                                0x00000000   Number         0  printfstubs.o ABSOLUTE
    _printf_c                                0x00000000   Number         0  printfstubs.o ABSOLUTE
    _printf_charcount                        0x00000000   Number         0  printfstubs.o ABSOLUTE
    _printf_d                                0x00000000   Number         0  printfstubs.o ABSOLUTE
    _printf_e                                0x00000000   Number         0  printfstubs.o ABSOLUTE
    _printf_f                                0x00000000   Number         0  printfstubs.o ABSOLUTE
    _printf_flags                            0x00000000   Number         0  printfstubs.o ABSOLUTE
    _printf_fp_dec                           0x00000000   Number         0  printfstubs.o ABSOLUTE
    _printf_fp_hex                           0x00000000   Number         0  printfstubs.o ABSOLUTE
    _printf_g                                0x00000000   Number         0  printfstubs.o ABSOLUTE
    _printf_i                                0x00000000   Number         0  printfstubs.o ABSOLUTE
    _printf_int_dec                          0x00000000   Number         0  printfstubs.o ABSOLUTE
    _printf_l                                0x00000000   Number         0  printfstubs.o ABSOLUTE
    _printf_lc                               0x00000000   Number         0  printfstubs.o ABSOLUTE
    _printf_ll                               0x00000000   Number         0  printfstubs.o ABSOLUTE
    _printf_lld                              0x00000000   Number         0  printfstubs.o ABSOLUTE
    _printf_lli                              0x00000000   Number         0  printfstubs.o ABSOLUTE
    _printf_llo                              0x00000000   Number         0  printfstubs.o ABSOLUTE
    _printf_llu                              0x00000000   Number         0  printfstubs.o ABSOLUTE
    _printf_llx                              0x00000000   Number         0  printfstubs.o ABSOLUTE
    _printf_longlong_dec                     0x00000000   Number         0  printfstubs.o ABSOLUTE
    _printf_longlong_hex                     0x00000000   Number         0  printfstubs.o ABSOLUTE
    _printf_longlong_oct                     0x00000000   Number         0  printfstubs.o ABSOLUTE
    _printf_ls                               0x00000000   Number         0  printfstubs.o ABSOLUTE
    _printf_mbtowc                           0x00000000   Number         0  printfstubs.o ABSOLUTE
    _printf_n                                0x00000000   Number         0  printfstubs.o ABSOLUTE
    _printf_o                                0x00000000   Number         0  printfstubs.o ABSOLUTE
    _printf_p                                0x00000000   Number         0  printfstubs.o ABSOLUTE
    _printf_percent                          0x00000000   Number         0  printfstubs.o ABSOLUTE
    _printf_pre_padding                      0x00000000   Number         0  printfstubs.o ABSOLUTE
    _printf_return_value                     0x00000000   Number         0  printfstubs.o ABSOLUTE
    _printf_s                                0x00000000   Number         0  printfstubs.o ABSOLUTE
    _printf_sizespec                         0x00000000   Number         0  printfstubs.o ABSOLUTE
    _printf_str                              0x00000000   Number         0  printfstubs.o ABSOLUTE
    _printf_truncate_signed                  0x00000000   Number         0  printfstubs.o ABSOLUTE
    _printf_truncate_unsigned                0x00000000   Number         0  printfstubs.o ABSOLUTE
    _printf_u                                0x00000000   Number         0  printfstubs.o ABSOLUTE
    _printf_wc                               0x00000000   Number         0  printfstubs.o ABSOLUTE
    _printf_wctomb                           0x00000000   Number         0  printfstubs.o ABSOLUTE
    _printf_widthprec                        0x00000000   Number         0  printfstubs.o ABSOLUTE
    _printf_x                                0x00000000   Number         0  printfstubs.o ABSOLUTE
    __cpp_initialize__aeabi_                  - Undefined Weak Reference
    __cxa_finalize                            - Undefined Weak Reference
    __decompress                              - Undefined Weak Reference
    _clock_init                               - Undefined Weak Reference
    _microlib_exit                            - Undefined Weak Reference
    __Vectors_Size                           0x000000c0   Number         0  startup_stm32u031xx.o ABSOLUTE
    __Vectors                                0x08000000   Data           4  startup_stm32u031xx.o(RESET)
    __Vectors_End                            0x080000c0   Data           0  startup_stm32u031xx.o(RESET)
    __main                                   0x080000c1   Thumb Code     0  entry.o(.ARM.Collect$$$$00000000)
    _main_stk                                0x080000c1   Thumb Code     0  entry2.o(.ARM.Collect$$$$00000001)
    _main_scatterload                        0x080000c5   Thumb Code     0  entry5.o(.ARM.Collect$$$$00000004)
    __main_after_scatterload                 0x080000c9   Thumb Code     0  entry5.o(.ARM.Collect$$$$00000004)
    _main_clock                              0x080000c9   Thumb Code     0  entry7b.o(.ARM.Collect$$$$00000008)
    _main_cpp_init                           0x080000c9   Thumb Code     0  entry8b.o(.ARM.Collect$$$$0000000A)
    _main_init                               0x080000c9   Thumb Code     0  entry9a.o(.ARM.Collect$$$$0000000B)
    __rt_final_cpp                           0x080000d1   Thumb Code     0  entry10a.o(.ARM.Collect$$$$0000000D)
    __rt_final_exit                          0x080000d1   Thumb Code     0  entry11a.o(.ARM.Collect$$$$0000000F)
    Reset_Handler                            0x080000d5   Thumb Code     8  startup_stm32u031xx.o(.text)
    ADC_COMP1_IRQHandler                     0x080000e7   Thumb Code     0  startup_stm32u031xx.o(.text)
    DMA1_Ch4_7_DMAMUX_OVR_IRQHandler         0x080000e7   Thumb Code     0  startup_stm32u031xx.o(.text)
    EXTI4_15_IRQHandler                      0x080000e7   Thumb Code     0  startup_stm32u031xx.o(.text)
    FLASH_ECC_IRQHandler                     0x080000e7   Thumb Code     0  startup_stm32u031xx.o(.text)
    I2C1_IRQHandler                          0x080000e7   Thumb Code     0  startup_stm32u031xx.o(.text)
    I2C2_3_IRQHandler                        0x080000e7   Thumb Code     0  startup_stm32u031xx.o(.text)
    PVD_PVM_IRQHandler                       0x080000e7   Thumb Code     0  startup_stm32u031xx.o(.text)
    RCC_CRS_IRQHandler                       0x080000e7   Thumb Code     0  startup_stm32u031xx.o(.text)
    RNG_IRQHandler                           0x080000e7   Thumb Code     0  startup_stm32u031xx.o(.text)
    SPI1_IRQHandler                          0x080000e7   Thumb Code     0  startup_stm32u031xx.o(.text)
    SPI2_IRQHandler                          0x080000e7   Thumb Code     0  startup_stm32u031xx.o(.text)
    TIM15_IRQHandler                         0x080000e7   Thumb Code     0  startup_stm32u031xx.o(.text)
    TIM16_IRQHandler                         0x080000e7   Thumb Code     0  startup_stm32u031xx.o(.text)
    TIM1_BRK_UP_TRG_COM_IRQHandler           0x080000e7   Thumb Code     0  startup_stm32u031xx.o(.text)
    TIM1_CC_IRQHandler                       0x080000e7   Thumb Code     0  startup_stm32u031xx.o(.text)
    TIM2_IRQHandler                          0x080000e7   Thumb Code     0  startup_stm32u031xx.o(.text)
    TIM3_IRQHandler                          0x080000e7   Thumb Code     0  startup_stm32u031xx.o(.text)
    TIM6_DAC_LPTIM1_IRQHandler               0x080000e7   Thumb Code     0  startup_stm32u031xx.o(.text)
    TIM7_LPTIM2_IRQHandler                   0x080000e7   Thumb Code     0  startup_stm32u031xx.o(.text)
    TSC_IRQHandler                           0x080000e7   Thumb Code     0  startup_stm32u031xx.o(.text)
    USART2_LPUART2_IRQHandler                0x080000e7   Thumb Code     0  startup_stm32u031xx.o(.text)
    USART4_IRQHandler                        0x080000e7   Thumb Code     0  startup_stm32u031xx.o(.text)
    WWDG_IWDG_IRQHandler                     0x080000e7   Thumb Code     0  startup_stm32u031xx.o(.text)
    __aeabi_uldivmod                         0x080000f1   Thumb Code    96  uldiv.o(.text)
    __aeabi_memcpy                           0x08000151   Thumb Code    36  memcpya.o(.text)
    __aeabi_memcpy4                          0x08000151   Thumb Code     0  memcpya.o(.text)
    __aeabi_memcpy8                          0x08000151   Thumb Code     0  memcpya.o(.text)
    __aeabi_memset                           0x08000175   Thumb Code    14  memseta.o(.text)
    __aeabi_memset4                          0x08000175   Thumb Code     0  memseta.o(.text)
    __aeabi_memset8                          0x08000175   Thumb Code     0  memseta.o(.text)
    __aeabi_memclr                           0x08000183   Thumb Code     4  memseta.o(.text)
    __aeabi_memclr4                          0x08000183   Thumb Code     0  memseta.o(.text)
    __aeabi_memclr8                          0x08000183   Thumb Code     0  memseta.o(.text)
    _memset$wrapper                          0x08000187   Thumb Code    18  memseta.o(.text)
    memcmp                                   0x08000199   Thumb Code    26  memcmp.o(.text)
    strtol                                   0x080001b5   Thumb Code   108  strtol.o(.text)
    atoi                                     0x08000225   Thumb Code    26  atoi.o(.text)
    __aeabi_fadd                             0x0800023f   Thumb Code   162  fadd.o(.text)
    __aeabi_fsub                             0x080002e1   Thumb Code     8  fadd.o(.text)
    __aeabi_frsub                            0x080002e9   Thumb Code     8  fadd.o(.text)
    __aeabi_fmul                             0x080002f1   Thumb Code   122  fmul.o(.text)
    __aeabi_fdiv                             0x0800036b   Thumb Code   124  fdiv.o(.text)
    __aeabi_dadd                             0x080003e9   Thumb Code   328  dadd.o(.text)
    __aeabi_dsub                             0x08000531   Thumb Code    12  dadd.o(.text)
    __aeabi_drsub                            0x0800053d   Thumb Code    12  dadd.o(.text)
    __aeabi_dmul                             0x0800054d   Thumb Code   202  dmul.o(.text)
    __aeabi_ddiv                             0x0800061d   Thumb Code   234  ddiv.o(.text)
    __aeabi_fcmple                           0x0800070d   Thumb Code    28  fcmple.o(.text)
    __aeabi_fcmpge                           0x08000729   Thumb Code    28  fcmpge.o(.text)
    __aeabi_i2f                              0x08000745   Thumb Code    22  fflti.o(.text)
    __aeabi_ui2f                             0x0800075b   Thumb Code    14  ffltui.o(.text)
    __aeabi_i2d                              0x08000769   Thumb Code    34  dflti.o(.text)
    __aeabi_ui2d                             0x08000791   Thumb Code    24  dfltui.o(.text)
    __aeabi_f2iz                             0x080007ad   Thumb Code    50  ffixi.o(.text)
    __aeabi_d2iz                             0x080007e1   Thumb Code    62  dfixi.o(.text)
    __aeabi_f2d                              0x08000829   Thumb Code    40  f2d.o(.text)
    __aeabi_uidiv                            0x08000851   Thumb Code     0  uidiv_div0.o(.text)
    __aeabi_uidivmod                         0x08000851   Thumb Code    62  uidiv_div0.o(.text)
    __aeabi_llsl                             0x0800088f   Thumb Code    32  llshl.o(.text)
    _ll_shift_l                              0x0800088f   Thumb Code     0  llshl.o(.text)
    __aeabi_llsr                             0x080008af   Thumb Code    34  llushr.o(.text)
    _ll_ushift_r                             0x080008af   Thumb Code     0  llushr.o(.text)
    __aeabi_lasr                             0x080008d1   Thumb Code    38  llsshr.o(.text)
    _ll_sshift_r                             0x080008d1   Thumb Code     0  llsshr.o(.text)
    __rt_ctype_table                         0x080008f9   Thumb Code     4  ctype_o.o(.text)
    _strtoul                                 0x08000901   Thumb Code   166  _strtoul.o(.text)
    __I$use$fp                               0x080009a7   Thumb Code     0  iusefp.o(.text)
    _float_round                             0x080009a7   Thumb Code    16  fepilogue.o(.text)
    _float_epilogue                          0x080009b7   Thumb Code   114  fepilogue.o(.text)
    _double_round                            0x08000a29   Thumb Code    26  depilogue.o(.text)
    _double_epilogue                         0x08000a43   Thumb Code   164  depilogue.o(.text)
    __aeabi_d2ulz                            0x08000ae9   Thumb Code    54  dfixul.o(.text)
    __aeabi_cdrcmple                         0x08000b29   Thumb Code    38  cdrcmple.o(.text)
    __scatterload                            0x08000b51   Thumb Code    38  init.o(.text)
    __scatterload_rt2                        0x08000b51   Thumb Code     0  init.o(.text)
    _chval                                   0x08000b81   Thumb Code    30  _chval.o(.text)
    ADC_Disable                              0x08000ba1   Thumb Code   100  stm32u0xx_hal_adc.o(.text.ADC_Disable)
    ADC_Enable                               0x08000c05   Thumb Code   204  stm32u0xx_hal_adc.o(.text.ADC_Enable)
    BH1750_GetDate                           0x08000ce1   Thumb Code   116  bh1750.o(.text.BH1750_GetDate)
    Battery_GetPercentage                    0x08000d61   Thumb Code    60  battery.o(.text.Battery_GetPercentage)
    Battery_GetVoltage                       0x08000db1   Thumb Code   312  battery.o(.text.Battery_GetVoltage)
    Battery_Init                             0x08000f05   Thumb Code    16  battery.o(.text.Battery_Init)
    CLI_Process                              0x08000f19   Thumb Code   264  cli_manager.o(.text.CLI_Process)
    Config_Load                              0x080010dd   Thumb Code   148  config_manager.o(.text.Config_Load)
    Config_Save                              0x08001171   Thumb Code   136  config_manager.o(.text.Config_Save)
    Config_SetDefault                        0x080011fd   Thumb Code    16  config_manager.o(.text.Config_SetDefault)
    Configuration_Mode_Init                  0x08001215   Thumb Code    92  main.o(.text.Configuration_Mode_Init)
    DMA1_Channel1_IRQHandler                 0x080012f9   Thumb Code    12  stm32u0xx_it.o(.text.DMA1_Channel1_IRQHandler)
    DMA1_Channel2_3_IRQHandler               0x08001309   Thumb Code    12  stm32u0xx_it.o(.text.DMA1_Channel2_3_IRQHandler)
    EXTI0_1_IRQHandler                       0x08001319   Thumb Code    10  stm32u0xx_it.o(.text.EXTI0_1_IRQHandler)
    EXTI2_3_IRQHandler                       0x08001323   Thumb Code    10  stm32u0xx_it.o(.text.EXTI2_3_IRQHandler)
    Error_Handler                            0x0800132d   Thumb Code     4  main.o(.text.Error_Handler)
    HAL_ADCEx_Calibration_Start              0x08001331   Thumb Code  1192  stm32u0xx_hal_adc_ex.o(.text.HAL_ADCEx_Calibration_Start)
    HAL_ADC_ConfigChannel                    0x080017dd   Thumb Code   536  stm32u0xx_hal_adc.o(.text.HAL_ADC_ConfigChannel)
    HAL_ADC_DeInit                           0x08001a3d   Thumb Code   292  stm32u0xx_hal_adc.o(.text.HAL_ADC_DeInit)
    HAL_ADC_GetValue                         0x08001b79   Thumb Code     6  stm32u0xx_hal_adc.o(.text.HAL_ADC_GetValue)
    HAL_ADC_Init                             0x08001b81   Thumb Code   564  stm32u0xx_hal_adc.o(.text.HAL_ADC_Init)
    HAL_ADC_MspDeInit                        0x08001dcd   Thumb Code    36  adc.o(.text.HAL_ADC_MspDeInit)
    HAL_ADC_MspInit                          0x08001df5   Thumb Code   116  adc.o(.text.HAL_ADC_MspInit)
    HAL_ADC_PollForConversion                0x08001e71   Thumb Code   250  stm32u0xx_hal_adc.o(.text.HAL_ADC_PollForConversion)
    HAL_ADC_Start                            0x08001f6d   Thumb Code    92  stm32u0xx_hal_adc.o(.text.HAL_ADC_Start)
    HAL_ADC_Stop                             0x08001fcd   Thumb Code   196  stm32u0xx_hal_adc.o(.text.HAL_ADC_Stop)
    HAL_CRCEx_Polynomial_Set                 0x08002095   Thumb Code    80  stm32u0xx_hal_crc_ex.o(.text.HAL_CRCEx_Polynomial_Set)
    HAL_CRC_Init                             0x080020f1   Thumb Code   124  stm32u0xx_hal_crc.o(.text.HAL_CRC_Init)
    HAL_CRC_MspInit                          0x08002171   Thumb Code    40  crc.o(.text.HAL_CRC_MspInit)
    HAL_DMA_Abort                            0x080021a1   Thumb Code   112  stm32u0xx_hal_dma.o(.text.HAL_DMA_Abort)
    HAL_DMA_Abort_IT                         0x08002211   Thumb Code   108  stm32u0xx_hal_dma.o(.text.HAL_DMA_Abort_IT)
    HAL_DMA_DeInit                           0x08002281   Thumb Code   156  stm32u0xx_hal_dma.o(.text.HAL_DMA_DeInit)
    HAL_DMA_GetError                         0x0800231d   Thumb Code     4  stm32u0xx_hal_dma.o(.text.HAL_DMA_GetError)
    HAL_DMA_IRQHandler                       0x08002321   Thumb Code   228  stm32u0xx_hal_dma.o(.text.HAL_DMA_IRQHandler)
    HAL_DMA_Init                             0x08002409   Thumb Code   236  stm32u0xx_hal_dma.o(.text.HAL_DMA_Init)
    HAL_DMA_Start_IT                         0x08002509   Thumb Code   200  stm32u0xx_hal_dma.o(.text.HAL_DMA_Start_IT)
    HAL_Delay                                0x080025d5   Thumb Code    32  stm32u0xx_hal.o(.text.HAL_Delay)
    HAL_GPIO_DeInit                          0x080025f9   Thumb Code   240  stm32u0xx_hal_gpio.o(.text.HAL_GPIO_DeInit)
    HAL_GPIO_EXTI_Falling_Callback           0x080026e9   Thumb Code     8  stm32u0xx_it.o(.text.HAL_GPIO_EXTI_Falling_Callback)
    HAL_GPIO_EXTI_IRQHandler                 0x080026f1   Thumb Code    36  stm32u0xx_hal_gpio.o(.text.HAL_GPIO_EXTI_IRQHandler)
    HAL_GPIO_EXTI_Rising_Callback            0x08002719   Thumb Code     8  stm32u0xx_it.o(.text.HAL_GPIO_EXTI_Rising_Callback)
    HAL_GPIO_Init                            0x08002721   Thumb Code   396  stm32u0xx_hal_gpio.o(.text.HAL_GPIO_Init)
    HAL_GPIO_ReadPin                         0x080028b9   Thumb Code    10  stm32u0xx_hal_gpio.o(.text.HAL_GPIO_ReadPin)
    HAL_GPIO_WritePin                        0x080028c3   Thumb Code    16  stm32u0xx_hal_gpio.o(.text.HAL_GPIO_WritePin)
    HAL_GetTick                              0x080028d5   Thumb Code     8  stm32u0xx_hal.o(.text.HAL_GetTick)
    HAL_I2CEx_ConfigAnalogFilter             0x080028e1   Thumb Code    66  stm32u0xx_hal_i2c_ex.o(.text.HAL_I2CEx_ConfigAnalogFilter)
    HAL_I2CEx_ConfigDigitalFilter            0x08002923   Thumb Code    66  stm32u0xx_hal_i2c_ex.o(.text.HAL_I2CEx_ConfigDigitalFilter)
    HAL_I2C_DeInit                           0x08002965   Thumb Code    48  stm32u0xx_hal_i2c.o(.text.HAL_I2C_DeInit)
    HAL_I2C_Init                             0x08002995   Thumb Code   172  stm32u0xx_hal_i2c.o(.text.HAL_I2C_Init)
    HAL_I2C_Master_Receive                   0x08002a49   Thumb Code   408  stm32u0xx_hal_i2c.o(.text.HAL_I2C_Master_Receive)
    HAL_I2C_Master_Transmit                  0x08002be9   Thumb Code   408  stm32u0xx_hal_i2c.o(.text.HAL_I2C_Master_Transmit)
    HAL_I2C_MspDeInit                        0x08002d9d   Thumb Code    72  i2c.o(.text.HAL_I2C_MspDeInit)
    HAL_I2C_MspInit                          0x08002df1   Thumb Code   244  i2c.o(.text.HAL_I2C_MspInit)
    HAL_IncTick                              0x08002ef9   Thumb Code    16  stm32u0xx_hal.o(.text.HAL_IncTick)
    HAL_Init                                 0x08002f0d   Thumb Code    26  stm32u0xx_hal.o(.text.HAL_Init)
    HAL_InitTick                             0x08002f29   Thumb Code    64  stm32u0xx_hal.o(.text.HAL_InitTick)
    HAL_MspInit                              0x08002f6d   Thumb Code    40  stm32u0xx_hal_msp.o(.text.HAL_MspInit)
    HAL_NVIC_DisableIRQ                      0x08002f99   Thumb Code    28  stm32u0xx_hal_cortex.o(.text.HAL_NVIC_DisableIRQ)
    HAL_NVIC_EnableIRQ                       0x08002fb9   Thumb Code    20  stm32u0xx_hal_cortex.o(.text.HAL_NVIC_EnableIRQ)
    HAL_NVIC_SetPriority                     0x08002fd1   Thumb Code    48  stm32u0xx_hal_cortex.o(.text.HAL_NVIC_SetPriority)
    HAL_NVIC_SystemReset                     0x08003009   Thumb Code    24  stm32u0xx_hal_cortex.o(.text.HAL_NVIC_SystemReset)
    HAL_PWREx_ControlVoltageScaling          0x08003029   Thumb Code   124  stm32u0xx_hal_pwr_ex.o(.text.HAL_PWREx_ControlVoltageScaling)
    HAL_PWREx_EnterSTOP2Mode                 0x080030ad   Thumb Code    64  stm32u0xx_hal_pwr_ex.o(.text.HAL_PWREx_EnterSTOP2Mode)
    HAL_PWREx_GetVoltageRange                0x080030f1   Thumb Code    12  stm32u0xx_hal_pwr_ex.o(.text.HAL_PWREx_GetVoltageRange)
    HAL_PWR_EnableBkUpAccess                 0x080030fd   Thumb Code    16  stm32u0xx_hal_pwr.o(.text.HAL_PWR_EnableBkUpAccess)
    HAL_RCCEx_GetPLLClockFreq                0x08003111   Thumb Code   180  stm32u0xx_hal_rcc_ex.o(.text.HAL_RCCEx_GetPLLClockFreq)
    HAL_RCCEx_GetPeriphCLKFreq               0x080031d1   Thumb Code   708  stm32u0xx_hal_rcc_ex.o(.text.HAL_RCCEx_GetPeriphCLKFreq)
    HAL_RCCEx_PeriphCLKConfig                0x080034b9   Thumb Code   568  stm32u0xx_hal_rcc_ex.o(.text.HAL_RCCEx_PeriphCLKConfig)
    HAL_RCC_ClockConfig                      0x08003701   Thumb Code   308  stm32u0xx_hal_rcc.o(.text.HAL_RCC_ClockConfig)
    HAL_RCC_GetPCLK1Freq                     0x08003845   Thumb Code    24  stm32u0xx_hal_rcc.o(.text.HAL_RCC_GetPCLK1Freq)
    HAL_RCC_GetSysClockFreq                  0x08003869   Thumb Code   180  stm32u0xx_hal_rcc.o(.text.HAL_RCC_GetSysClockFreq)
    HAL_RCC_OscConfig                        0x08003941   Thumb Code  1508  stm32u0xx_hal_rcc.o(.text.HAL_RCC_OscConfig)
    HAL_RTCEx_DeactivateWakeUpTimer          0x08003f45   Thumb Code    44  stm32u0xx_hal_rtc_ex.o(.text.HAL_RTCEx_DeactivateWakeUpTimer)
    HAL_RTCEx_SetWakeUpTimer_IT              0x08003f71   Thumb Code   196  stm32u0xx_hal_rtc_ex.o(.text.HAL_RTCEx_SetWakeUpTimer_IT)
    HAL_RTCEx_WakeUpTimerEventCallback       0x0800403d   Thumb Code     2  stm32u0xx_it.o(.text.HAL_RTCEx_WakeUpTimerEventCallback)
    HAL_RTCEx_WakeUpTimerIRQHandler          0x08004041   Thumb Code    32  stm32u0xx_hal_rtc_ex.o(.text.HAL_RTCEx_WakeUpTimerIRQHandler)
    HAL_RTC_Init                             0x08004065   Thumb Code   240  stm32u0xx_hal_rtc.o(.text.HAL_RTC_Init)
    HAL_RTC_MspInit                          0x08004159   Thumb Code   100  rtc.o(.text.HAL_RTC_MspInit)
    HAL_RTC_SetDate                          0x080041c5   Thumb Code   332  stm32u0xx_hal_rtc.o(.text.HAL_RTC_SetDate)
    HAL_RTC_SetTime                          0x08004315   Thumb Code   384  stm32u0xx_hal_rtc.o(.text.HAL_RTC_SetTime)
    HAL_ResumeTick                           0x0800449d   Thumb Code    12  stm32u0xx_hal.o(.text.HAL_ResumeTick)
    HAL_SPI_DeInit                           0x080044ad   Thumb Code    44  stm32u0xx_hal_spi.o(.text.HAL_SPI_DeInit)
    HAL_SPI_GetState                         0x080044d9   Thumb Code     6  stm32u0xx_hal_spi.o(.text.HAL_SPI_GetState)
    HAL_SPI_Init                             0x080044e1   Thumb Code   236  stm32u0xx_hal_spi.o(.text.HAL_SPI_Init)
    HAL_SPI_MspDeInit                        0x080045d1   Thumb Code    60  spi.o(.text.HAL_SPI_MspDeInit)
    HAL_SPI_MspInit                          0x08004611   Thumb Code   140  spi.o(.text.HAL_SPI_MspInit)
    HAL_SPI_Receive                          0x080046ad   Thumb Code   552  stm32u0xx_hal_spi.o(.text.HAL_SPI_Receive)
    HAL_SPI_Transmit                         0x080048d5   Thumb Code   536  stm32u0xx_hal_spi.o(.text.HAL_SPI_Transmit)
    HAL_SPI_TransmitReceive                  0x08004af1   Thumb Code   748  stm32u0xx_hal_spi.o(.text.HAL_SPI_TransmitReceive)
    HAL_SYSTICK_Config                       0x08004de1   Thumb Code    40  stm32u0xx_hal_cortex.o(.text.HAL_SYSTICK_Config)
    HAL_SuspendTick                          0x08004e11   Thumb Code    12  stm32u0xx_hal.o(.text.HAL_SuspendTick)
    HAL_UARTEx_DisableFifoMode               0x08004e21   Thumb Code    54  stm32u0xx_hal_uart_ex.o(.text.HAL_UARTEx_DisableFifoMode)
    HAL_UARTEx_ReceiveToIdle_DMA             0x08004e57   Thumb Code   112  stm32u0xx_hal_uart_ex.o(.text.HAL_UARTEx_ReceiveToIdle_DMA)
    HAL_UARTEx_RxEventCallback               0x08004ec9   Thumb Code    32  usart.o(.text.HAL_UARTEx_RxEventCallback)
    HAL_UARTEx_RxFifoFullCallback            0x08004ef1   Thumb Code     2  stm32u0xx_hal_uart_ex.o(.text.HAL_UARTEx_RxFifoFullCallback)
    HAL_UARTEx_SetRxFifoThreshold            0x08004ef5   Thumb Code   128  stm32u0xx_hal_uart_ex.o(.text.HAL_UARTEx_SetRxFifoThreshold)
    HAL_UARTEx_SetTxFifoThreshold            0x08004f75   Thumb Code   128  stm32u0xx_hal_uart_ex.o(.text.HAL_UARTEx_SetTxFifoThreshold)
    HAL_UARTEx_TxFifoEmptyCallback           0x08004ffd   Thumb Code     2  stm32u0xx_hal_uart_ex.o(.text.HAL_UARTEx_TxFifoEmptyCallback)
    HAL_UARTEx_WakeupCallback                0x08004fff   Thumb Code     2  stm32u0xx_hal_uart_ex.o(.text.HAL_UARTEx_WakeupCallback)
    HAL_UART_DMAStop                         0x08005001   Thumb Code   284  stm32u0xx_hal_uart.o(.text.HAL_UART_DMAStop)
    HAL_UART_DeInit                          0x08005121   Thumb Code    58  stm32u0xx_hal_uart.o(.text.HAL_UART_DeInit)
    HAL_UART_ErrorCallback                   0x0800515d   Thumb Code    20  stm32u0xx_it.o(.text.HAL_UART_ErrorCallback)
    HAL_UART_IRQHandler                      0x08005175   Thumb Code  1140  stm32u0xx_hal_uart.o(.text.HAL_UART_IRQHandler)
    HAL_UART_Init                            0x080055f5   Thumb Code   112  stm32u0xx_hal_uart.o(.text.HAL_UART_Init)
    HAL_UART_MspDeInit                       0x08005665   Thumb Code    92  usart.o(.text.HAL_UART_MspDeInit)
    HAL_UART_MspInit                         0x080056c5   Thumb Code   336  usart.o(.text.HAL_UART_MspInit)
    HAL_UART_Receive_IT                      0x08005825   Thumb Code   124  stm32u0xx_hal_uart.o(.text.HAL_UART_Receive_IT)
    HAL_UART_RxCpltCallback                  0x080058a5   Thumb Code    48  stm32u0xx_it.o(.text.HAL_UART_RxCpltCallback)
    HAL_UART_RxHalfCpltCallback              0x080058e5   Thumb Code     2  stm32u0xx_hal_uart.o(.text.HAL_UART_RxHalfCpltCallback)
    HAL_UART_Transmit                        0x080058e9   Thumb Code   396  stm32u0xx_hal_uart.o(.text.HAL_UART_Transmit)
    HAL_UART_TxCpltCallback                  0x08005a79   Thumb Code     2  stm32u0xx_hal_uart.o(.text.HAL_UART_TxCpltCallback)
    HardFault_Handler                        0x08005a7b   Thumb Code     2  stm32u0xx_it.o(.text.HardFault_Handler)
    Init_BH1750                              0x08005ee9   Thumb Code    28  bh1750.o(.text.Init_BH1750)
    Key_EXTI_Callback                        0x08005f09   Thumb Code    84  key_handler.o(.text.Key_EXTI_Callback)
    Key_Init                                 0x08005f5d   Thumb Code    20  key_handler.o(.text.Key_Init)
    LoRa_BurstWrite                          0x08005f75   Thumb Code    90  lora.o(.text.LoRa_BurstWrite)
    LoRa_init                                0x08005fd1   Thumb Code   748  lora.o(.text.LoRa_init)
    LoRa_readReg                             0x080062c1   Thumb Code    86  lora.o(.text.LoRa_readReg)
    LoRa_setSpreadingFactor                  0x08006319   Thumb Code   196  lora.o(.text.LoRa_setSpreadingFactor)
    LoRa_transmit                            0x080063e1   Thumb Code   562  lora.o(.text.LoRa_transmit)
    LoRa_writeReg                            0x08006613   Thumb Code    86  lora.o(.text.LoRa_writeReg)
    MX_ADC1_Init                             0x08006669   Thumb Code   108  adc.o(.text.MX_ADC1_Init)
    MX_CRC_Init                              0x080066e1   Thumb Code    52  crc.o(.text.MX_CRC_Init)
    MX_DMA_Init                              0x08006725   Thumb Code    68  dma.o(.text.MX_DMA_Init)
    MX_GPIO_Init                             0x0800676d   Thumb Code   396  gpio.o(.text.MX_GPIO_Init)
    MX_I2C1_Init                             0x08006909   Thumb Code    76  i2c.o(.text.MX_I2C1_Init)
    MX_I2C2_Init                             0x0800695d   Thumb Code    76  i2c.o(.text.MX_I2C2_Init)
    MX_I2C3_Init                             0x080069b1   Thumb Code    76  i2c.o(.text.MX_I2C3_Init)
    MX_LPUART1_UART_Init                     0x08006a09   Thumb Code    96  usart.o(.text.MX_LPUART1_UART_Init)
    MX_RTC_Init                              0x08006a71   Thumb Code   132  rtc.o(.text.MX_RTC_Init)
    MX_SPI1_Init                             0x08006b01   Thumb Code    64  spi.o(.text.MX_SPI1_Init)
    MX_SPI2_Init                             0x08006b49   Thumb Code    64  spi.o(.text.MX_SPI2_Init)
    MX_USART1_UART_Init                      0x08006b91   Thumb Code    96  usart.o(.text.MX_USART1_UART_Init)
    NMI_Handler                              0x08006bf9   Thumb Code     2  stm32u0xx_it.o(.text.NMI_Handler)
    PendSV_Handler                           0x08006bfb   Thumb Code     2  stm32u0xx_it.o(.text.PendSV_Handler)
    Perform_Sensor_Transmission              0x08006bfd   Thumb Code   412  main.o(.text.Perform_Sensor_Transmission)
    Peripherals_Init                         0x08006e6d   Thumb Code   360  main.o(.text.Peripherals_Init)
    RTC_TAMP_IRQHandler                      0x080070c1   Thumb Code    12  stm32u0xx_it.o(.text.RTC_TAMP_IRQHandler)
    SHT40_Read_RHData                        0x080070d1   Thumb Code   152  sht40.o(.text.SHT40_Read_RHData)
    SP3485_Init                              0x08007179   Thumb Code    28  sp3485.o(.text.SP3485_Init)
    SP3485_Read_Holding_Registers            0x08007195   Thumb Code   460  sp3485.o(.text.SP3485_Read_Holding_Registers)
    SP3485_Read_Soil_Full_Data               0x08007365   Thumb Code   148  sp3485.o(.text.SP3485_Read_Soil_Full_Data)
    SP3485_UART_RxCpltCallback               0x080073fd   Thumb Code    48  sp3485.o(.text.SP3485_UART_RxCpltCallback)
    SVC_Handler                              0x08007665   Thumb Code     2  stm32u0xx_it.o(.text.SVC_Handler)
    SysTick_Handler                          0x08007667   Thumb Code     8  stm32u0xx_it.o(.text.SysTick_Handler)
    SystemClock_Config                       0x08007671   Thumb Code   132  main.o(.text.SystemClock_Config)
    SystemInit                               0x080076f9   Thumb Code    40  system_stm32u0xx.o(.text.SystemInit)
    UART_AdvFeatureConfig                    0x0800772d   Thumb Code   210  stm32u0xx_hal_uart.o(.text.UART_AdvFeatureConfig)
    UART_CheckIdleState                      0x08007801   Thumb Code   204  stm32u0xx_hal_uart.o(.text.UART_CheckIdleState)
    UART_SetConfig                           0x080080c5   Thumb Code   420  stm32u0xx_hal_uart.o(.text.UART_SetConfig)
    UART_Start_Receive_DMA                   0x080082a1   Thumb Code   160  stm32u0xx_hal_uart.o(.text.UART_Start_Receive_DMA)
    UART_Start_Receive_IT                    0x0800834d   Thumb Code   296  stm32u0xx_hal_uart.o(.text.UART_Start_Receive_IT)
    UART_WaitOnFlagUntilTimeout              0x08008489   Thumb Code   448  stm32u0xx_hal_uart.o(.text.UART_WaitOnFlagUntilTimeout)
    USART1_IRQHandler                        0x0800864d   Thumb Code    12  stm32u0xx_it.o(.text.USART1_IRQHandler)
    USART1_Start_DMA_Reception               0x08008659   Thumb Code    16  usart.o(.text.USART1_Start_DMA_Reception)
    USART3_LPUART1_IRQHandler                0x0800866d   Thumb Code    12  stm32u0xx_it.o(.text.USART3_LPUART1_IRQHandler)
    W25QXX_Erase_Sector                      0x0800867d   Thumb Code   180  w25qxx.o(.text.W25QXX_Erase_Sector)
    W25QXX_Init                              0x08008731   Thumb Code   140  w25qxx.o(.text.W25QXX_Init)
    W25QXX_Read_Data                         0x08008829   Thumb Code    84  w25qxx.o(.text.W25QXX_Read_Data)
    W25QXX_Write_Data                        0x0800887d   Thumb Code   260  w25qxx.o(.text.W25QXX_Write_Data)
    fputc                                    0x08008989   Thumb Code    24  usart.o(.text.fputc)
    generate_lora_frame                      0x080089a9   Thumb Code   200  lora_protocol.o(.text.generate_lora_frame)
    lora_model_create_sensor_payload         0x08008a75   Thumb Code   408  lora_protocol.o(.text.lora_model_create_sensor_payload)
    main                                     0x08008c1d   Thumb Code   460  main.o(.text.main)
    newLoRa                                  0x08008ea1   Thumb Code    24  lora.o(.text.newLoRa)
    sgp30_init                               0x08008ec1   Thumb Code    80  sgp30.o(.text.sgp30_init)
    sgp30_read                               0x08008f11   Thumb Code   428  sgp30.o(.text.sgp30_read)
    __0printf                                0x080090c1   Thumb Code    24  printfa.o(i.__0printf)
    __1printf                                0x080090c1   Thumb Code     0  printfa.o(i.__0printf)
    __2printf                                0x080090c1   Thumb Code     0  printfa.o(i.__0printf)
    __c89printf                              0x080090c1   Thumb Code     0  printfa.o(i.__0printf)
    printf                                   0x080090c1   Thumb Code     0  printfa.o(i.__0printf)
    __ARM_clz                                0x080090e1   Thumb Code    46  depilogue.o(i.__ARM_clz)
    __aeabi_errno_addr                       0x08009111   Thumb Code     4  errno.o(i.__aeabi_errno_addr)
    __rt_errno_addr                          0x08009111   Thumb Code     0  errno.o(i.__aeabi_errno_addr)
    __scatterload_copy                       0x08009119   Thumb Code    14  handlers.o(i.__scatterload_copy)
    __scatterload_null                       0x08009127   Thumb Code     2  handlers.o(i.__scatterload_null)
    __scatterload_zeroinit                   0x08009129   Thumb Code    14  handlers.o(i.__scatterload_zeroinit)
    putchar                                  0x080099e5   Thumb Code    10  putchar.o(i.putchar)
    puts                                     0x080099f5   Thumb Code    28  puts.o(i.puts)
    __ctype_table                            0x08009a14   Data         129  ctype_o.o(.constdata)
    AHBPrescTable                            0x08009af0   Data          16  system_stm32u0xx.o(.rodata.AHBPrescTable)
    APBPrescTable                            0x08009b00   Data           8  system_stm32u0xx.o(.rodata.APBPrescTable)
    MSIRangeTable                            0x08009b08   Data          48  system_stm32u0xx.o(.rodata.MSIRangeTable)
    UARTPrescTable                           0x08009b38   Data          24  stm32u0xx_hal_uart.o(.rodata.UARTPrescTable)
    Region$$Table$$Base                      0x0800a068   Number         0  anon$$obj.o(Region$$Table)
    Region$$Table$$Limit                     0x0800a088   Number         0  anon$$obj.o(Region$$Table)
    __stdout                                 0x20000000   Data           4  stdout.o(.data)
    uwTickPrio                               0x20000008   Data           4  stm32u0xx_hal.o(.data..L_MergedGlobals)
    uwTickFreq                               0x2000000c   Data           4  stm32u0xx_hal.o(.data..L_MergedGlobals)
    SystemCoreClock                          0x20000010   Data           4  system_stm32u0xx.o(.data.SystemCoreClock)
    g_usart1_new_data_flag                   0x20000074   Data           1  usart.o(.bss..L_MergedGlobals)
    g_usart1_rx_len                          0x20000076   Data           2  usart.o(.bss..L_MergedGlobals)
    hdma_usart1_rx                           0x20000078   Data          92  usart.o(.bss..L_MergedGlobals)
    g_DeviceConfig                           0x20000110   Data          12  config_manager.o(.bss.g_DeviceConfig)
    g_usart1_rx_buffer                       0x2000011d   Data          64  usart.o(.bss.g_usart1_rx_buffer)
    hadc1                                    0x20000160   Data         100  adc.o(.bss.hadc1)
    hcrc                                     0x200001c4   Data          36  crc.o(.bss.hcrc)
    hdma_usart1_tx                           0x200001e8   Data          92  usart.o(.bss.hdma_usart1_tx)
    hi2c1                                    0x20000244   Data          84  i2c.o(.bss.hi2c1)
    hi2c2                                    0x20000298   Data          84  i2c.o(.bss.hi2c2)
    hi2c3                                    0x200002ec   Data          84  i2c.o(.bss.hi2c3)
    hlpuart1                                 0x20000340   Data         148  usart.o(.bss.hlpuart1)
    hrtc                                     0x200003d4   Data          48  rtc.o(.bss.hrtc)
    hspi1                                    0x20000404   Data         100  spi.o(.bss.hspi1)
    hspi2                                    0x20000468   Data         100  spi.o(.bss.hspi2)
    huart1                                   0x200004cc   Data         148  usart.o(.bss.huart1)
    uwTick                                   0x200005a0   Data           4  stm32u0xx_hal.o(.bss.uwTick)
    __initial_sp                             0x200009a8   Data           0  startup_stm32u031xx.o(STACK)



==============================================================================

Memory Map of the image

  Image Entry point : 0x080000c1

  Load Region LR_IROM1 (Base: 0x08000000, Size: 0x0000a0a0, Max: 0x00010000, ABSOLUTE)

    Execution Region ER_IROM1 (Exec base: 0x08000000, Load base: 0x08000000, Size: 0x0000a088, Max: 0x00010000, ABSOLUTE)

    Exec Addr    Load Addr    Size         Type   Attr      Idx    E Section Name        Object

    0x08000000   0x08000000   0x000000c0   Data   RO            3    RESET               startup_stm32u031xx.o
    0x080000c0   0x080000c0   0x00000000   Code   RO         1747  * .ARM.Collect$$$$00000000  mc_p.l(entry.o)
    0x080000c0   0x080000c0   0x00000004   Code   RO         2067    .ARM.Collect$$$$00000001  mc_p.l(entry2.o)
    0x080000c4   0x080000c4   0x00000004   Code   RO         2070    .ARM.Collect$$$$00000004  mc_p.l(entry5.o)
    0x080000c8   0x080000c8   0x00000000   Code   RO         2072    .ARM.Collect$$$$00000008  mc_p.l(entry7b.o)
    0x080000c8   0x080000c8   0x00000000   Code   RO         2074    .ARM.Collect$$$$0000000A  mc_p.l(entry8b.o)
    0x080000c8   0x080000c8   0x00000008   Code   RO         2075    .ARM.Collect$$$$0000000B  mc_p.l(entry9a.o)
    0x080000d0   0x080000d0   0x00000000   Code   RO         2077    .ARM.Collect$$$$0000000D  mc_p.l(entry10a.o)
    0x080000d0   0x080000d0   0x00000000   Code   RO         2079    .ARM.Collect$$$$0000000F  mc_p.l(entry11a.o)
    0x080000d0   0x080000d0   0x00000004   Code   RO         2068    .ARM.Collect$$$$00002712  mc_p.l(entry2.o)
    0x080000d4   0x080000d4   0x0000001c   Code   RO            4    .text               startup_stm32u031xx.o
    0x080000f0   0x080000f0   0x00000060   Code   RO         1762    .text               mc_p.l(uldiv.o)
    0x08000150   0x08000150   0x00000024   Code   RO         1764    .text               mc_p.l(memcpya.o)
    0x08000174   0x08000174   0x00000024   Code   RO         1766    .text               mc_p.l(memseta.o)
    0x08000198   0x08000198   0x0000001a   Code   RO         1768    .text               mc_p.l(memcmp.o)
    0x080001b2   0x080001b2   0x00000002   PAD
    0x080001b4   0x080001b4   0x00000070   Code   RO         2033    .text               mc_p.l(strtol.o)
    0x08000224   0x08000224   0x0000001a   Code   RO         2035    .text               mc_p.l(atoi.o)
    0x0800023e   0x0800023e   0x000000b2   Code   RO         2037    .text               mf_p.l(fadd.o)
    0x080002f0   0x080002f0   0x0000007a   Code   RO         2039    .text               mf_p.l(fmul.o)
    0x0800036a   0x0800036a   0x0000007c   Code   RO         2041    .text               mf_p.l(fdiv.o)
    0x080003e6   0x080003e6   0x00000002   PAD
    0x080003e8   0x080003e8   0x00000164   Code   RO         2043    .text               mf_p.l(dadd.o)
    0x0800054c   0x0800054c   0x000000d0   Code   RO         2045    .text               mf_p.l(dmul.o)
    0x0800061c   0x0800061c   0x000000f0   Code   RO         2047    .text               mf_p.l(ddiv.o)
    0x0800070c   0x0800070c   0x0000001c   Code   RO         2049    .text               mf_p.l(fcmple.o)
    0x08000728   0x08000728   0x0000001c   Code   RO         2051    .text               mf_p.l(fcmpge.o)
    0x08000744   0x08000744   0x00000016   Code   RO         2053    .text               mf_p.l(fflti.o)
    0x0800075a   0x0800075a   0x0000000e   Code   RO         2055    .text               mf_p.l(ffltui.o)
    0x08000768   0x08000768   0x00000028   Code   RO         2057    .text               mf_p.l(dflti.o)
    0x08000790   0x08000790   0x0000001c   Code   RO         2059    .text               mf_p.l(dfltui.o)
    0x080007ac   0x080007ac   0x00000032   Code   RO         2061    .text               mf_p.l(ffixi.o)
    0x080007de   0x080007de   0x00000002   PAD
    0x080007e0   0x080007e0   0x00000048   Code   RO         2063    .text               mf_p.l(dfixi.o)
    0x08000828   0x08000828   0x00000028   Code   RO         2065    .text               mf_p.l(f2d.o)
    0x08000850   0x08000850   0x0000003e   Code   RO         2086    .text               mc_p.l(uidiv_div0.o)
    0x0800088e   0x0800088e   0x00000020   Code   RO         2092    .text               mc_p.l(llshl.o)
    0x080008ae   0x080008ae   0x00000022   Code   RO         2094    .text               mc_p.l(llushr.o)
    0x080008d0   0x080008d0   0x00000026   Code   RO         2096    .text               mc_p.l(llsshr.o)
    0x080008f6   0x080008f6   0x00000002   PAD
    0x080008f8   0x080008f8   0x00000008   Code   RO         2098    .text               mc_p.l(ctype_o.o)
    0x08000900   0x08000900   0x000000a6   Code   RO         2133    .text               mc_p.l(_strtoul.o)
    0x080009a6   0x080009a6   0x00000000   Code   RO         2135    .text               mc_p.l(iusefp.o)
    0x080009a6   0x080009a6   0x00000082   Code   RO         2136    .text               mf_p.l(fepilogue.o)
    0x08000a28   0x08000a28   0x000000be   Code   RO         2138    .text               mf_p.l(depilogue.o)
    0x08000ae6   0x08000ae6   0x00000002   PAD
    0x08000ae8   0x08000ae8   0x00000040   Code   RO         2142    .text               mf_p.l(dfixul.o)
    0x08000b28   0x08000b28   0x00000028   Code   RO         2144    .text               mf_p.l(cdrcmple.o)
    0x08000b50   0x08000b50   0x00000030   Code   RO         2146    .text               mc_p.l(init.o)
    0x08000b80   0x08000b80   0x0000001e   Code   RO         2148    .text               mc_p.l(_chval.o)
    0x08000b9e   0x08000b9e   0x00000002   PAD
    0x08000ba0   0x08000ba0   0x00000064   Code   RO          231    .text.ADC_Disable   stm32u0xx_hal_adc.o
    0x08000c04   0x08000c04   0x000000dc   Code   RO          237    .text.ADC_Enable    stm32u0xx_hal_adc.o
    0x08000ce0   0x08000ce0   0x00000080   Code   RO         1511    .text.BH1750_GetDate  bh1750.o
    0x08000d60   0x08000d60   0x00000050   Code   RO         1646    .text.Battery_GetPercentage  battery.o
    0x08000db0   0x08000db0   0x00000154   Code   RO         1644    .text.Battery_GetVoltage  battery.o
    0x08000f04   0x08000f04   0x00000014   Code   RO         1642    .text.Battery_Init  battery.o
    0x08000f18   0x08000f18   0x000001c4   Code   RO         1737    .text.CLI_Process   cli_manager.o
    0x080010dc   0x080010dc   0x00000094   Code   RO         1707    .text.Config_Load   config_manager.o
    0x08001170   0x08001170   0x0000008c   Code   RO         1709    .text.Config_Save   config_manager.o
    0x080011fc   0x080011fc   0x00000018   Code   RO         1705    .text.Config_SetDefault  config_manager.o
    0x08001214   0x08001214   0x000000e4   Code   RO           17    .text.Configuration_Mode_Init  main.o
    0x080012f8   0x080012f8   0x00000010   Code   RO          189    .text.DMA1_Channel1_IRQHandler  stm32u0xx_it.o
    0x08001308   0x08001308   0x00000010   Code   RO          191    .text.DMA1_Channel2_3_IRQHandler  stm32u0xx_it.o
    0x08001318   0x08001318   0x0000000a   Code   RO          185    .text.EXTI0_1_IRQHandler  stm32u0xx_it.o
    0x08001322   0x08001322   0x0000000a   Code   RO          187    .text.EXTI2_3_IRQHandler  stm32u0xx_it.o
    0x0800132c   0x0800132c   0x00000004   Code   RO           29    .text.Error_Handler  main.o
    0x08001330   0x08001330   0x000004ac   Code   RO          291    .text.HAL_ADCEx_Calibration_Start  stm32u0xx_hal_adc_ex.o
    0x080017dc   0x080017dc   0x00000260   Code   RO          275    .text.HAL_ADC_ConfigChannel  stm32u0xx_hal_adc.o
    0x08001a3c   0x08001a3c   0x0000013c   Code   RO          227    .text.HAL_ADC_DeInit  stm32u0xx_hal_adc.o
    0x08001b78   0x08001b78   0x00000006   Code   RO          259    .text.HAL_ADC_GetValue  stm32u0xx_hal_adc.o
    0x08001b7e   0x08001b7e   0x00000002   PAD
    0x08001b80   0x08001b80   0x0000024c   Code   RO          223    .text.HAL_ADC_Init  stm32u0xx_hal_adc.o
    0x08001dcc   0x08001dcc   0x00000028   Code   RO           56    .text.HAL_ADC_MspDeInit  adc.o
    0x08001df4   0x08001df4   0x0000007c   Code   RO           54    .text.HAL_ADC_MspInit  adc.o
    0x08001e70   0x08001e70   0x000000fa   Code   RO          241    .text.HAL_ADC_PollForConversion  stm32u0xx_hal_adc.o
    0x08001f6a   0x08001f6a   0x00000002   PAD
    0x08001f6c   0x08001f6c   0x00000060   Code   RO          235    .text.HAL_ADC_Start  stm32u0xx_hal_adc.o
    0x08001fcc   0x08001fcc   0x000000c8   Code   RO          239    .text.HAL_ADC_Stop  stm32u0xx_hal_adc.o
    0x08002094   0x08002094   0x0000005c   Code   RO          819    .text.HAL_CRCEx_Polynomial_Set  stm32u0xx_hal_crc_ex.o
    0x080020f0   0x080020f0   0x00000080   Code   RO          797    .text.HAL_CRC_Init  stm32u0xx_hal_crc.o
    0x08002170   0x08002170   0x00000030   Code   RO           69    .text.HAL_CRC_MspInit  crc.o
    0x080021a0   0x080021a0   0x00000070   Code   RO          497    .text.HAL_DMA_Abort  stm32u0xx_hal_dma.o
    0x08002210   0x08002210   0x00000070   Code   RO          499    .text.HAL_DMA_Abort_IT  stm32u0xx_hal_dma.o
    0x08002280   0x08002280   0x0000009c   Code   RO          491    .text.HAL_DMA_DeInit  stm32u0xx_hal_dma.o
    0x0800231c   0x0800231c   0x00000004   Code   RO          511    .text.HAL_DMA_GetError  stm32u0xx_hal_dma.o
    0x08002320   0x08002320   0x000000e8   Code   RO          503    .text.HAL_DMA_IRQHandler  stm32u0xx_hal_dma.o
    0x08002408   0x08002408   0x00000100   Code   RO          489    .text.HAL_DMA_Init  stm32u0xx_hal_dma.o
    0x08002508   0x08002508   0x000000cc   Code   RO          495    .text.HAL_DMA_Start_IT  stm32u0xx_hal_dma.o
    0x080025d4   0x080025d4   0x00000024   Code   RO          711    .text.HAL_Delay     stm32u0xx_hal.o
    0x080025f8   0x080025f8   0x000000f0   Code   RO          465    .text.HAL_GPIO_DeInit  stm32u0xx_hal_gpio.o
    0x080026e8   0x080026e8   0x00000008   Code   RO          203    .text.HAL_GPIO_EXTI_Falling_Callback  stm32u0xx_it.o
    0x080026f0   0x080026f0   0x00000028   Code   RO          475    .text.HAL_GPIO_EXTI_IRQHandler  stm32u0xx_hal_gpio.o
    0x08002718   0x08002718   0x00000008   Code   RO          201    .text.HAL_GPIO_EXTI_Rising_Callback  stm32u0xx_it.o
    0x08002720   0x08002720   0x00000198   Code   RO          463    .text.HAL_GPIO_Init  stm32u0xx_hal_gpio.o
    0x080028b8   0x080028b8   0x0000000a   Code   RO          467    .text.HAL_GPIO_ReadPin  stm32u0xx_hal_gpio.o
    0x080028c2   0x080028c2   0x00000010   Code   RO          469    .text.HAL_GPIO_WritePin  stm32u0xx_hal_gpio.o
    0x080028d2   0x080028d2   0x00000002   PAD
    0x080028d4   0x080028d4   0x0000000c   Code   RO          703    .text.HAL_GetTick   stm32u0xx_hal.o
    0x080028e0   0x080028e0   0x00000042   Code   RO          987    .text.HAL_I2CEx_ConfigAnalogFilter  stm32u0xx_hal_i2c_ex.o
    0x08002922   0x08002922   0x00000042   Code   RO          989    .text.HAL_I2CEx_ConfigDigitalFilter  stm32u0xx_hal_i2c_ex.o
    0x08002964   0x08002964   0x00000030   Code   RO          837    .text.HAL_I2C_DeInit  stm32u0xx_hal_i2c.o
    0x08002994   0x08002994   0x000000b4   Code   RO          833    .text.HAL_I2C_Init  stm32u0xx_hal_i2c.o
    0x08002a48   0x08002a48   0x000001a0   Code   RO          849    .text.HAL_I2C_Master_Receive  stm32u0xx_hal_i2c.o
    0x08002be8   0x08002be8   0x000001b4   Code   RO          841    .text.HAL_I2C_Master_Transmit  stm32u0xx_hal_i2c.o
    0x08002d9c   0x08002d9c   0x00000054   Code   RO           98    .text.HAL_I2C_MspDeInit  i2c.o
    0x08002df0   0x08002df0   0x00000108   Code   RO           96    .text.HAL_I2C_MspInit  i2c.o
    0x08002ef8   0x08002ef8   0x00000014   Code   RO          701    .text.HAL_IncTick   stm32u0xx_hal.o
    0x08002f0c   0x08002f0c   0x0000001a   Code   RO          691    .text.HAL_Init      stm32u0xx_hal.o
    0x08002f26   0x08002f26   0x00000002   PAD
    0x08002f28   0x08002f28   0x00000044   Code   RO          693    .text.HAL_InitTick  stm32u0xx_hal.o
    0x08002f6c   0x08002f6c   0x0000002c   Code   RO          215    .text.HAL_MspInit   stm32u0xx_hal_msp.o
    0x08002f98   0x08002f98   0x00000020   Code   RO          653    .text.HAL_NVIC_DisableIRQ  stm32u0xx_hal_cortex.o
    0x08002fb8   0x08002fb8   0x00000018   Code   RO          651    .text.HAL_NVIC_EnableIRQ  stm32u0xx_hal_cortex.o
    0x08002fd0   0x08002fd0   0x00000038   Code   RO          649    .text.HAL_NVIC_SetPriority  stm32u0xx_hal_cortex.o
    0x08003008   0x08003008   0x00000020   Code   RO          655    .text.HAL_NVIC_SystemReset  stm32u0xx_hal_cortex.o
    0x08003028   0x08003028   0x00000084   Code   RO          581    .text.HAL_PWREx_ControlVoltageScaling  stm32u0xx_hal_pwr_ex.o
    0x080030ac   0x080030ac   0x00000044   Code   RO          591    .text.HAL_PWREx_EnterSTOP2Mode  stm32u0xx_hal_pwr_ex.o
    0x080030f0   0x080030f0   0x0000000c   Code   RO          583    .text.HAL_PWREx_GetVoltageRange  stm32u0xx_hal_pwr_ex.o
    0x080030fc   0x080030fc   0x00000014   Code   RO          541    .text.HAL_PWR_EnableBkUpAccess  stm32u0xx_hal_pwr.o
    0x08003110   0x08003110   0x000000c0   Code   RO          356    .text.HAL_RCCEx_GetPLLClockFreq  stm32u0xx_hal_rcc_ex.o
    0x080031d0   0x080031d0   0x000002e8   Code   RO          354    .text.HAL_RCCEx_GetPeriphCLKFreq  stm32u0xx_hal_rcc_ex.o
    0x080034b8   0x080034b8   0x00000248   Code   RO          350    .text.HAL_RCCEx_PeriphCLKConfig  stm32u0xx_hal_rcc_ex.o
    0x08003700   0x08003700   0x00000144   Code   RO          322    .text.HAL_RCC_ClockConfig  stm32u0xx_hal_rcc.o
    0x08003844   0x08003844   0x00000024   Code   RO          328    .text.HAL_RCC_GetPCLK1Freq  stm32u0xx_hal_rcc.o
    0x08003868   0x08003868   0x000000d8   Code   RO          320    .text.HAL_RCC_GetSysClockFreq  stm32u0xx_hal_rcc.o
    0x08003940   0x08003940   0x00000604   Code   RO          318    .text.HAL_RCC_OscConfig  stm32u0xx_hal_rcc.o
    0x08003f44   0x08003f44   0x0000002c   Code   RO         1272    .text.HAL_RTCEx_DeactivateWakeUpTimer  stm32u0xx_hal_rtc_ex.o
    0x08003f70   0x08003f70   0x000000cc   Code   RO         1270    .text.HAL_RTCEx_SetWakeUpTimer_IT  stm32u0xx_hal_rtc_ex.o
    0x0800403c   0x0800403c   0x00000002   Code   RO          205    .text.HAL_RTCEx_WakeUpTimerEventCallback  stm32u0xx_it.o
    0x0800403e   0x0800403e   0x00000002   PAD
    0x08004040   0x08004040   0x00000024   Code   RO         1276    .text.HAL_RTCEx_WakeUpTimerIRQHandler  stm32u0xx_hal_rtc_ex.o
    0x08004064   0x08004064   0x000000f4   Code   RO         1190    .text.HAL_RTC_Init  stm32u0xx_hal_rtc.o
    0x08004158   0x08004158   0x0000006c   Code   RO          142    .text.HAL_RTC_MspInit  rtc.o
    0x080041c4   0x080041c4   0x00000150   Code   RO         1210    .text.HAL_RTC_SetDate  stm32u0xx_hal_rtc.o
    0x08004314   0x08004314   0x00000188   Code   RO         1202    .text.HAL_RTC_SetTime  stm32u0xx_hal_rtc.o
    0x0800449c   0x0800449c   0x00000010   Code   RO          715    .text.HAL_ResumeTick  stm32u0xx_hal.o
    0x080044ac   0x080044ac   0x0000002c   Code   RO         1366    .text.HAL_SPI_DeInit  stm32u0xx_hal_spi.o
    0x080044d8   0x080044d8   0x00000006   Code   RO         1460    .text.HAL_SPI_GetState  stm32u0xx_hal_spi.o
    0x080044de   0x080044de   0x00000002   PAD
    0x080044e0   0x080044e0   0x000000f0   Code   RO         1362    .text.HAL_SPI_Init  stm32u0xx_hal_spi.o
    0x080045d0   0x080045d0   0x00000040   Code   RO          161    .text.HAL_SPI_MspDeInit  spi.o
    0x08004610   0x08004610   0x0000009c   Code   RO          159    .text.HAL_SPI_MspInit  spi.o
    0x080046ac   0x080046ac   0x00000228   Code   RO         1372    .text.HAL_SPI_Receive  stm32u0xx_hal_spi.o
    0x080048d4   0x080048d4   0x0000021c   Code   RO         1370    .text.HAL_SPI_Transmit  stm32u0xx_hal_spi.o
    0x08004af0   0x08004af0   0x000002f0   Code   RO         1374    .text.HAL_SPI_TransmitReceive  stm32u0xx_hal_spi.o
    0x08004de0   0x08004de0   0x00000030   Code   RO          657    .text.HAL_SYSTICK_Config  stm32u0xx_hal_cortex.o
    0x08004e10   0x08004e10   0x00000010   Code   RO          713    .text.HAL_SuspendTick  stm32u0xx_hal.o
    0x08004e20   0x08004e20   0x00000036   Code   RO         1167    .text.HAL_UARTEx_DisableFifoMode  stm32u0xx_hal_uart_ex.o
    0x08004e56   0x08004e56   0x00000070   Code   RO         1177    .text.HAL_UARTEx_ReceiveToIdle_DMA  stm32u0xx_hal_uart_ex.o
    0x08004ec6   0x08004ec6   0x00000002   PAD
    0x08004ec8   0x08004ec8   0x00000028   Code   RO          117    .text.HAL_UARTEx_RxEventCallback  usart.o
    0x08004ef0   0x08004ef0   0x00000002   Code   RO         1153    .text.HAL_UARTEx_RxFifoFullCallback  stm32u0xx_hal_uart_ex.o
    0x08004ef2   0x08004ef2   0x00000002   PAD
    0x08004ef4   0x08004ef4   0x00000080   Code   RO         1171    .text.HAL_UARTEx_SetRxFifoThreshold  stm32u0xx_hal_uart_ex.o
    0x08004f74   0x08004f74   0x00000088   Code   RO         1169    .text.HAL_UARTEx_SetTxFifoThreshold  stm32u0xx_hal_uart_ex.o
    0x08004ffc   0x08004ffc   0x00000002   Code   RO         1155    .text.HAL_UARTEx_TxFifoEmptyCallback  stm32u0xx_hal_uart_ex.o
    0x08004ffe   0x08004ffe   0x00000002   Code   RO         1151    .text.HAL_UARTEx_WakeupCallback  stm32u0xx_hal_uart_ex.o
    0x08005000   0x08005000   0x00000120   Code   RO         1062    .text.HAL_UART_DMAStop  stm32u0xx_hal_uart.o
    0x08005120   0x08005120   0x0000003a   Code   RO         1022    .text.HAL_UART_DeInit  stm32u0xx_hal_uart.o
    0x0800515a   0x0800515a   0x00000002   PAD
    0x0800515c   0x0800515c   0x00000018   Code   RO          199    .text.HAL_UART_ErrorCallback  stm32u0xx_it.o
    0x08005174   0x08005174   0x00000480   Code   RO         1090    .text.HAL_UART_IRQHandler  stm32u0xx_hal_uart.o
    0x080055f4   0x080055f4   0x00000070   Code   RO         1006    .text.HAL_UART_Init  stm32u0xx_hal_uart.o
    0x08005664   0x08005664   0x00000060   Code   RO          125    .text.HAL_UART_MspDeInit  usart.o
    0x080056c4   0x080056c4   0x00000160   Code   RO          123    .text.HAL_UART_MspInit  usart.o
    0x08005824   0x08005824   0x00000080   Code   RO         1042    .text.HAL_UART_Receive_IT  stm32u0xx_hal_uart.o
    0x080058a4   0x080058a4   0x00000040   Code   RO          197    .text.HAL_UART_RxCpltCallback  stm32u0xx_it.o
    0x080058e4   0x080058e4   0x00000002   Code   RO         1104    .text.HAL_UART_RxHalfCpltCallback  stm32u0xx_hal_uart.o
    0x080058e6   0x080058e6   0x00000002   PAD
    0x080058e8   0x080058e8   0x00000190   Code   RO         1026    .text.HAL_UART_Transmit  stm32u0xx_hal_uart.o
    0x08005a78   0x08005a78   0x00000002   Code   RO         1098    .text.HAL_UART_TxCpltCallback  stm32u0xx_hal_uart.o
    0x08005a7a   0x08005a7a   0x00000002   Code   RO          175    .text.HardFault_Handler  stm32u0xx_it.o
    0x08005a7c   0x08005a7c   0x00000178   Code   RO          977    .text.I2C_IsErrorOccurred  stm32u0xx_hal_i2c.o
    0x08005bf4   0x08005bf4   0x000000fa   Code   RO          843    .text.I2C_WaitOnFlagUntilTimeout  stm32u0xx_hal_i2c.o
    0x08005cee   0x08005cee   0x00000002   PAD
    0x08005cf0   0x08005cf0   0x000000cc   Code   RO          851    .text.I2C_WaitOnRXNEFlagUntilTimeout  stm32u0xx_hal_i2c.o
    0x08005dbc   0x08005dbc   0x00000086   Code   RO          847    .text.I2C_WaitOnSTOPFlagUntilTimeout  stm32u0xx_hal_i2c.o
    0x08005e42   0x08005e42   0x000000a6   Code   RO          845    .text.I2C_WaitOnTXISFlagUntilTimeout  stm32u0xx_hal_i2c.o
    0x08005ee8   0x08005ee8   0x00000020   Code   RO         1507    .text.Init_BH1750   bh1750.o
    0x08005f08   0x08005f08   0x00000054   Code   RO         1726    .text.Key_EXTI_Callback  key_handler.o
    0x08005f5c   0x08005f5c   0x00000018   Code   RO         1720    .text.Key_Init      key_handler.o
    0x08005f74   0x08005f74   0x0000005a   Code   RO         1551    .text.LoRa_BurstWrite  lora.o
    0x08005fce   0x08005fce   0x00000002   PAD
    0x08005fd0   0x08005fd0   0x000002f0   Code   RO         1563    .text.LoRa_init     lora.o
    0x080062c0   0x080062c0   0x00000056   Code   RO         1531    .text.LoRa_readReg  lora.o
    0x08006316   0x08006316   0x00000002   PAD
    0x08006318   0x08006318   0x000000c8   Code   RO         1541    .text.LoRa_setSpreadingFactor  lora.o
    0x080063e0   0x080063e0   0x00000232   Code   RO         1555    .text.LoRa_transmit  lora.o
    0x08006612   0x08006612   0x00000056   Code   RO         1533    .text.LoRa_writeReg  lora.o
    0x08006668   0x08006668   0x00000078   Code   RO           52    .text.MX_ADC1_Init  adc.o
    0x080066e0   0x080066e0   0x00000044   Code   RO           67    .text.MX_CRC_Init   crc.o
    0x08006724   0x08006724   0x00000048   Code   RO           82    .text.MX_DMA_Init   dma.o
    0x0800676c   0x0800676c   0x0000019c   Code   RO           44    .text.MX_GPIO_Init  gpio.o
    0x08006908   0x08006908   0x00000054   Code   RO           90    .text.MX_I2C1_Init  i2c.o
    0x0800695c   0x0800695c   0x00000054   Code   RO           92    .text.MX_I2C2_Init  i2c.o
    0x080069b0   0x080069b0   0x00000058   Code   RO           94    .text.MX_I2C3_Init  i2c.o
    0x08006a08   0x08006a08   0x00000068   Code   RO          119    .text.MX_LPUART1_UART_Init  usart.o
    0x08006a70   0x08006a70   0x00000090   Code   RO          140    .text.MX_RTC_Init   rtc.o
    0x08006b00   0x08006b00   0x00000048   Code   RO          155    .text.MX_SPI1_Init  spi.o
    0x08006b48   0x08006b48   0x00000048   Code   RO          157    .text.MX_SPI2_Init  spi.o
    0x08006b90   0x08006b90   0x00000068   Code   RO          121    .text.MX_USART1_UART_Init  usart.o
    0x08006bf8   0x08006bf8   0x00000002   Code   RO          173    .text.NMI_Handler   stm32u0xx_it.o
    0x08006bfa   0x08006bfa   0x00000002   Code   RO          179    .text.PendSV_Handler  stm32u0xx_it.o
    0x08006bfc   0x08006bfc   0x00000270   Code   RO           25    .text.Perform_Sensor_Transmission  main.o
    0x08006e6c   0x08006e6c   0x00000254   Code   RO           23    .text.Peripherals_Init  main.o
    0x080070c0   0x080070c0   0x00000010   Code   RO          183    .text.RTC_TAMP_IRQHandler  stm32u0xx_it.o
    0x080070d0   0x080070d0   0x000000a8   Code   RO         1590    .text.SHT40_Read_RHData  sht40.o
    0x08007178   0x08007178   0x0000001c   Code   RO         1599    .text.SP3485_Init   sp3485.o
    0x08007194   0x08007194   0x000001d0   Code   RO         1603    .text.SP3485_Read_Holding_Registers  sp3485.o
    0x08007364   0x08007364   0x00000098   Code   RO         1609    .text.SP3485_Read_Soil_Full_Data  sp3485.o
    0x080073fc   0x080073fc   0x00000038   Code   RO         1601    .text.SP3485_UART_RxCpltCallback  sp3485.o
    0x08007434   0x08007434   0x00000160   Code   RO         1424    .text.SPI_WaitFifoStateUntilTimeout  stm32u0xx_hal_spi.o
    0x08007594   0x08007594   0x000000d0   Code   RO         1426    .text.SPI_WaitFlagStateUntilTimeout  stm32u0xx_hal_spi.o
    0x08007664   0x08007664   0x00000002   Code   RO          177    .text.SVC_Handler   stm32u0xx_it.o
    0x08007666   0x08007666   0x00000008   Code   RO          181    .text.SysTick_Handler  stm32u0xx_it.o
    0x0800766e   0x0800766e   0x00000002   PAD
    0x08007670   0x08007670   0x00000088   Code   RO           21    .text.SystemClock_Config  main.o
    0x080076f8   0x080076f8   0x00000034   Code   RO         1489    .text.SystemInit    system_stm32u0xx.o
    0x0800772c   0x0800772c   0x000000d2   Code   RO         1010    .text.UART_AdvFeatureConfig  stm32u0xx_hal_uart.o
    0x080077fe   0x080077fe   0x00000002   PAD
    0x08007800   0x08007800   0x000000d0   Code   RO         1014    .text.UART_CheckIdleState  stm32u0xx_hal_uart.o
    0x080078d0   0x080078d0   0x00000016   Code   RO         1092    .text.UART_DMAAbortOnError  stm32u0xx_hal_uart.o
    0x080078e6   0x080078e6   0x00000002   PAD
    0x080078e8   0x080078e8   0x000000d8   Code   RO         1052    .text.UART_DMAError  stm32u0xx_hal_uart.o
    0x080079c0   0x080079c0   0x0000009a   Code   RO         1136    .text.UART_DMAReceiveCplt  stm32u0xx_hal_uart.o
    0x08007a5a   0x08007a5a   0x00000020   Code   RO         1138    .text.UART_DMARxHalfCplt  stm32u0xx_hal_uart.o
    0x08007a7a   0x08007a7a   0x00000002   PAD
    0x08007a7c   0x08007a7c   0x000000dc   Code   RO         1132    .text.UART_RxISR_16BIT  stm32u0xx_hal_uart.o
    0x08007b58   0x08007b58   0x000002a0   Code   RO         1128    .text.UART_RxISR_16BIT_FIFOEN  stm32u0xx_hal_uart.o
    0x08007df8   0x08007df8   0x000000e4   Code   RO         1134    .text.UART_RxISR_8BIT  stm32u0xx_hal_uart.o
    0x08007edc   0x08007edc   0x000001e8   Code   RO         1130    .text.UART_RxISR_8BIT_FIFOEN  stm32u0xx_hal_uart.o
    0x080080c4   0x080080c4   0x000001dc   Code   RO         1012    .text.UART_SetConfig  stm32u0xx_hal_uart.o
    0x080082a0   0x080082a0   0x000000ac   Code   RO         1056    .text.UART_Start_Receive_DMA  stm32u0xx_hal_uart.o
    0x0800834c   0x0800834c   0x0000013c   Code   RO         1044    .text.UART_Start_Receive_IT  stm32u0xx_hal_uart.o
    0x08008488   0x08008488   0x000001c4   Code   RO         1028    .text.UART_WaitOnFlagUntilTimeout  stm32u0xx_hal_uart.o
    0x0800864c   0x0800864c   0x0000000c   Code   RO          193    .text.USART1_IRQHandler  stm32u0xx_it.o
    0x08008658   0x08008658   0x00000014   Code   RO          115    .text.USART1_Start_DMA_Reception  usart.o
    0x0800866c   0x0800866c   0x00000010   Code   RO          195    .text.USART3_LPUART1_IRQHandler  stm32u0xx_it.o
    0x0800867c   0x0800867c   0x000000b4   Code   RO         1632    .text.W25QXX_Erase_Sector  w25qxx.o
    0x08008730   0x08008730   0x000000f8   Code   RO         1622    .text.W25QXX_Init   w25qxx.o
    0x08008828   0x08008828   0x00000054   Code   RO         1626    .text.W25QXX_Read_Data  w25qxx.o
    0x0800887c   0x0800887c   0x0000010c   Code   RO         1628    .text.W25QXX_Write_Data  w25qxx.o
    0x08008988   0x08008988   0x00000020   Code   RO          111    .text.fputc         usart.o
    0x080089a8   0x080089a8   0x000000cc   Code   RO         1688    .text.generate_lora_frame  lora_protocol.o
    0x08008a74   0x08008a74   0x000001a8   Code   RO         1686    .text.lora_model_create_sensor_payload  lora_protocol.o
    0x08008c1c   0x08008c1c   0x00000284   Code   RO           19    .text.main          main.o
    0x08008ea0   0x08008ea0   0x00000020   Code   RO         1521    .text.newLoRa       lora.o
    0x08008ec0   0x08008ec0   0x00000050   Code   RO         1578    .text.sgp30_init    sgp30.o
    0x08008f10   0x08008f10   0x000001b0   Code   RO         1580    .text.sgp30_read    sgp30.o
    0x080090c0   0x080090c0   0x00000020   Code   RO         2005    i.__0printf         mc_p.l(printfa.o)
    0x080090e0   0x080090e0   0x0000002e   Code   RO         2140    i.__ARM_clz         mf_p.l(depilogue.o)
    0x0800910e   0x0800910e   0x00000002   PAD
    0x08009110   0x08009110   0x00000008   Code   RO         2126    i.__aeabi_errno_addr  mc_p.l(errno.o)
    0x08009118   0x08009118   0x0000000e   Code   RO         2152    i.__scatterload_copy  mc_p.l(handlers.o)
    0x08009126   0x08009126   0x00000002   Code   RO         2153    i.__scatterload_null  mc_p.l(handlers.o)
    0x08009128   0x08009128   0x0000000e   Code   RO         2154    i.__scatterload_zeroinit  mc_p.l(handlers.o)
    0x08009136   0x08009136   0x00000002   PAD
    0x08009138   0x08009138   0x00000174   Code   RO         2012    i._fp_digits        mc_p.l(printfa.o)
    0x080092ac   0x080092ac   0x000006ec   Code   RO         2013    i._printf_core      mc_p.l(printfa.o)
    0x08009998   0x08009998   0x00000020   Code   RO         2014    i._printf_post_padding  mc_p.l(printfa.o)
    0x080099b8   0x080099b8   0x0000002c   Code   RO         2015    i._printf_pre_padding  mc_p.l(printfa.o)
    0x080099e4   0x080099e4   0x00000010   Code   RO         1752    i.putchar           mc_p.l(putchar.o)
    0x080099f4   0x080099f4   0x00000020   Code   RO         1750    i.puts              mc_p.l(puts.o)
    0x08009a14   0x08009a14   0x00000081   Data   RO         2099    .constdata          mc_p.l(ctype_o.o)
    0x08009a95   0x08009a95   0x00000003   PAD
    0x08009a98   0x08009a98   0x00000004   Data   RO         2100    .constdata          mc_p.l(ctype_o.o)
    0x08009a9c   0x08009a9c   0x00000004   PAD
    0x08009aa0   0x08009aa0   0x00000050   Data   RO         1565    .rodata..L__const.LoRa_setAutoLDO.BW  lora.o
    0x08009af0   0x08009af0   0x00000010   Data   RO         1494    .rodata.AHBPrescTable  system_stm32u0xx.o
    0x08009b00   0x08009b00   0x00000008   Data   RO         1495    .rodata.APBPrescTable  system_stm32u0xx.o
    0x08009b08   0x08009b08   0x00000030   Data   RO         1496    .rodata.MSIRangeTable  system_stm32u0xx.o
    0x08009b38   0x08009b38   0x00000018   Data   RO         1140    .rodata.UARTPrescTable  stm32u0xx_hal_uart.o
    0x08009b50   0x08009b50   0x00000010   Data   RO         1181    .rodata.cst8        stm32u0xx_hal_uart_ex.o
    0x08009b60   0x08009b60   0x0000041b   Data   RO           31    .rodata.str1.1      main.o
    0x08009f7b   0x08009f7b   0x000000ec   Data   RO         1739    .rodata.str1.1      cli_manager.o
    0x0800a067   0x0800a067   0x00000001   PAD
    0x0800a068   0x0800a068   0x00000020   Data   RO         2151    Region$$Table       anon$$obj.o


    Execution Region RW_IRAM1 (Exec base: 0x20000000, Load base: 0x0800a088, Size: 0x000009a8, Max: 0x00002000, ABSOLUTE)

    Exec Addr    Load Addr    Size         Type   Attr      Idx    E Section Name        Object

    0x20000000   0x0800a088   0x00000004   Data   RW         2081    .data               mc_p.l(stdout.o)
    0x20000004   0x0800a08c   0x00000004   Data   RW         2129    .data               mc_p.l(errno.o)
    0x20000008   0x0800a090   0x00000008   Data   RW          762    .data..L_MergedGlobals  stm32u0xx_hal.o
    0x20000010   0x0800a098   0x00000004   Data   RW         1493    .data.SystemCoreClock  system_stm32u0xx.o
    0x20000014   0x0800a09c   0x00000004   PAD
    0x20000018        -       0x00000059   Zero   RW           35    .bss..L_MergedGlobals  main.o
    0x20000071   0x0800a09c   0x00000003   PAD
    0x20000074        -       0x00000060   Zero   RW          131    .bss..L_MergedGlobals  usart.o
    0x200000d4        -       0x00000022   Zero   RW         1613    .bss..L_MergedGlobals  sp3485.o
    0x200000f6   0x0800a09c   0x00000002   PAD
    0x200000f8        -       0x00000018   Zero   RW         1728    .bss..L_MergedGlobals  key_handler.o
    0x20000110        -       0x0000000c   Zero   RW         1711    .bss.g_DeviceConfig  config_manager.o
    0x2000011c        -       0x00000001   Zero   RW           32    .bss.g_SystemState  main.o
    0x2000011d        -       0x00000040   Zero   RW          128    .bss.g_usart1_rx_buffer  usart.o
    0x2000015d   0x0800a09c   0x00000003   PAD
    0x20000160        -       0x00000064   Zero   RW           58    .bss.hadc1          adc.o
    0x200001c4        -       0x00000024   Zero   RW           73    .bss.hcrc           crc.o
    0x200001e8        -       0x0000005c   Zero   RW          130    .bss.hdma_usart1_tx  usart.o
    0x20000244        -       0x00000054   Zero   RW          100    .bss.hi2c1          i2c.o
    0x20000298        -       0x00000054   Zero   RW          101    .bss.hi2c2          i2c.o
    0x200002ec        -       0x00000054   Zero   RW          102    .bss.hi2c3          i2c.o
    0x20000340        -       0x00000094   Zero   RW          129    .bss.hlpuart1       usart.o
    0x200003d4        -       0x00000030   Zero   RW          146    .bss.hrtc           rtc.o
    0x20000404        -       0x00000064   Zero   RW          163    .bss.hspi1          spi.o
    0x20000468        -       0x00000064   Zero   RW          164    .bss.hspi2          spi.o
    0x200004cc        -       0x00000094   Zero   RW          127    .bss.huart1         usart.o
    0x20000560        -       0x00000040   Zero   RW           33    .bss.sensor_data    main.o
    0x200005a0        -       0x00000004   Zero   RW          761    .bss.uwTick         stm32u0xx_hal.o
    0x200005a4   0x0800a09c   0x00000004   PAD
    0x200005a8        -       0x00000400   Zero   RW            1    STACK               startup_stm32u031xx.o


==============================================================================

Image component sizes


      Code (inc. data)   RO Data    RW Data    ZI Data      Debug   Object Name

       284         24          0          0        100       6338   adc.o
       440         52          0          0          0       4054   battery.o
       160         16          0          0          0       2872   bh1750.o
       452        188        236          0          0       1392   cli_manager.o
       312         12          0          0         12       2340   config_manager.o
       116         24          0          0         36       3122   crc.o
        72          4          0          0          0       2316   dma.o
       412         16          0          0          0       3168   gpio.o
       604         60          0          0        252       6947   i2c.o
       108          4          0          0         24       2486   key_handler.o
      1808         72         80          0          0      20863   lora.o
       628         20          0          0          0      11536   lora_protocol.o
      2232        772       1051          0        154      13200   main.o
       252         20          0          0         48       5459   rtc.o
       512          4          0          0          0       7899   sgp30.o
       168         16          0          0          0       1932   sht40.o
       700         16          0          0         34       9134   sp3485.o
       364         36          0          0        200       5842   spi.o
        28          8        192          0       1024        620   startup_stm32u031xx.o
       194         24          0          8          4       7382   stm32u0xx_hal.o
      2384        144          0          0          0      23294   stm32u0xx_hal_adc.o
      1196         20          0          0          0       9995   stm32u0xx_hal_adc_ex.o
       192         32          0          0          0       7002   stm32u0xx_hal_cortex.o
       128          4          0          0          0       8016   stm32u0xx_hal_crc.o
        92         16          0          0          0       2875   stm32u0xx_hal_crc_ex.o
      1076         32          0          0          0       9192   stm32u0xx_hal_dma.o
       714         16          0          0          0       4730   stm32u0xx_hal_gpio.o
      2210         48          0          0          0      68166   stm32u0xx_hal_i2c.o
       132          0          0          0          0       5154   stm32u0xx_hal_i2c_ex.o
        44          4          0          0          0       1562   stm32u0xx_hal_msp.o
        20          4          0          0          0       5159   stm32u0xx_hal_pwr.o
       212         12          0          0          0       7662   stm32u0xx_hal_pwr_ex.o
      2116        132          0          0          0      10947   stm32u0xx_hal_rcc.o
      1520        228          0          0          0      10661   stm32u0xx_hal_rcc_ex.o
       972         16          0          0          0      15432   stm32u0xx_hal_rtc.o
       284         12          0          0          0      17691   stm32u0xx_hal_rtc_ex.o
      2694         16          0          0          0      26913   stm32u0xx_hal_spi.o
      6008        148         24          0          0      49768   stm32u0xx_hal_uart.o
       436          8         16          0          0      12189   stm32u0xx_hal_uart_ex.o
       218         36          0          0          0       6869   stm32u0xx_it.o
        52         12         72          4          0       3461   system_stm32u0xx.o
       748         56          0          0        548       8999   usart.o
       780        116          0          0          0       5437   w25qxx.o

    ----------------------------------------------------------------------
     34108       2500       1704         12       2452     440076   Object Totals
         0          0         32          0          0          0   (incl. Generated)
        34          0          1          0         16          0   (incl. Padding)

    ----------------------------------------------------------------------

      Code (inc. data)   RO Data    RW Data    ZI Data      Debug   Library Member Name

        30          0          0          0          0         60   _chval.o
       166          0          0          0          0         84   _strtoul.o
        26          0          0          0          0         72   atoi.o
         8          4        133          0          0         60   ctype_o.o
         0          0          0          0          0          0   entry.o
         0          0          0          0          0          0   entry10a.o
         0          0          0          0          0          0   entry11a.o
         8          4          0          0          0          0   entry2.o
         4          0          0          0          0          0   entry5.o
         0          0          0          0          0          0   entry7b.o
         0          0          0          0          0          0   entry8b.o
         8          4          0          0          0          0   entry9a.o
         8          4          0          4          0         60   errno.o
        30          0          0          0          0          0   handlers.o
        48         10          0          0          0         68   init.o
         0          0          0          0          0          0   iusefp.o
        32          0          0          0          0         68   llshl.o
        38          0          0          0          0         68   llsshr.o
        34          0          0          0          0         68   llushr.o
        26          0          0          0          0         72   memcmp.o
        36          0          0          0          0         60   memcpya.o
        36          0          0          0          0        100   memseta.o
      2252         98          0          0          0        412   printfa.o
        16          6          0          0          0         68   putchar.o
        32          4          0          0          0         68   puts.o
         0          0          0          4          0          0   stdout.o
       112          4          0          0          0         76   strtol.o
        62          0          0          0          0         72   uidiv_div0.o
        96          0          0          0          0         84   uldiv.o
        40          2          0          0          0         68   cdrcmple.o
       356          4          0          0          0        140   dadd.o
       240          6          0          0          0         84   ddiv.o
       236          0          0          0          0        216   depilogue.o
        72         10          0          0          0         72   dfixi.o
        64         10          0          0          0         68   dfixul.o
        40          6          0          0          0         68   dflti.o
        28          4          0          0          0         68   dfltui.o
       208          6          0          0          0         88   dmul.o
        40          0          0          0          0         60   f2d.o
       178          0          0          0          0        108   fadd.o
        28          0          0          0          0         60   fcmpge.o
        28          0          0          0          0         60   fcmple.o
       124          0          0          0          0         72   fdiv.o
       130          0          0          0          0        144   fepilogue.o
        50          0          0          0          0         60   ffixi.o
        22          0          0          0          0         68   fflti.o
        14          0          0          0          0         68   ffltui.o
       122          0          0          0          0         72   fmul.o

    ----------------------------------------------------------------------
      5144        186        140          8          0       3264   Library Totals
        16          0          7          0          0          0   (incl. Padding)

    ----------------------------------------------------------------------

      Code (inc. data)   RO Data    RW Data    ZI Data      Debug   Library Name

      3108        138        133          8          0       1620   mc_p.l
      2020         48          0          0          0       1644   mf_p.l

    ----------------------------------------------------------------------
      5144        186        140          8          0       3264   Library Totals

    ----------------------------------------------------------------------

==============================================================================


      Code (inc. data)   RO Data    RW Data    ZI Data      Debug   

     39252       2686       1844         20       2452     440992   Grand Totals
     39252       2686       1844         20       2452     440992   ELF Image Totals
     39252       2686       1844         20          0          0   ROM Totals

==============================================================================

    Total RO  Size (Code + RO Data)                41096 (  40.13kB)
    Total RW  Size (RW Data + ZI Data)              2472 (   2.41kB)
    Total ROM Size (Code + RO Data + RW Data)      41116 (  40.15kB)

==============================================================================

